Archive member included to satisfy reference by file (symbol)

D:\Facultad\Digitales II\Repositorio MCU\lpc_chip_175x_6x\Debug\liblpc_chip_175x_6x.a(chip_17xx_40xx.o)
                              ./freeRTOS/src/port.o (SystemCoreClock)
D:\Facultad\Digitales II\Repositorio MCU\lpc_chip_175x_6x\Debug\liblpc_chip_175x_6x.a(clock_17xx_40xx.o)
                              D:\Facultad\Digitales II\Repositorio MCU\lpc_chip_175x_6x\Debug\liblpc_chip_175x_6x.a(chip_17xx_40xx.o) (Chip_Clock_EnablePLL)
D:\Facultad\Digitales II\Repositorio MCU\lpc_chip_175x_6x\Debug\liblpc_chip_175x_6x.a(iocon_17xx_40xx.o)
                              ./Example/src/SD.o (Chip_IOCON_PinMux)
D:\Facultad\Digitales II\Repositorio MCU\lpc_chip_175x_6x\Debug\liblpc_chip_175x_6x.a(rtc_17xx_40xx.o)
                              ./Example/src/SD.o (Chip_RTC_Init)
D:\Facultad\Digitales II\Repositorio MCU\lpc_chip_175x_6x\Debug\liblpc_chip_175x_6x.a(sysinit_17xx_40xx.o)
                              ./Example/src/sysinit.o (Chip_SystemInit)
c:/nxp/mcuxpressoide_10.1.1_606/ide/tools/bin/../lib/gcc/arm-none-eabi/6.3.1/../../../../arm-none-eabi/lib/thumb/v7-m\libcr_semihost.a(_cr__main.o)
                              ./Example/src/cr_startup_lpc175x_6x.o (__main)
c:/nxp/mcuxpressoide_10.1.1_606/ide/tools/bin/../lib/gcc/arm-none-eabi/6.3.1/../../../../arm-none-eabi/lib/thumb/v7-m\libcr_c.a(memcpy.o)
                              ./freeRTOS/src/queue.o (memcpy)
c:/nxp/mcuxpressoide_10.1.1_606/ide/tools/bin/../lib/gcc/arm-none-eabi/6.3.1/../../../../arm-none-eabi/lib/thumb/v7-m\libcr_c.a(memset.o)
                              ./freeRTOS/src/tasks.o (memset)
c:/nxp/mcuxpressoide_10.1.1_606/ide/tools/bin/../lib/gcc/arm-none-eabi/6.3.1/../../../../arm-none-eabi/lib/thumb/v7-m\libcr_c.a(alloc.o)
                              ./freeRTOS/src/heap_3.o (malloc)
c:/nxp/mcuxpressoide_10.1.1_606/ide/tools/bin/../lib/gcc/arm-none-eabi/6.3.1/../../../../arm-none-eabi/lib/thumb/v7-m\libcr_c.a(initio.o)
                              c:/nxp/mcuxpressoide_10.1.1_606/ide/tools/bin/../lib/gcc/arm-none-eabi/6.3.1/../../../../arm-none-eabi/lib/thumb/v7-m\libcr_semihost.a(_cr__main.o) (_initio)
c:/nxp/mcuxpressoide_10.1.1_606/ide/tools/bin/../lib/gcc/arm-none-eabi/6.3.1/../../../../arm-none-eabi/lib/thumb/v7-m\libcr_c.a(itoa.o)
                              ./Example/src/SD.o (itoa)
c:/nxp/mcuxpressoide_10.1.1_606/ide/tools/bin/../lib/gcc/arm-none-eabi/6.3.1/../../../../arm-none-eabi/lib/thumb/v7-m\libcr_c.a(setvbuf.o)
                              c:/nxp/mcuxpressoide_10.1.1_606/ide/tools/bin/../lib/gcc/arm-none-eabi/6.3.1/../../../../arm-none-eabi/lib/thumb/v7-m\libcr_c.a(initio.o) (setvbuf)
c:/nxp/mcuxpressoide_10.1.1_606/ide/tools/bin/../lib/gcc/arm-none-eabi/6.3.1/../../../../arm-none-eabi/lib/thumb/v7-m\libcr_c.a(strcat.o)
                              ./Example/src/SD.o (strcat)
c:/nxp/mcuxpressoide_10.1.1_606/ide/tools/bin/../lib/gcc/arm-none-eabi/6.3.1/../../../../arm-none-eabi/lib/thumb/v7-m\libcr_c.a(strcmp.o)
                              ./Example/src/fat32.o (strcmp)
c:/nxp/mcuxpressoide_10.1.1_606/ide/tools/bin/../lib/gcc/arm-none-eabi/6.3.1/../../../../arm-none-eabi/lib/thumb/v7-m\libcr_c.a(strcpy.o)
                              ./Example/src/fat32.o (strcpy)
c:/nxp/mcuxpressoide_10.1.1_606/ide/tools/bin/../lib/gcc/arm-none-eabi/6.3.1/../../../../arm-none-eabi/lib/thumb/v7-m\libcr_c.a(__init_alloc.o)
                              c:/nxp/mcuxpressoide_10.1.1_606/ide/tools/bin/../lib/gcc/arm-none-eabi/6.3.1/../../../../arm-none-eabi/lib/thumb/v7-m\libcr_c.a(alloc.o) (__heaps)
c:/nxp/mcuxpressoide_10.1.1_606/ide/tools/bin/../lib/gcc/arm-none-eabi/6.3.1/../../../../arm-none-eabi/lib/thumb/v7-m\libcr_c.a(_cr_sbrk.o)
                              c:/nxp/mcuxpressoide_10.1.1_606/ide/tools/bin/../lib/gcc/arm-none-eabi/6.3.1/../../../../arm-none-eabi/lib/thumb/v7-m\libcr_c.a(alloc.o) (_sbrk)
c:/nxp/mcuxpressoide_10.1.1_606/ide/tools/bin/../lib/gcc/arm-none-eabi/6.3.1/../../../../arm-none-eabi/lib/thumb/v7-m\libcr_c.a(_fdopen.o)
                              c:/nxp/mcuxpressoide_10.1.1_606/ide/tools/bin/../lib/gcc/arm-none-eabi/6.3.1/../../../../arm-none-eabi/lib/thumb/v7-m\libcr_c.a(initio.o) (_fdopen)
c:/nxp/mcuxpressoide_10.1.1_606/ide/tools/bin/../lib/gcc/arm-none-eabi/6.3.1/../../../../arm-none-eabi/lib/thumb/v7-m\libcr_c.a(errno.o)
                              c:/nxp/mcuxpressoide_10.1.1_606/ide/tools/bin/../lib/gcc/arm-none-eabi/6.3.1/../../../../arm-none-eabi/lib/thumb/v7-m\libcr_c.a(_cr_sbrk.o) (errno)
c:/nxp/mcuxpressoide_10.1.1_606/ide/tools/bin/../lib/gcc/arm-none-eabi/6.3.1/../../../../arm-none-eabi/lib/thumb/v7-m\libcr_c.a(fclose.o)
                              c:/nxp/mcuxpressoide_10.1.1_606/ide/tools/bin/../lib/gcc/arm-none-eabi/6.3.1/../../../../arm-none-eabi/lib/thumb/v7-m\libcr_c.a(initio.o) (fclose)
[...]
Memory Configuration

Name             Origin             Length             Attributes
MFlash512        0x00000000         0x00080000         xr
RamLoc32         0x10000000         0x00008000         xrw
RamAHB32         0x2007c000         0x00008000         xrw
*default*        0x00000000         0xffffffff

Linker script and memory map

LOAD ./freeRTOS/src/FreeRTOSCommonHooks.o
LOAD ./freeRTOS/src/croutine.o
LOAD ./freeRTOS/src/event_groups.o
LOAD ./freeRTOS/src/heap_3.o
LOAD ./freeRTOS/src/list.o
LOAD ./freeRTOS/src/port.o
LOAD ./freeRTOS/src/queue.o
LOAD ./freeRTOS/src/tasks.o
LOAD ./freeRTOS/src/timers.o
LOAD ./Example/src/SD.o
LOAD ./Example/src/cr_startup_lpc175x_6x.o
LOAD ./Example/src/crp.o
LOAD ./Example/src/delay.o
LOAD ./Example/src/fat32.o
LOAD ./Example/src/gpio.o
LOAD ./Example/src/sdcard.o
LOAD ./Example/src/spi.o
LOAD ./Example/src/sysinit.o
LOAD ./Example/src/uart.o
LOAD D:\Facultad\Digitales II\Repositorio MCU\lpc_chip_175x_6x\Debug\liblpc_chip_175x_6x.a
START GROUP
LOAD c:/nxp/mcuxpressoide_10.1.1_606/ide/tools/bin/../lib/gcc/arm-none-eabi/6.3.1/../../../../arm-none-eabi/lib/thumb/v7-m\libcr_semihost.a
LOAD c:/nxp/mcuxpressoide_10.1.1_606/ide/tools/bin/../lib/gcc/arm-none-eabi/6.3.1/../../../../arm-none-eabi/lib/thumb/v7-m\libcr_c.a
LOAD c:/nxp/mcuxpressoide_10.1.1_606/ide/tools/bin/../lib/gcc/arm-none-eabi/6.3.1/thumb/v7-m\libcr_eabihelpers.a
END GROUP
                0x00000000                __base_MFlash512 = 0x0
                0x00000000                __base_Flash = 0x0
                0x00080000                __top_MFlash512 = 0x80000
                0x00080000                __top_Flash = 0x80000
                0x10000000                __base_RamLoc32 = 0x10000000
                0x10000000                __base_RAM = 0x10000000
                0x10008000                __top_RamLoc32 = 0x10008000
                0x10008000                __top_RAM = 0x10008000
                0x2007c000                __base_RamAHB32 = 0x2007c000
                0x2007c000                __base_RAM2 = 0x2007c000
                0x20084000                __top_RamAHB32 = 0x20084000
                0x20084000                __top_RAM2 = 0x20084000

.text           0x00000000     0x4720
 FILL mask 0xff
                0x00000000                __vectors_start__ = ABSOLUTE (.)
 *(.isr_vector)
 .isr_vector    0x00000000       0xcc ./Example/src/cr_startup_lpc175x_6x.o
                0x00000000                g_pfnVectors
                0x000000cc                . = ALIGN (0x4)
                0x000000cc                __section_table_start = .
                0x000000cc                __data_section_table = .
                0x000000cc        0x4 LONG 0x4720 LOADADDR (.data)
                0x000000d0        0x4 LONG 0x10000000 ADDR (.data)
                0x000000d4        0x4 LONG 0x4 SIZEOF (.data)
                0x000000d8        0x4 LONG 0x4720 LOADADDR (.data_RAM2)
                0x000000dc        0x4 LONG 0x2007c000 ADDR (.data_RAM2)
                0x000000e0        0x4 LONG 0x0 SIZEOF (.data_RAM2)
                0x000000e4                __data_section_table_end = .
                0x000000e4                __bss_section_table = .
                0x000000e4        0x4 LONG 0x10000004 ADDR (.bss)
                0x000000e8        0x4 LONG 0x9a8 SIZEOF (.bss)
                0x000000ec        0x4 LONG 0x2007c000 ADDR (.bss_RAM2)
                0x000000f0        0x4 LONG 0x0 SIZEOF (.bss_RAM2)
                0x000000f4                __bss_section_table_end = .
                0x000000f4                __section_table_end = .
 *(.after_vectors*)
 .after_vectors
                0x000000f4      0x12c ./Example/src/cr_startup_lpc175x_6x.o
                0x000000f4                data_init
                0x00000136                bss_init
                0x0000016c                ResetISR
                0x000001e4                NMI_Handler
                0x000001ea                HardFault_Handler
                0x000001f0                MemManage_Handler
                0x000001f6                BusFault_Handler
                0x000001fc                UsageFault_Handler
                0x00000208                DebugMon_Handler
                0x0000021a                UART1_IRQHandler
                0x0000021a                EINT3_IRQHandler
                0x0000021a                I2C1_IRQHandler
                0x0000021a                TIMER3_IRQHandler
                0x0000021a                UART0_IRQHandler
                0x0000021a                USBActivity_IRQHandler
                0x0000021a                CANActivity_IRQHandler
                0x0000021a                EINT2_IRQHandler
                0x0000021a                IntDefaultHandler
                0x0000021a                PLL0_IRQHandler
                0x0000021a                CAN_IRQHandler
                0x0000021a                I2C0_IRQHandler
                0x0000021a                SSP0_IRQHandler
                0x0000021a                I2S_IRQHandler
                0x0000021a                I2C2_IRQHandler
                0x0000021a                TIMER0_IRQHandler
                0x0000021a                SPI_IRQHandler
                0x0000021a                RIT_IRQHandler
                0x0000021a                EINT1_IRQHandler
                0x0000021a                TIMER1_IRQHandler
                0x0000021a                UART2_IRQHandler
                0x0000021a                ADC_IRQHandler
                0x0000021a                SSP1_IRQHandler
                0x0000021a                USB_IRQHandler
                0x0000021a                BOD_IRQHandler
                0x0000021a                PWM1_IRQHandler
                0x0000021a                WDT_IRQHandler
                0x0000021a                QEI_IRQHandler
                0x0000021a                EINT0_IRQHandler
                0x0000021a                ETH_IRQHandler
                0x0000021a                PLL1_IRQHandler
                0x0000021a                DMA_IRQHandler
                0x0000021a                TIMER2_IRQHandler
                0x0000021a                UART3_IRQHandler
                0x0000021a                MCPWM_IRQHandler
 *(.text*)
 .text.vApplicationTickHook
                0x00000220        0xc ./freeRTOS/src/FreeRTOSCommonHooks.o
                0x00000220                vApplicationTickHook
 .text.pvPortMalloc
                0x0000022c       0x22 ./freeRTOS/src/heap_3.o
                0x0000022c                pvPortMalloc
 .text.vPortFree
                0x0000024e       0x24 ./freeRTOS/src/heap_3.o
                0x0000024e                vPortFree
 .text.vListInitialise
                0x00000272       0x3e ./freeRTOS/src/list.o
                0x00000272                vListInitialise
 .text.vListInitialiseItem
                0x000002b0       0x18 ./freeRTOS/src/list.o
                0x000002b0                vListInitialiseItem
 .text.vListInsertEnd
                0x000002c8       0x46 ./freeRTOS/src/list.o
                0x000002c8                vListInsertEnd
 .text.vListInsert
                0x0000030e       0x70 ./freeRTOS/src/list.o
                0x0000030e                vListInsert
 .text.uxListRemove
                0x0000037e       0x52 ./freeRTOS/src/list.o
                0x0000037e                uxListRemove
 .text.pxPortInitialiseStack
                0x000003d0       0x58 ./freeRTOS/src/port.o
                0x000003d0                pxPortInitialiseStack
 .text.prvTaskExitError
                0x00000428       0x1a ./freeRTOS/src/port.o
 *fill*         0x00000442        0xe ff
 .text.SVC_Handler
                0x00000450       0x28 ./freeRTOS/src/port.o
                0x00000450                SVC_Handler
 .text.prvPortStartFirstTask
                0x00000478       0x20 ./freeRTOS/src/port.o
 .text.xPortStartScheduler
                0x00000498       0x3c ./freeRTOS/src/port.o
                0x00000498                xPortStartScheduler
 .text.vPortEnterCritical
                0x000004d4       0x30 ./freeRTOS/src/port.o
                0x000004d4                vPortEnterCritical
 .text.vPortExitCritical
                0x00000504       0x30 ./freeRTOS/src/port.o
                0x00000504                vPortExitCritical
 *fill*         0x00000534        0xc ff
 .text.PendSV_Handler
                0x00000540       0x48 ./freeRTOS/src/port.o
                0x00000540                PendSV_Handler
 .text.SysTick_Handler
                0x00000588       0x40 ./freeRTOS/src/port.o
                0x00000588                SysTick_Handler
 .text.vPortSuppressTicksAndSleep
                0x000005c8      0x184 ./freeRTOS/src/port.o
                0x000005c8                vPortSuppressTicksAndSleep
 .text.vPortSetupTimerInterrupt
                0x0000074c       0x78 ./freeRTOS/src/port.o
                0x0000074c                vPortSetupTimerInterrupt
 .text.xQueueGenericReset
                0x000007c4       0xb4 ./freeRTOS/src/queue.o
                0x000007c4                xQueueGenericReset
 .text.xQueueGenericCreate
                0x00000878       0x58 ./freeRTOS/src/queue.o
                0x00000878                xQueueGenericCreate
 .text.prvInitialiseNewQueue
                0x000008d0       0x46 ./freeRTOS/src/queue.o
 *fill*         0x00000916        0x2 ff
 .text.xQueueGenericSend
                0x00000918      0x154 ./freeRTOS/src/queue.o
                0x00000918                xQueueGenericSend
 .text.xQueueGiveFromISR
                0x00000a6c       0xa6 ./freeRTOS/src/queue.o
                0x00000a6c                xQueueGiveFromISR
 *fill*         0x00000b12        0x2 ff
 .text.xQueueGenericReceive
                0x00000b14      0x1b0 ./freeRTOS/src/queue.o
                0x00000b14                xQueueGenericReceive
 .text.prvCopyDataToQueue
                0x00000cc4       0xd4 ./freeRTOS/src/queue.o
 .text.prvCopyDataFromQueue
                0x00000d98       0x4c ./freeRTOS/src/queue.o
 .text.prvUnlockQueue
                0x00000de4       0xa4 ./freeRTOS/src/queue.o
 .text.prvIsQueueEmpty
                0x00000e88       0x2c ./freeRTOS/src/queue.o
 .text.prvIsQueueFull
                0x00000eb4       0x30 ./freeRTOS/src/queue.o
 .text.xTaskCreate
                0x00000ee4       0x82 ./freeRTOS/src/tasks.o
                0x00000ee4                xTaskCreate
 .text.prvInitialiseNewTask
                0x00000f66       0xee ./freeRTOS/src/tasks.o
 .text.prvAddNewTaskToReadyList
                0x00001054       0xdc ./freeRTOS/src/tasks.o
 .text.vTaskDelete
                0x00001130       0xfc ./freeRTOS/src/tasks.o
                0x00001130                vTaskDelete
 .text.vTaskStartScheduler
                0x0000122c       0x6c ./freeRTOS/src/tasks.o
                0x0000122c                vTaskStartScheduler
 .text.vTaskSuspendAll
                0x00001298       0x1c ./freeRTOS/src/tasks.o
                0x00001298                vTaskSuspendAll
 .text.prvGetExpectedIdleTime
                0x000012b4       0x74 ./freeRTOS/src/tasks.o
 .text.xTaskResumeAll
                0x00001328      0x11c ./freeRTOS/src/tasks.o
                0x00001328                xTaskResumeAll
 .text.vTaskStepTick
                0x00001444       0x24 ./freeRTOS/src/tasks.o
                0x00001444                vTaskStepTick
 .text.xTaskIncrementTick
                0x00001468      0x16c ./freeRTOS/src/tasks.o
                0x00001468                xTaskIncrementTick
 .text.vTaskSwitchContext
                0x000015d4       0x8c ./freeRTOS/src/tasks.o
                0x000015d4                vTaskSwitchContext
 .text.vTaskPlaceOnEventList
                0x00001660       0x2c ./freeRTOS/src/tasks.o
                0x00001660                vTaskPlaceOnEventList
 .text.xTaskRemoveFromEventList
                0x0000168c       0xac ./freeRTOS/src/tasks.o
                0x0000168c                xTaskRemoveFromEventList
 .text.vTaskSetTimeOutState
                0x00001738       0x2c ./freeRTOS/src/tasks.o
                0x00001738                vTaskSetTimeOutState
 .text.xTaskCheckForTimeOut
                0x00001764       0x88 ./freeRTOS/src/tasks.o
                0x00001764                xTaskCheckForTimeOut
 .text.vTaskMissedYield
                0x000017ec       0x18 ./freeRTOS/src/tasks.o
                0x000017ec                vTaskMissedYield
 .text.prvIdleTask
                0x00001804       0x54 ./freeRTOS/src/tasks.o
 .text.eTaskConfirmSleepModeStatus
                0x00001858       0x5c ./freeRTOS/src/tasks.o
                0x00001858                eTaskConfirmSleepModeStatus
 .text.prvInitialiseTaskLists
                0x000018b4       0x80 ./freeRTOS/src/tasks.o
 .text.prvCheckTasksWaitingTermination
                0x00001934       0x78 ./freeRTOS/src/tasks.o
 .text.prvDeleteTCB
                0x000019ac       0x20 ./freeRTOS/src/tasks.o
 .text.prvResetNextTaskUnblockTime
                0x000019cc       0x48 ./freeRTOS/src/tasks.o
 .text.vTaskPriorityInherit
                0x00001a14       0xec ./freeRTOS/src/tasks.o
                0x00001a14                vTaskPriorityInherit
 .text.xTaskPriorityDisinherit
                0x00001b00       0xc8 ./freeRTOS/src/tasks.o
                0x00001b00                xTaskPriorityDisinherit
 .text.pvTaskIncrementMutexHeldCount
                0x00001bc8       0x28 ./freeRTOS/src/tasks.o
                0x00001bc8                pvTaskIncrementMutexHeldCount
 .text.prvAddCurrentTaskToDelayedList
                0x00001bf0       0xcc ./freeRTOS/src/tasks.o
 .text.NVIC_EnableIRQ
                0x00001cbc       0x30 ./Example/src/SD.o
 .text.Chip_GPIO_Init
                0x00001cec       0x16 ./Example/src/SD.o
 .text.Chip_GPIO_SetPinDIROutput
                0x00001d02       0x38 ./Example/src/SD.o
 .text.Chip_GPIO_SetPinDIRInput
                0x00001d3a       0x3a ./Example/src/SD.o
 .text.Chip_GPIO_SetPinDIR
                0x00001d74       0x42 ./Example/src/SD.o
 .text.Chip_GPIO_SetDir
                0x00001db6       0x34 ./Example/src/SD.o
 .text.Chip_RTC_ClearIntPending
                0x00001dea       0x1a ./Example/src/SD.o
 .text.Chip_RTC_GetIntPending
                0x00001e04       0x26 ./Example/src/SD.o
 *fill*         0x00001e2a        0x2 ff
 .text.uC_StartUp
                0x00001e2c       0x38 ./Example/src/SD.o
                0x00001e2c                uC_StartUp
 .text.vTaskInicSD
                0x00001e64       0x2a ./Example/src/SD.o
 *fill*         0x00001e8e        0x2 ff
 .text.xTaskWriteSD
                0x00001e90       0xb8 ./Example/src/SD.o
 .text.RTC_IRQHandler
                0x00001f48       0x58 ./Example/src/SD.o
                0x00001f48                RTC_IRQHandler
 .text.xTaskRTConfig
                0x00001fa0       0x74 ./Example/src/SD.o
 .text.vTaskRTC
                0x00002014       0xcc ./Example/src/SD.o
 .text.main     0x000020e0       0xd0 ./Example/src/SD.o
                0x000020e0                main
 .text.FILE_Open
                0x000021b0      0x2b8 ./Example/src/fat32.o
                0x000021b0                FILE_Open
 .text.FILE_Close
                0x00002468       0x20 ./Example/src/fat32.o
                0x00002468                FILE_Close
 .text.FILE_PutCh
                0x00002488      0x460 ./Example/src/fat32.o
                0x00002488                FILE_PutCh
 .text.extract_DataBySize
                0x000028e8       0x4a ./Example/src/fat32.o
                0x000028e8                extract_DataBySize
 *fill*         0x00002932        0x2 ff
 .text.getBootSectorData
                0x00002934      0x180 ./Example/src/fat32.o
                0x00002934                getBootSectorData
 .text.getFirstSector
                0x00002ab4       0x2c ./Example/src/fat32.o
                0x00002ab4                getFirstSector
 .text.getSetNextCluster
                0x00002ae0       0xa0 ./Example/src/fat32.o
                0x00002ae0                getSetNextCluster
 .text.getSetFreeCluster
                0x00002b80       0xb0 ./Example/src/fat32.o
                0x00002b80                getSetFreeCluster
 .text.searchNextFreeCluster
                0x00002c30       0x9c ./Example/src/fat32.o
                0x00002c30                searchNextFreeCluster
 .text.convertFileName
                0x00002ccc      0x142 ./Example/src/fat32.o
                0x00002ccc                convertFileName
 *fill*         0x00002e0e        0x2 ff
 .text.openFile
                0x00002e10      0x17c ./Example/src/fat32.o
                0x00002e10                openFile
 .text.freeMemoryUpdate
                0x00002f8c       0x88 ./Example/src/fat32.o
                0x00002f8c                freeMemoryUpdate
 .text.file_GetTime
                0x00003014       0x4a ./Example/src/fat32.o
                0x00003014                file_GetTime
 .text.file_GetDate
                0x0000305e       0x4a ./Example/src/fat32.o
                0x0000305e                file_GetDate
 .text.GPIO_PinFunction
                0x000030a8       0x86 ./Example/src/gpio.o
                0x000030a8                GPIO_PinFunction
 .text.GPIO_PinDirection
                0x0000312e       0x6a ./Example/src/gpio.o
                0x0000312e                GPIO_PinDirection
 .text.GPIO_PinWrite
                0x00003198       0x68 ./Example/src/gpio.o
                0x00003198                GPIO_PinWrite
 .text.SD_Init  0x00003200       0x44 ./Example/src/sdcard.o
                0x00003200                SD_Init
 .text.SD_sendCommand
                0x00003244      0x10c ./Example/src/sdcard.o
                0x00003244                SD_sendCommand
 .text.SD_readSingleBlock
                0x00003350       0x96 ./Example/src/sdcard.o
                0x00003350                SD_readSingleBlock
 .text.SD_writeSingleBlock
                0x000033e6       0xf0 ./Example/src/sdcard.o
                0x000033e6                SD_writeSingleBlock
 *fill*         0x000034d6        0x2 ff
 .text.init_SdCard
                0x000034d8      0x124 ./Example/src/sdcard.o
                0x000034d8                init_SdCard
 .text.SPI_Init
                0x000035fc       0x9c ./Example/src/spi.o
                0x000035fc                SPI_Init
 .text.SPI_Write
                0x00003698       0x48 ./Example/src/spi.o
                0x00003698                SPI_Write
 .text.SPI_Read
                0x000036e0       0x40 ./Example/src/spi.o
                0x000036e0                SPI_Read
 .text.spi_GetPclk
                0x00003720       0x6c ./Example/src/spi.o
 .text.SystemInit
                0x0000378c       0x24 ./Example/src/sysinit.o
                0x0000378c                SystemInit
 .text.SystemCoreClockUpdate
                0x000037b0       0x18 D:\Facultad\Digitales II\Repositorio MCU\lpc_chip_175x_6x\Debug\liblpc_chip_175x_6x.a(chip_17xx_40xx.o)
                0x000037b0                SystemCoreClockUpdate
 .text.Chip_Clock_IsMainPLLEnabled
                0x000037c8       0x24 D:\Facultad\Digitales II\Repositorio MCU\lpc_chip_175x_6x\Debug\liblpc_chip_175x_6x.a(clock_17xx_40xx.o)
 .text.Chip_Clock_IsMainPLLConnected
                0x000037ec       0x24 D:\Facultad\Digitales II\Repositorio MCU\lpc_chip_175x_6x\Debug\liblpc_chip_175x_6x.a(clock_17xx_40xx.o)
 .text.Chip_Clock_FeedPLL
                0x00003810       0x34 D:\Facultad\Digitales II\Repositorio MCU\lpc_chip_175x_6x\Debug\liblpc_chip_175x_6x.a(clock_17xx_40xx.o)
 .text.Chip_Clock_GetMainPLLSource
                0x00003844       0x20 D:\Facultad\Digitales II\Repositorio MCU\lpc_chip_175x_6x\Debug\liblpc_chip_175x_6x.a(clock_17xx_40xx.o)
 .text.Chip_Clock_GetMainOscRate
                0x00003864       0x14 D:\Facultad\Digitales II\Repositorio MCU\lpc_chip_175x_6x\Debug\liblpc_chip_175x_6x.a(clock_17xx_40xx.o)
 .text.Chip_Clock_GetIntOscRate
                0x00003878       0x14 D:\Facultad\Digitales II\Repositorio MCU\lpc_chip_175x_6x\Debug\liblpc_chip_175x_6x.a(clock_17xx_40xx.o)
 .text.Chip_Clock_GetRTCOscRate
                0x0000388c       0x14 D:\Facultad\Digitales II\Repositorio MCU\lpc_chip_175x_6x\Debug\liblpc_chip_175x_6x.a(clock_17xx_40xx.o)
 .text.Chip_Clock_GetMainPLLInClockRate
                0x000038a0        0xe D:\Facultad\Digitales II\Repositorio MCU\lpc_chip_175x_6x\Debug\liblpc_chip_175x_6x.a(clock_17xx_40xx.o)
 *fill*         0x000038ae        0x2 ff
 .text.Chip_Clock_EnablePLL
                0x000038b0       0x44 D:\Facultad\Digitales II\Repositorio MCU\lpc_chip_175x_6x\Debug\liblpc_chip_175x_6x.a(clock_17xx_40xx.o)
                0x000038b0                Chip_Clock_EnablePLL
 .text.Chip_Clock_DisablePLL
                0x000038f4       0x48 D:\Facultad\Digitales II\Repositorio MCU\lpc_chip_175x_6x\Debug\liblpc_chip_175x_6x.a(clock_17xx_40xx.o)
                0x000038f4                Chip_Clock_DisablePLL
 .text.Chip_Clock_SetupPLL
                0x0000393c       0x5c D:\Facultad\Digitales II\Repositorio MCU\lpc_chip_175x_6x\Debug\liblpc_chip_175x_6x.a(clock_17xx_40xx.o)
                0x0000393c                Chip_Clock_SetupPLL
 .text.Chip_Clock_EnablePeriphClock
                0x00003998       0x34 D:\Facultad\Digitales II\Repositorio MCU\lpc_chip_175x_6x\Debug\liblpc_chip_175x_6x.a(clock_17xx_40xx.o)
                0x00003998                Chip_Clock_EnablePeriphClock
 .text.Chip_Clock_GetCPUClockSource
                0x000039cc       0x24 D:\Facultad\Digitales II\Repositorio MCU\lpc_chip_175x_6x\Debug\liblpc_chip_175x_6x.a(clock_17xx_40xx.o)
                0x000039cc                Chip_Clock_GetCPUClockSource
 .text.Chip_Clock_SetCPUClockDiv
                0x000039f0       0x20 D:\Facultad\Digitales II\Repositorio MCU\lpc_chip_175x_6x\Debug\liblpc_chip_175x_6x.a(clock_17xx_40xx.o)
                0x000039f0                Chip_Clock_SetCPUClockDiv
 .text.Chip_Clock_GetCPUClockDiv
                0x00003a10       0x1c D:\Facultad\Digitales II\Repositorio MCU\lpc_chip_175x_6x\Debug\liblpc_chip_175x_6x.a(clock_17xx_40xx.o)
                0x00003a10                Chip_Clock_GetCPUClockDiv
 .text.Chip_Clock_GetSYSCLKRate
                0x00003a2c       0x34 D:\Facultad\Digitales II\Repositorio MCU\lpc_chip_175x_6x\Debug\liblpc_chip_175x_6x.a(clock_17xx_40xx.o)
                0x00003a2c                Chip_Clock_GetSYSCLKRate
 .text.Chip_Clock_GetMainPLLOutClockRate
                0x00003a60       0x54 D:\Facultad\Digitales II\Repositorio MCU\lpc_chip_175x_6x\Debug\liblpc_chip_175x_6x.a(clock_17xx_40xx.o)
                0x00003a60                Chip_Clock_GetMainPLLOutClockRate
 .text.Chip_Clock_GetMainClockRate
                0x00003ab4       0x28 D:\Facultad\Digitales II\Repositorio MCU\lpc_chip_175x_6x\Debug\liblpc_chip_175x_6x.a(clock_17xx_40xx.o)
                0x00003ab4                Chip_Clock_GetMainClockRate
 .text.Chip_Clock_GetSystemClockRate
                0x00003adc       0x18 D:\Facultad\Digitales II\Repositorio MCU\lpc_chip_175x_6x\Debug\liblpc_chip_175x_6x.a(clock_17xx_40xx.o)
                0x00003adc                Chip_Clock_GetSystemClockRate
 .text.Chip_IOCON_PinMux
                0x00003af4       0x92 D:\Facultad\Digitales II\Repositorio MCU\lpc_chip_175x_6x\Debug\liblpc_chip_175x_6x.a(iocon_17xx_40xx.o)
                0x00003af4                Chip_IOCON_PinMux
 .text.Chip_RTC_Init
                0x00003b86       0x4e D:\Facultad\Digitales II\Repositorio MCU\lpc_chip_175x_6x\Debug\liblpc_chip_175x_6x.a(rtc_17xx_40xx.o)
                0x00003b86                Chip_RTC_Init
 .text.Chip_RTC_ResetClockTickCounter
                0x00003bd4       0x42 D:\Facultad\Digitales II\Repositorio MCU\lpc_chip_175x_6x\Debug\liblpc_chip_175x_6x.a(rtc_17xx_40xx.o)
                0x00003bd4                Chip_RTC_ResetClockTickCounter
 .text.Chip_RTC_Enable
                0x00003c16       0x42 D:\Facultad\Digitales II\Repositorio MCU\lpc_chip_175x_6x\Debug\liblpc_chip_175x_6x.a(rtc_17xx_40xx.o)
                0x00003c16                Chip_RTC_Enable
 .text.Chip_RTC_CntIncrIntConfig
                0x00003c58       0x4a D:\Facultad\Digitales II\Repositorio MCU\lpc_chip_175x_6x\Debug\liblpc_chip_175x_6x.a(rtc_17xx_40xx.o)
                0x00003c58                Chip_RTC_CntIncrIntConfig
 .text.Chip_RTC_SetFullTime
                0x00003ca2       0x58 D:\Facultad\Digitales II\Repositorio MCU\lpc_chip_175x_6x\Debug\liblpc_chip_175x_6x.a(rtc_17xx_40xx.o)
                0x00003ca2                Chip_RTC_SetFullTime
 .text.Chip_RTC_GetFullTime
                0x00003cfa       0x56 D:\Facultad\Digitales II\Repositorio MCU\lpc_chip_175x_6x\Debug\liblpc_chip_175x_6x.a(rtc_17xx_40xx.o)
                0x00003cfa                Chip_RTC_GetFullTime
 .text.Chip_RTC_CalibCounterCmd
                0x00003d50       0x42 D:\Facultad\Digitales II\Repositorio MCU\lpc_chip_175x_6x\Debug\liblpc_chip_175x_6x.a(rtc_17xx_40xx.o)
                0x00003d50                Chip_RTC_CalibCounterCmd
 *fill*         0x00003d92        0x2 ff
 .text.Chip_Clock_IsMainPLLEnabled
                0x00003d94       0x24 D:\Facultad\Digitales II\Repositorio MCU\lpc_chip_175x_6x\Debug\liblpc_chip_175x_6x.a(sysinit_17xx_40xx.o)
 .text.Chip_Clock_IsMainPLLLocked
                0x00003db8       0x24 D:\Facultad\Digitales II\Repositorio MCU\lpc_chip_175x_6x\Debug\liblpc_chip_175x_6x.a(sysinit_17xx_40xx.o)
 .text.Chip_Clock_IsMainPLLConnected
                0x00003ddc       0x24 D:\Facultad\Digitales II\Repositorio MCU\lpc_chip_175x_6x\Debug\liblpc_chip_175x_6x.a(sysinit_17xx_40xx.o)
 .text.Chip_Clock_EnableCrystal
                0x00003e00       0x20 D:\Facultad\Digitales II\Repositorio MCU\lpc_chip_175x_6x\Debug\liblpc_chip_175x_6x.a(sysinit_17xx_40xx.o)
 .text.Chip_Clock_IsCrystalEnabled
                0x00003e20       0x24 D:\Facultad\Digitales II\Repositorio MCU\lpc_chip_175x_6x\Debug\liblpc_chip_175x_6x.a(sysinit_17xx_40xx.o)
 .text.Chip_Clock_SetMainPLLSource
                0x00003e44       0x20 D:\Facultad\Digitales II\Repositorio MCU\lpc_chip_175x_6x\Debug\liblpc_chip_175x_6x.a(sysinit_17xx_40xx.o)
 .text.Chip_SetupXtalClocking
                0x00003e64       0x90 D:\Facultad\Digitales II\Repositorio MCU\lpc_chip_175x_6x\Debug\liblpc_chip_175x_6x.a(sysinit_17xx_40xx.o)
                0x00003e64                Chip_SetupXtalClocking
 .text.Chip_SystemInit
                0x00003ef4        0xc D:\Facultad\Digitales II\Repositorio MCU\lpc_chip_175x_6x\Debug\liblpc_chip_175x_6x.a(sysinit_17xx_40xx.o)
                0x00003ef4                Chip_SystemInit
 .text.__main   0x00003f00        0xe c:/nxp/mcuxpressoide_10.1.1_606/ide/tools/bin/../lib/gcc/arm-none-eabi/6.3.1/../../../../arm-none-eabi/lib/thumb/v7-m\libcr_semihost.a(_cr__main.o)
                0x00003f00                __CR_SEMIHOST
                0x00003f00                __main
 .text.memcpy   0x00003f0e        0x4 c:/nxp/mcuxpressoide_10.1.1_606/ide/tools/bin/../lib/gcc/arm-none-eabi/6.3.1/../../../../arm-none-eabi/lib/thumb/v7-m\libcr_c.a(memcpy.o)
                0x00003f0e                memcpy
 .text.memset   0x00003f12        0x4 c:/nxp/mcuxpressoide_10.1.1_606/ide/tools/bin/../lib/gcc/arm-none-eabi/6.3.1/../../../../arm-none-eabi/lib/thumb/v7-m\libcr_c.a(memset.o)
                0x00003f12                memset
 *fill*         0x00003f16        0x2 ff
 .text.malloc   0x00003f18       0xc4 c:/nxp/mcuxpressoide_10.1.1_606/ide/tools/bin/../lib/gcc/arm-none-eabi/6.3.1/../../../../arm-none-eabi/lib/thumb/v7-m\libcr_c.a(alloc.o)
                0x00003f18                malloc
 .text.free     0x00003fdc       0x30 c:/nxp/mcuxpressoide_10.1.1_606/ide/tools/bin/../lib/gcc/arm-none-eabi/6.3.1/../../../../arm-none-eabi/lib/thumb/v7-m\libcr_c.a(alloc.o)
                0x00003fdc                free
 .text._initio  0x0000400c       0x78 c:/nxp/mcuxpressoide_10.1.1_606/ide/tools/bin/../lib/gcc/arm-none-eabi/6.3.1/../../../../arm-none-eabi/lib/thumb/v7-m\libcr_c.a(initio.o)
                0x0000400c                _initio
 .text.itoa     0x00004084       0x5c c:/nxp/mcuxpressoide_10.1.1_606/ide/tools/bin/../lib/gcc/arm-none-eabi/6.3.1/../../../../arm-none-eabi/lib/thumb/v7-m\libcr_c.a(itoa.o)
                0x00004084                itoa
 .text.setvbuf  0x000040e0       0x40 c:/nxp/mcuxpressoide_10.1.1_606/ide/tools/bin/../lib/gcc/arm-none-eabi/6.3.1/../../../../arm-none-eabi/lib/thumb/v7-m\libcr_c.a(setvbuf.o)
                0x000040e0                setvbuf
 .text.strcat   0x00004120       0x1e c:/nxp/mcuxpressoide_10.1.1_606/ide/tools/bin/../lib/gcc/arm-none-eabi/6.3.1/../../../../arm-none-eabi/lib/thumb/v7-m\libcr_c.a(strcat.o)
                0x00004120                strcat
 .text.strcpy   0x0000413e       0x42 c:/nxp/mcuxpressoide_10.1.1_606/ide/tools/bin/../lib/gcc/arm-none-eabi/6.3.1/../../../../arm-none-eabi/lib/thumb/v7-m\libcr_c.a(strcpy.o)
                0x0000413e                strcpy
 .text._sbrk    0x00004180       0x3c c:/nxp/mcuxpressoide_10.1.1_606/ide/tools/bin/../lib/gcc/arm-none-eabi/6.3.1/../../../../arm-none-eabi/lib/thumb/v7-m\libcr_c.a(_cr_sbrk.o)
                0x00004180                _sbrk
 .text._fdopen  0x000041bc       0x68 c:/nxp/mcuxpressoide_10.1.1_606/ide/tools/bin/../lib/gcc/arm-none-eabi/6.3.1/../../../../arm-none-eabi/lib/thumb/v7-m\libcr_c.a(_fdopen.o)
                0x000041bc                _fdopen
 .text.fclose   0x00004224       0x58 c:/nxp/mcuxpressoide_10.1.1_606/ide/tools/bin/../lib/gcc/arm-none-eabi/6.3.1/../../../../arm-none-eabi/lib/thumb/v7-m\libcr_c.a(fclose.o)
                0x00004224                fclose
 .text.fflush   0x0000427c       0x44 c:/nxp/mcuxpressoide_10.1.1_606/ide/tools/bin/../lib/gcc/arm-none-eabi/6.3.1/../../../../arm-none-eabi/lib/thumb/v7-m\libcr_c.a(fflush.o)
                0x0000427c                fflush
 .text.fseek    0x000042c0      0x100 c:/nxp/mcuxpressoide_10.1.1_606/ide/tools/bin/../lib/gcc/arm-none-eabi/6.3.1/../../../../arm-none-eabi/lib/thumb/v7-m\libcr_c.a(fseek.o)
                0x000042c0                fseek
 .text.ftell    0x000043c0       0x48 c:/nxp/mcuxpressoide_10.1.1_606/ide/tools/bin/../lib/gcc/arm-none-eabi/6.3.1/../../../../arm-none-eabi/lib/thumb/v7-m\libcr_c.a(ftell.o)
                0x000043c0                ftell
 .text.remove   0x00004408       0x14 c:/nxp/mcuxpressoide_10.1.1_606/ide/tools/bin/../lib/gcc/arm-none-eabi/6.3.1/../../../../arm-none-eabi/lib/thumb/v7-m\libcr_c.a(remove.o)
                0x00004408                remove
 .text.strlen   0x0000441c       0x4a c:/nxp/mcuxpressoide_10.1.1_606/ide/tools/bin/../lib/gcc/arm-none-eabi/6.3.1/../../../../arm-none-eabi/lib/thumb/v7-m\libcr_c.a(strlen.o)
                0x0000441c                strlen
 *fill*         0x00004466        0x2 ff
 .text.__check_heap_overflow
                0x00004468       0x18 c:/nxp/mcuxpressoide_10.1.1_606/ide/tools/bin/../lib/gcc/arm-none-eabi/6.3.1/../../../../arm-none-eabi/lib/thumb/v7-m\libcr_c.a(_cr_check_heap.o)
                0x00004468                __check_heap_overflow
 .text._do_fflush
                0x00004480       0x40 c:/nxp/mcuxpressoide_10.1.1_606/ide/tools/bin/../lib/gcc/arm-none-eabi/6.3.1/../../../../arm-none-eabi/lib/thumb/v7-m\libcr_c.a(_do_fflush.o)
                0x00004480                _do_fflush
 .text._fflush  0x000044c0       0x54 c:/nxp/mcuxpressoide_10.1.1_606/ide/tools/bin/../lib/gcc/arm-none-eabi/6.3.1/../../../../arm-none-eabi/lib/thumb/v7-m\libcr_c.a(_fflush.o)
                0x000044c0                _fflush
 .text._Cwritebuf
                0x00004514       0x6c c:/nxp/mcuxpressoide_10.1.1_606/ide/tools/bin/../lib/gcc/arm-none-eabi/6.3.1/../../../../arm-none-eabi/lib/thumb/v7-m\libcr_c.a(_writebuf.o)
                0x00004514                _Cwritebuf
 .text._deferredlazyseek
                0x00004580       0x40 c:/nxp/mcuxpressoide_10.1.1_606/ide/tools/bin/../lib/gcc/arm-none-eabi/6.3.1/../../../../arm-none-eabi/lib/thumb/v7-m\libcr_c.a(_deferredlazyseek.o)
                0x00004580                _deferredlazyseek
 .text.__aeabi_memcpy
                0x000045c0       0x34 c:/nxp/mcuxpressoide_10.1.1_606/ide/tools/bin/../lib/gcc/arm-none-eabi/6.3.1/thumb/v7-m\libcr_eabihelpers.a(memcpy.o)
                0x000045c0                __aeabi_memcpy
                0x000045ca                __aeabi_memcpy8
                0x000045ca                __aeabi_memcpy4
 .text.__aeabi_memset_lowlevel
                0x000045f4       0x32 c:/nxp/mcuxpressoide_10.1.1_606/ide/tools/bin/../lib/gcc/arm-none-eabi/6.3.1/thumb/v7-m\libcr_eabihelpers.a(memcpy.o)
                0x000045f4                __aeabi_lowlevel_memset
 .text.__sys_close
                0x00004626        0xc c:/nxp/mcuxpressoide_10.1.1_606/ide/tools/bin/../lib/gcc/arm-none-eabi/6.3.1/../../../../arm-none-eabi/lib/thumb/v7-m\libcr_semihost.a(__sys_close.o)
                0x00004626                __sys_close
 .text.__sys_flen
                0x00004632        0xc c:/nxp/mcuxpressoide_10.1.1_606/ide/tools/bin/../lib/gcc/arm-none-eabi/6.3.1/../../../../arm-none-eabi/lib/thumb/v7-m\libcr_semihost.a(__sys_flen.o)
                0x00004632                __sys_flen
 .text.__sys_istty
                0x0000463e        0xc c:/nxp/mcuxpressoide_10.1.1_606/ide/tools/bin/../lib/gcc/arm-none-eabi/6.3.1/../../../../arm-none-eabi/lib/thumb/v7-m\libcr_semihost.a(__sys_istty.o)
                0x0000463e                __sys_istty
 .text.__sys_remove
                0x0000464a        0xc c:/nxp/mcuxpressoide_10.1.1_606/ide/tools/bin/../lib/gcc/arm-none-eabi/6.3.1/../../../../arm-none-eabi/lib/thumb/v7-m\libcr_semihost.a(__sys_remove.o)
                0x0000464a                __sys_remove
 .text.__sys_seek
                0x00004656        0xc c:/nxp/mcuxpressoide_10.1.1_606/ide/tools/bin/../lib/gcc/arm-none-eabi/6.3.1/../../../../arm-none-eabi/lib/thumb/v7-m\libcr_semihost.a(__sys_seek.o)
                0x00004656                __sys_seek
 .text.__sys_tmpnam
                0x00004662        0xc c:/nxp/mcuxpressoide_10.1.1_606/ide/tools/bin/../lib/gcc/arm-none-eabi/6.3.1/../../../../arm-none-eabi/lib/thumb/v7-m\libcr_semihost.a(__sys_tmpnam.o)
                0x00004662                __sys_tmpnam
 .text.__sys_write
                0x0000466e        0xc c:/nxp/mcuxpressoide_10.1.1_606/ide/tools/bin/../lib/gcc/arm-none-eabi/6.3.1/../../../../arm-none-eabi/lib/thumb/v7-m\libcr_semihost.a(__sys_write.o)
                0x0000466e                __sys_write
 *(.rodata .rodata.* .constdata .constdata.*)
 *fill*         0x0000467a        0x2 ff
 .rodata        0x0000467c        0x5 ./freeRTOS/src/tasks.o
 *fill*         0x00004681        0x3 ff
 .rodata        0x00004684       0x76 ./Example/src/SD.o
 *fill*         0x000046fa        0x2 ff
 .rodata.OscRateIn
                0x000046fc        0x4 ./Example/src/sysinit.o
                0x000046fc                OscRateIn
 .rodata.RTCOscRateIn
                0x00004700        0x4 ./Example/src/sysinit.o
                0x00004700                RTCOscRateIn
 .rodata._initio.str1.1
                0x00004704        0x4 c:/nxp/mcuxpressoide_10.1.1_606/ide/tools/bin/../lib/gcc/arm-none-eabi/6.3.1/../../../../arm-none-eabi/lib/thumb/v7-m\libcr_c.a(initio.o)
 .rodata.digits
                0x00004708       0x11 c:/nxp/mcuxpressoide_10.1.1_606/ide/tools/bin/../lib/gcc/arm-none-eabi/6.3.1/../../../../arm-none-eabi/lib/thumb/v7-m\libcr_c.a(itoa.o)
 *fill*         0x00004719        0x3 ff
 .rodata.__num_Ciob_streams
                0x0000471c        0x4 c:/nxp/mcuxpressoide_10.1.1_606/ide/tools/bin/../lib/gcc/arm-none-eabi/6.3.1/../../../../arm-none-eabi/lib/thumb/v7-m\libcr_semihost.a(__ciob.o)
                0x0000471c                __num_Ciob_streams
                0x00004720                . = ALIGN (0x4)

.glue_7         0x00004720        0x0
 .glue_7        0x00004720        0x0 linker stubs

.glue_7t        0x00004720        0x0
 .glue_7t       0x00004720        0x0 linker stubs

.vfp11_veneer   0x00004720        0x0
 .vfp11_veneer  0x00004720        0x0 linker stubs

.v4_bx          0x00004720        0x0
 .v4_bx         0x00004720        0x0 linker stubs

.iplt           0x00004720        0x0
 .iplt          0x00004720        0x0 ./freeRTOS/src/FreeRTOSCommonHooks.o

.rel.dyn        0x00004720        0x0
 .rel.iplt      0x00004720        0x0 ./freeRTOS/src/FreeRTOSCommonHooks.o

.ARM.extab
 *(.ARM.extab* .gnu.linkonce.armextab.*)
                0x00004720                __exidx_start = .

.ARM.exidx
 *(.ARM.exidx* .gnu.linkonce.armexidx.*)
                0x00004720                __exidx_end = .
                0x00004720                _etext = .

.data_RAM2      0x2007c000        0x0 load address 0x00004720
 FILL mask 0xff
                [!provide]                PROVIDE (__start_data_RAM2, .)
 *(.ramfunc.$RAM2)
 *(.ramfunc.$RamAHB32)
 *(.data.$RAM2*)
 *(.data.$RamAHB32*)
                0x2007c000                . = ALIGN (0x4)
                [!provide]                PROVIDE (__end_data_RAM2, .)

.uninit_RESERVED
                0x10000000        0x0
 *(.bss.$RESERVED*)
                0x10000000                . = ALIGN (0x4)
                0x10000000                _end_uninit_RESERVED = .

.data           0x10000000        0x4 load address 0x00004720
 FILL mask 0xff
                0x10000000                _data = .
 *(vtable)
 *(.ramfunc*)
 *(.data*)
 .data.uxCriticalNesting
                0x10000000        0x4 ./freeRTOS/src/port.o
                0x10000004                . = ALIGN (0x4)
                0x10000004                _edata = .

.igot.plt       0x10000004        0x0 load address 0x00004724
 .igot.plt      0x10000004        0x0 ./freeRTOS/src/FreeRTOSCommonHooks.o

.bss_RAM2       0x2007c000        0x0
                [!provide]                PROVIDE (__start_bss_RAM2, .)
 *(.bss.$RAM2*)
 *(.bss.$RamAHB32*)
                0x2007c000                . = ALIGN ((. != 0x0)?0x4:0x1)
                [!provide]                PROVIDE (__end_bss_RAM2, .)

.bss            0x10000004      0x9a8
                0x10000004                _bss = .
 *(.bss*)
 .bss.ulTimerCountsForOneTick
                0x10000004        0x4 ./freeRTOS/src/port.o
 .bss.xMaximumPossibleSuppressedTicks
                0x10000008        0x4 ./freeRTOS/src/port.o
 .bss.ulStoppedTimerCompensation
                0x1000000c        0x4 ./freeRTOS/src/port.o
 .bss.pxCurrentTCB
                0x10000010        0x4 ./freeRTOS/src/tasks.o
                0x10000010                pxCurrentTCB
 .bss.pxReadyTasksLists
                0x10000014       0x64 ./freeRTOS/src/tasks.o
 .bss.xDelayedTaskList1
                0x10000078       0x14 ./freeRTOS/src/tasks.o
 .bss.xDelayedTaskList2
                0x1000008c       0x14 ./freeRTOS/src/tasks.o
 .bss.pxDelayedTaskList
                0x100000a0        0x4 ./freeRTOS/src/tasks.o
 .bss.pxOverflowDelayedTaskList
                0x100000a4        0x4 ./freeRTOS/src/tasks.o
 .bss.xPendingReadyList
                0x100000a8       0x14 ./freeRTOS/src/tasks.o
 .bss.xTasksWaitingTermination
                0x100000bc       0x14 ./freeRTOS/src/tasks.o
 .bss.uxDeletedTasksWaitingCleanUp
                0x100000d0        0x4 ./freeRTOS/src/tasks.o
 .bss.xSuspendedTaskList
                0x100000d4       0x14 ./freeRTOS/src/tasks.o
 .bss.uxCurrentNumberOfTasks
                0x100000e8        0x4 ./freeRTOS/src/tasks.o
 .bss.xTickCount
                0x100000ec        0x4 ./freeRTOS/src/tasks.o
 .bss.uxTopReadyPriority
                0x100000f0        0x4 ./freeRTOS/src/tasks.o
 .bss.xSchedulerRunning
                0x100000f4        0x4 ./freeRTOS/src/tasks.o
 .bss.uxPendedTicks
                0x100000f8        0x4 ./freeRTOS/src/tasks.o
 .bss.xYieldPending
                0x100000fc        0x4 ./freeRTOS/src/tasks.o
 .bss.xNumOfOverflows
                0x10000100        0x4 ./freeRTOS/src/tasks.o
 .bss.uxTaskNumber
                0x10000104        0x4 ./freeRTOS/src/tasks.o
 .bss.xNextTaskUnblockTime
                0x10000108        0x4 ./freeRTOS/src/tasks.o
 .bss.xIdleTaskHandle
                0x1000010c        0x4 ./freeRTOS/src/tasks.o
 .bss.uxSchedulerSuspended
                0x10000110        0x4 ./freeRTOS/src/tasks.o
 .bss.Semaforo_RTC
                0x10000114        0x4 ./Example/src/SD.o
                0x10000114                Semaforo_RTC
 .bss.Cola_SD   0x10000118        0x4 ./Example/src/SD.o
                0x10000118                Cola_SD
 .bss.firstDataSector
                0x1000011c        0x4 ./Example/src/fat32.o
                0x1000011c                firstDataSector
 .bss.rootCluster
                0x10000120        0x4 ./Example/src/fat32.o
                0x10000120                rootCluster
 .bss.totalClusters
                0x10000124        0x4 ./Example/src/fat32.o
                0x10000124                totalClusters
 .bss.bytesPerSector
                0x10000128        0x2 ./Example/src/fat32.o
                0x10000128                bytesPerSector
 .bss.sectorPerCluster
                0x1000012a        0x2 ./Example/src/fat32.o
                0x1000012a                sectorPerCluster
 .bss.reservedSectorCount
                0x1000012c        0x2 ./Example/src/fat32.o
                0x1000012c                reservedSectorCount
 *fill*         0x1000012e        0x2 
 .bss.unusedSectors
                0x10000130        0x4 ./Example/src/fat32.o
                0x10000130                unusedSectors
 .bss.freeClusterCountUpdated
                0x10000134        0x1 ./Example/src/fat32.o
                0x10000134                freeClusterCountUpdated
 *fill*         0x10000135        0x3 
 .bss.fatMappingTable
                0x10000138      0x480 ./Example/src/fat32.o
                0x10000138                fatMappingTable
 .bss.GlobalBuffer
                0x100005b8      0x200 ./Example/src/fat32.o
                0x100005b8                GlobalBuffer
 .bss.V_SdHighcapacityFlag_u8
                0x100007b8        0x1 ./Example/src/sdcard.o
                0x100007b8                V_SdHighcapacityFlag_u8
 .bss.dummy_u8  0x100007b9        0x1 ./Example/src/spi.o
                0x100007b9                dummy_u8
 *fill*         0x100007ba        0x2 
 .bss.__end_of_heap
                0x100007bc        0x4 c:/nxp/mcuxpressoide_10.1.1_606/ide/tools/bin/../lib/gcc/arm-none-eabi/6.3.1/../../../../arm-none-eabi/lib/thumb/v7-m\libcr_c.a(__init_alloc.o)
                0x100007bc                __end_of_heap
 .bss.__heaps   0x100007c0        0x4 c:/nxp/mcuxpressoide_10.1.1_606/ide/tools/bin/../lib/gcc/arm-none-eabi/6.3.1/../../../../arm-none-eabi/lib/thumb/v7-m\libcr_c.a(__init_alloc.o)
                0x100007c0                __heaps
 .bss.errno     0x100007c4        0x4 c:/nxp/mcuxpressoide_10.1.1_606/ide/tools/bin/../lib/gcc/arm-none-eabi/6.3.1/../../../../arm-none-eabi/lib/thumb/v7-m\libcr_c.a(errno.o)
                0x100007c4                errno
 .bss.__Ciob    0x100007c8      0x1e0 c:/nxp/mcuxpressoide_10.1.1_606/ide/tools/bin/../lib/gcc/arm-none-eabi/6.3.1/../../../../arm-none-eabi/lib/thumb/v7-m\libcr_semihost.a(__ciob.o)
                0x100007c8                __Ciob
 *(COMMON)
 COMMON         0x100009a8        0x4 D:\Facultad\Digitales II\Repositorio MCU\lpc_chip_175x_6x\Debug\liblpc_chip_175x_6x.a(chip_17xx_40xx.o)
                0x100009a8                SystemCoreClock
                0x100009ac                . = ALIGN (0x4)
                0x100009ac                _ebss = .
                [!provide]                PROVIDE (end, .)

.noinit_RAM2    0x2007c000        0x0
 *(.noinit.$RAM2*)
 *(.noinit.$RamAHB32*)
                0x2007c000                . = ALIGN (0x4)

.noinit         0x100009ac        0x0
                0x100009ac                _noinit = .
 *(.noinit*)
                0x100009ac                . = ALIGN (0x4)
                0x100009ac                _end_noinit = .
                0x100009ac                PROVIDE (_pvHeapStart, DEFINED (__user_heap_base)?__user_heap_base:.)
                0x10008000                PROVIDE (_vStackTop, DEFINED (__user_stack_top)?__user_stack_top:(__top_RamLoc32 - 0x0))
                0xefff74de                PROVIDE (__valid_user_code_checksum, (0x0 - ((((((_vStackTop + (ResetISR + 0x1)) + (NMI_Handler + 0x1)) + (HardFault_Handler + 0x1)) + (DEFINED (MemManage_Handler)?MemManage_Handler:0x0 + 0x1)) + (DEFINED (BusFault_Handler)?BusFault_Handler:0x0 + 0x1)) + (DEFINED (UsageFault_Handler)?UsageFault_Handler:0x0 + 0x1))))
                0x00000000                _image_start = LOADADDR (.text)
                0x00004724                _image_end = (LOADADDR (.data) + SIZEOF (.data))
                0x00004724                _image_size = (_image_end - _image_start)
OUTPUT(PruebaSD.axf elf32-littlearm)

.debug_info     0x00000000     0x8bd2
 .debug_info    0x00000000      0x25e ./freeRTOS/src/FreeRTOSCommonHooks.o
 .debug_info    0x0000025e      0x132 ./freeRTOS/src/heap_3.o
 .debug_info    0x00000390      0x2d6 ./freeRTOS/src/list.o
 .debug_info    0x00000666      0x3e7 ./freeRTOS/src/port.o
 .debug_info    0x00000a4d      0xf58 ./freeRTOS/src/queue.o
 .debug_info    0x000019a5     0x19ae ./freeRTOS/src/tasks.o
 .debug_info    0x00003353      0xdb2 ./Example/src/SD.o
 .debug_info    0x00004105      0x25c ./Example/src/cr_startup_lpc175x_6x.o
 .debug_info    0x00004361      0xe4f ./Example/src/fat32.o
 .debug_info    0x000051b0      0xa7e ./Example/src/gpio.o
 .debug_info    0x00005c2e      0x6f5 ./Example/src/sdcard.o
 .debug_info    0x00006323      0x822 ./Example/src/spi.o
 .debug_info    0x00006b45      0x200 ./Example/src/sysinit.o
 .debug_info    0x00006d45      0x55a D:\Facultad\Digitales II\Repositorio MCU\lpc_chip_175x_6x\Debug\liblpc_chip_175x_6x.a(chip_17xx_40xx.o)
 .debug_info    0x0000729f      0xba2 D:\Facultad\Digitales II\Repositorio MCU\lpc_chip_175x_6x\Debug\liblpc_chip_175x_6x.a(clock_17xx_40xx.o)
 .debug_info    0x00007e41      0x325 D:\Facultad\Digitales II\Repositorio MCU\lpc_chip_175x_6x\Debug\liblpc_chip_175x_6x.a(iocon_17xx_40xx.o)
 .debug_info    0x00008166      0x5f3 D:\Facultad\Digitales II\Repositorio MCU\lpc_chip_175x_6x\Debug\liblpc_chip_175x_6x.a(rtc_17xx_40xx.o)
 .debug_info    0x00008759      0x479 D:\Facultad\Digitales II\Repositorio MCU\lpc_chip_175x_6x\Debug\liblpc_chip_175x_6x.a(sysinit_17xx_40xx.o)

.debug_abbrev   0x00000000     0x1e7d
 .debug_abbrev  0x00000000      0x17b ./freeRTOS/src/FreeRTOSCommonHooks.o
 .debug_abbrev  0x0000017b       0xe2 ./freeRTOS/src/heap_3.o
 .debug_abbrev  0x0000025d      0x112 ./freeRTOS/src/list.o
 .debug_abbrev  0x0000036f      0x231 ./freeRTOS/src/port.o
 .debug_abbrev  0x000005a0      0x242 ./freeRTOS/src/queue.o
 .debug_abbrev  0x000007e2      0x2fc ./freeRTOS/src/tasks.o
 .debug_abbrev  0x00000ade      0x2d8 ./Example/src/SD.o
 .debug_abbrev  0x00000db6      0x114 ./Example/src/cr_startup_lpc175x_6x.o
 .debug_abbrev  0x00000eca      0x205 ./Example/src/fat32.o
 .debug_abbrev  0x000010cf      0x13c ./Example/src/gpio.o
 .debug_abbrev  0x0000120b      0x165 ./Example/src/sdcard.o
 .debug_abbrev  0x00001370      0x189 ./Example/src/spi.o
 .debug_abbrev  0x000014f9       0xdb ./Example/src/sysinit.o
 .debug_abbrev  0x000015d4      0x14d D:\Facultad\Digitales II\Repositorio MCU\lpc_chip_175x_6x\Debug\liblpc_chip_175x_6x.a(chip_17xx_40xx.o)
 .debug_abbrev  0x00001721      0x301 D:\Facultad\Digitales II\Repositorio MCU\lpc_chip_175x_6x\Debug\liblpc_chip_175x_6x.a(clock_17xx_40xx.o)
 .debug_abbrev  0x00001a22      0x14a D:\Facultad\Digitales II\Repositorio MCU\lpc_chip_175x_6x\Debug\liblpc_chip_175x_6x.a(iocon_17xx_40xx.o)
 .debug_abbrev  0x00001b6c      0x187 D:\Facultad\Digitales II\Repositorio MCU\lpc_chip_175x_6x\Debug\liblpc_chip_175x_6x.a(rtc_17xx_40xx.o)
 .debug_abbrev  0x00001cf3      0x18a D:\Facultad\Digitales II\Repositorio MCU\lpc_chip_175x_6x\Debug\liblpc_chip_175x_6x.a(sysinit_17xx_40xx.o)

.debug_aranges  0x00000000      0x920
 .debug_aranges
                0x00000000       0x40 ./freeRTOS/src/FreeRTOSCommonHooks.o
 .debug_aranges
                0x00000040       0x28 ./freeRTOS/src/heap_3.o
 .debug_aranges
                0x00000068       0x40 ./freeRTOS/src/list.o
 .debug_aranges
                0x000000a8       0x78 ./freeRTOS/src/port.o
 .debug_aranges
                0x00000120      0x110 ./freeRTOS/src/queue.o
 .debug_aranges
                0x00000230      0x1e8 ./freeRTOS/src/tasks.o
 .debug_aranges
                0x00000418       0xa0 ./Example/src/SD.o
 .debug_aranges
                0x000004b8       0x80 ./Example/src/cr_startup_lpc175x_6x.o
 .debug_aranges
                0x00000538       0xb0 ./Example/src/fat32.o
 .debug_aranges
                0x000005e8       0x40 ./Example/src/gpio.o
 .debug_aranges
                0x00000628       0x48 ./Example/src/sdcard.o
 .debug_aranges
                0x00000670       0x38 ./Example/src/spi.o
 .debug_aranges
                0x000006a8       0x20 ./Example/src/sysinit.o
 .debug_aranges
                0x000006c8       0x38 D:\Facultad\Digitales II\Repositorio MCU\lpc_chip_175x_6x\Debug\liblpc_chip_175x_6x.a(chip_17xx_40xx.o)
 .debug_aranges
                0x00000700      0x120 D:\Facultad\Digitales II\Repositorio MCU\lpc_chip_175x_6x\Debug\liblpc_chip_175x_6x.a(clock_17xx_40xx.o)
 .debug_aranges
                0x00000820       0x30 D:\Facultad\Digitales II\Repositorio MCU\lpc_chip_175x_6x\Debug\liblpc_chip_175x_6x.a(iocon_17xx_40xx.o)
 .debug_aranges
                0x00000850       0x70 D:\Facultad\Digitales II\Repositorio MCU\lpc_chip_175x_6x\Debug\liblpc_chip_175x_6x.a(rtc_17xx_40xx.o)
 .debug_aranges
                0x000008c0       0x60 D:\Facultad\Digitales II\Repositorio MCU\lpc_chip_175x_6x\Debug\liblpc_chip_175x_6x.a(sysinit_17xx_40xx.o)

.debug_ranges   0x00000000      0x800
 .debug_ranges  0x00000000       0x30 ./freeRTOS/src/FreeRTOSCommonHooks.o
 .debug_ranges  0x00000030       0x18 ./freeRTOS/src/heap_3.o
 .debug_ranges  0x00000048       0x30 ./freeRTOS/src/list.o
 .debug_ranges  0x00000078       0x68 ./freeRTOS/src/port.o
 .debug_ranges  0x000000e0      0x100 ./freeRTOS/src/queue.o
 .debug_ranges  0x000001e0      0x1d8 ./freeRTOS/src/tasks.o
 .debug_ranges  0x000003b8       0x90 ./Example/src/SD.o
 .debug_ranges  0x00000448       0x70 ./Example/src/cr_startup_lpc175x_6x.o
 .debug_ranges  0x000004b8       0xa0 ./Example/src/fat32.o
 .debug_ranges  0x00000558       0x30 ./Example/src/gpio.o
 .debug_ranges  0x00000588       0x38 ./Example/src/sdcard.o
 .debug_ranges  0x000005c0       0x28 ./Example/src/spi.o
 .debug_ranges  0x000005e8       0x10 ./Example/src/sysinit.o
 .debug_ranges  0x000005f8       0x28 D:\Facultad\Digitales II\Repositorio MCU\lpc_chip_175x_6x\Debug\liblpc_chip_175x_6x.a(chip_17xx_40xx.o)
 .debug_ranges  0x00000620      0x110 D:\Facultad\Digitales II\Repositorio MCU\lpc_chip_175x_6x\Debug\liblpc_chip_175x_6x.a(clock_17xx_40xx.o)
 .debug_ranges  0x00000730       0x20 D:\Facultad\Digitales II\Repositorio MCU\lpc_chip_175x_6x\Debug\liblpc_chip_175x_6x.a(iocon_17xx_40xx.o)
 .debug_ranges  0x00000750       0x60 D:\Facultad\Digitales II\Repositorio MCU\lpc_chip_175x_6x\Debug\liblpc_chip_175x_6x.a(rtc_17xx_40xx.o)
 .debug_ranges  0x000007b0       0x50 D:\Facultad\Digitales II\Repositorio MCU\lpc_chip_175x_6x\Debug\liblpc_chip_175x_6x.a(sysinit_17xx_40xx.o)

.debug_macro    0x00000000     0x72d1
 .debug_macro   0x00000000      0x259 ./freeRTOS/src/FreeRTOSCommonHooks.o
 .debug_macro   0x00000259      0x8d4 ./freeRTOS/src/FreeRTOSCommonHooks.o
 .debug_macro   0x00000b2d       0x10 ./freeRTOS/src/FreeRTOSCommonHooks.o
 .debug_macro   0x00000b3d      0x12d ./freeRTOS/src/FreeRTOSCommonHooks.o
 .debug_macro   0x00000c6a       0x16 ./freeRTOS/src/FreeRTOSCommonHooks.o
 .debug_macro   0x00000c80      0x5b2 ./freeRTOS/src/FreeRTOSCommonHooks.o
 .debug_macro   0x00001232       0xe8 ./freeRTOS/src/FreeRTOSCommonHooks.o
 .debug_macro   0x0000131a      0x168 ./freeRTOS/src/FreeRTOSCommonHooks.o
 .debug_macro   0x00001482       0xe4 ./freeRTOS/src/FreeRTOSCommonHooks.o
 .debug_macro   0x00001566       0x10 ./freeRTOS/src/FreeRTOSCommonHooks.o
 .debug_macro   0x00001576       0x1f ./freeRTOS/src/FreeRTOSCommonHooks.o
 .debug_macro   0x00001595      0x3f3 ./freeRTOS/src/FreeRTOSCommonHooks.o
 .debug_macro   0x00001988       0xc0 ./freeRTOS/src/FreeRTOSCommonHooks.o
 .debug_macro   0x00001a48       0x8c ./freeRTOS/src/FreeRTOSCommonHooks.o
 .debug_macro   0x00001ad4       0x22 ./freeRTOS/src/FreeRTOSCommonHooks.o
 .debug_macro   0x00001af6       0x74 ./freeRTOS/src/FreeRTOSCommonHooks.o
 .debug_macro   0x00001b6a       0x10 ./freeRTOS/src/FreeRTOSCommonHooks.o
 .debug_macro   0x00001b7a       0x2d ./freeRTOS/src/FreeRTOSCommonHooks.o
 .debug_macro   0x00001ba7       0x3a ./freeRTOS/src/FreeRTOSCommonHooks.o
 .debug_macro   0x00001be1       0x2d ./freeRTOS/src/FreeRTOSCommonHooks.o
 .debug_macro   0x00001c0e      0xbb1 ./freeRTOS/src/FreeRTOSCommonHooks.o
 .debug_macro   0x000027bf      0x22c ./freeRTOS/src/FreeRTOSCommonHooks.o
 .debug_macro   0x000029eb       0x42 ./freeRTOS/src/FreeRTOSCommonHooks.o
 .debug_macro   0x00002a2d       0x52 ./freeRTOS/src/FreeRTOSCommonHooks.o
 .debug_macro   0x00002a7f       0x78 ./freeRTOS/src/FreeRTOSCommonHooks.o
 .debug_macro   0x00002af7       0x82 ./freeRTOS/src/FreeRTOSCommonHooks.o
 .debug_macro   0x00002b79      0x48c ./freeRTOS/src/FreeRTOSCommonHooks.o
 .debug_macro   0x00003005       0x34 ./freeRTOS/src/FreeRTOSCommonHooks.o
 .debug_macro   0x00003039      0x4c5 ./freeRTOS/src/FreeRTOSCommonHooks.o
 .debug_macro   0x000034fe      0x1b7 ./freeRTOS/src/FreeRTOSCommonHooks.o
 .debug_macro   0x000036b5       0x10 ./freeRTOS/src/FreeRTOSCommonHooks.o
 .debug_macro   0x000036c5      0x21b ./freeRTOS/src/FreeRTOSCommonHooks.o
 .debug_macro   0x000038e0      0x1b9 ./freeRTOS/src/FreeRTOSCommonHooks.o
 .debug_macro   0x00003a99       0x40 ./freeRTOS/src/FreeRTOSCommonHooks.o
 .debug_macro   0x00003ad9       0x22 ./freeRTOS/src/FreeRTOSCommonHooks.o
 .debug_macro   0x00003afb      0x162 ./freeRTOS/src/FreeRTOSCommonHooks.o
 .debug_macro   0x00003c5d       0x94 ./freeRTOS/src/FreeRTOSCommonHooks.o
 .debug_macro   0x00003cf1       0xb3 ./freeRTOS/src/FreeRTOSCommonHooks.o
 .debug_macro   0x00003da4       0x4c ./freeRTOS/src/FreeRTOSCommonHooks.o
 .debug_macro   0x00003df0       0x16 ./freeRTOS/src/FreeRTOSCommonHooks.o
 .debug_macro   0x00003e06      0x328 ./freeRTOS/src/FreeRTOSCommonHooks.o
 .debug_macro   0x0000412e       0x49 ./freeRTOS/src/FreeRTOSCommonHooks.o
 .debug_macro   0x00004177       0x16 ./freeRTOS/src/FreeRTOSCommonHooks.o
 .debug_macro   0x0000418d       0xca ./freeRTOS/src/FreeRTOSCommonHooks.o
 .debug_macro   0x00004257       0x11 ./freeRTOS/src/FreeRTOSCommonHooks.o
 .debug_macro   0x00004268       0xd4 ./freeRTOS/src/heap_3.o
 .debug_macro   0x0000433c       0xb9 ./freeRTOS/src/list.o
 .debug_macro   0x000043f5      0x159 ./freeRTOS/src/port.o
 .debug_macro   0x0000454e      0x122 ./freeRTOS/src/queue.o
 .debug_macro   0x00004670       0x94 ./freeRTOS/src/queue.o
 .debug_macro   0x00004704      0x185 ./freeRTOS/src/tasks.o
 .debug_macro   0x00004889       0x11 ./freeRTOS/src/tasks.o
 .debug_macro   0x0000489a      0x2fb ./Example/src/SD.o
 .debug_macro   0x00004b95       0x7b ./Example/src/SD.o
 .debug_macro   0x00004c10       0x18 ./Example/src/SD.o
 .debug_macro   0x00004c28       0x10 ./Example/src/SD.o
 .debug_macro   0x00004c38       0xe8 ./Example/src/SD.o
 .debug_macro   0x00004d20       0x78 ./Example/src/SD.o
 .debug_macro   0x00004d98       0x82 ./Example/src/SD.o
 .debug_macro   0x00004e1a       0x1c ./Example/src/SD.o
 .debug_macro   0x00004e36      0x21d ./Example/src/SD.o
 .debug_macro   0x00005053      0x12a ./Example/src/SD.o
 .debug_macro   0x0000517d       0x5e ./Example/src/SD.o
 .debug_macro   0x000051db       0xb2 ./Example/src/SD.o
 .debug_macro   0x0000528d       0x1d ./Example/src/cr_startup_lpc175x_6x.o
 .debug_macro   0x000052aa       0xd4 ./Example/src/fat32.o
 .debug_macro   0x0000537e      0x217 ./Example/src/fat32.o
 .debug_macro   0x00005595       0x22 ./Example/src/fat32.o
 .debug_macro   0x000055b7      0x170 ./Example/src/fat32.o
 .debug_macro   0x00005727       0x94 ./Example/src/gpio.o
 .debug_macro   0x000057bb      0x224 ./Example/src/gpio.o
 .debug_macro   0x000059df       0x1c ./Example/src/gpio.o
 .debug_macro   0x000059fb       0xc5 ./Example/src/sdcard.o
 .debug_macro   0x00005ac0      0x21e ./Example/src/sdcard.o
 .debug_macro   0x00005cde       0x58 ./Example/src/sdcard.o
 .debug_macro   0x00005d36      0x130 ./Example/src/sdcard.o
 .debug_macro   0x00005e66       0x99 ./Example/src/spi.o
 .debug_macro   0x00005eff      0x1d7 ./Example/src/sysinit.o
 .debug_macro   0x000060d6      0x1d7 D:\Facultad\Digitales II\Repositorio MCU\lpc_chip_175x_6x\Debug\liblpc_chip_175x_6x.a(chip_17xx_40xx.o)
 .debug_macro   0x000062ad      0x8c8 D:\Facultad\Digitales II\Repositorio MCU\lpc_chip_175x_6x\Debug\liblpc_chip_175x_6x.a(chip_17xx_40xx.o)
 .debug_macro   0x00006b75      0x1d7 D:\Facultad\Digitales II\Repositorio MCU\lpc_chip_175x_6x\Debug\liblpc_chip_175x_6x.a(clock_17xx_40xx.o)
 .debug_macro   0x00006d4c      0x1d7 D:\Facultad\Digitales II\Repositorio MCU\lpc_chip_175x_6x\Debug\liblpc_chip_175x_6x.a(iocon_17xx_40xx.o)
 .debug_macro   0x00006f23      0x1d7 D:\Facultad\Digitales II\Repositorio MCU\lpc_chip_175x_6x\Debug\liblpc_chip_175x_6x.a(rtc_17xx_40xx.o)
 .debug_macro   0x000070fa      0x1d7 D:\Facultad\Digitales II\Repositorio MCU\lpc_chip_175x_6x\Debug\liblpc_chip_175x_6x.a(sysinit_17xx_40xx.o)

.debug_line     0x00000000     0x5316
 .debug_line    0x00000000      0x576 ./freeRTOS/src/FreeRTOSCommonHooks.o
 .debug_line    0x00000576      0x213 ./freeRTOS/src/heap_3.o
 .debug_line    0x00000789      0x261 ./freeRTOS/src/list.o
 .debug_line    0x000009ea      0x33a ./freeRTOS/src/port.o
 .debug_line    0x00000d24      0x659 ./freeRTOS/src/queue.o
 .debug_line    0x0000137d      0xba4 ./freeRTOS/src/tasks.o
 .debug_line    0x00001f21      0x77d ./Example/src/SD.o
 .debug_line    0x0000269e       0xdb ./Example/src/cr_startup_lpc175x_6x.o
 .debug_line    0x00002779      0x6b2 ./Example/src/fat32.o
 .debug_line    0x00002e2b      0x24d ./Example/src/gpio.o
 .debug_line    0x00003078      0x334 ./Example/src/sdcard.o
 .debug_line    0x000033ac      0x23b ./Example/src/spi.o
 .debug_line    0x000035e7      0x3fc ./Example/src/sysinit.o
 .debug_line    0x000039e3      0x444 D:\Facultad\Digitales II\Repositorio MCU\lpc_chip_175x_6x\Debug\liblpc_chip_175x_6x.a(chip_17xx_40xx.o)
 .debug_line    0x00003e27      0x6c0 D:\Facultad\Digitales II\Repositorio MCU\lpc_chip_175x_6x\Debug\liblpc_chip_175x_6x.a(clock_17xx_40xx.o)
 .debug_line    0x000044e7      0x430 D:\Facultad\Digitales II\Repositorio MCU\lpc_chip_175x_6x\Debug\liblpc_chip_175x_6x.a(iocon_17xx_40xx.o)
 .debug_line    0x00004917      0x545 D:\Facultad\Digitales II\Repositorio MCU\lpc_chip_175x_6x\Debug\liblpc_chip_175x_6x.a(rtc_17xx_40xx.o)
 .debug_line    0x00004e5c      0x4ba D:\Facultad\Digitales II\Repositorio MCU\lpc_chip_175x_6x\Debug\liblpc_chip_175x_6x.a(sysinit_17xx_40xx.o)

.debug_str      0x00000000    0x1d033
 .debug_str     0x00000000    0x13a8e ./freeRTOS/src/FreeRTOSCommonHooks.o
                              0x13b8d (size before relaxing)
 .debug_str     0x00013a8e      0x103 ./freeRTOS/src/heap_3.o
                               0x7287 (size before relaxing)
 .debug_str     0x00013b91      0x139 ./freeRTOS/src/list.o
                               0x6d97 (size before relaxing)
 .debug_str     0x00013cca      0x75a ./freeRTOS/src/port.o
                               0x796a (size before relaxing)
 .debug_str     0x00014424      0xf75 ./freeRTOS/src/queue.o
                               0x8313 (size before relaxing)
 .debug_str     0x00015399     0x1b51 ./freeRTOS/src/tasks.o
                               0x9071 (size before relaxing)
 .debug_str     0x00016eea     0x278e ./Example/src/SD.o
                              0x16b10 (size before relaxing)
 .debug_str     0x00019678      0x1b3 ./Example/src/cr_startup_lpc175x_6x.o
                               0x275b (size before relaxing)
 .debug_str     0x0001982b     0x220c ./Example/src/fat32.o
                               0xb780 (size before relaxing)
 .debug_str     0x0001ba37      0x67c ./Example/src/gpio.o
                               0xa70c (size before relaxing)
 .debug_str     0x0001c0b3       0xd2 ./Example/src/sdcard.o
                               0xb573 (size before relaxing)
 .debug_str     0x0001c185      0x1a3 ./Example/src/spi.o
                               0xa6ed (size before relaxing)
 .debug_str     0x0001c328       0x23 ./Example/src/sysinit.o
                              0x1077d (size before relaxing)
 .debug_str     0x0001c34b      0x1c9 D:\Facultad\Digitales II\Repositorio MCU\lpc_chip_175x_6x\Debug\liblpc_chip_175x_6x.a(chip_17xx_40xx.o)
                              0x10b9f (size before relaxing)
 .debug_str     0x0001c514      0x857 D:\Facultad\Digitales II\Repositorio MCU\lpc_chip_175x_6x\Debug\liblpc_chip_175x_6x.a(clock_17xx_40xx.o)
                              0x1121d (size before relaxing)
 .debug_str     0x0001cd6b       0xa4 D:\Facultad\Digitales II\Repositorio MCU\lpc_chip_175x_6x\Debug\liblpc_chip_175x_6x.a(iocon_17xx_40xx.o)
                              0x1069a (size before relaxing)
 .debug_str     0x0001ce0f      0x160 D:\Facultad\Digitales II\Repositorio MCU\lpc_chip_175x_6x\Debug\liblpc_chip_175x_6x.a(rtc_17xx_40xx.o)
                              0x10ade (size before relaxing)
 .debug_str     0x0001cf6f       0xc4 D:\Facultad\Digitales II\Repositorio MCU\lpc_chip_175x_6x\Debug\liblpc_chip_175x_6x.a(sysinit_17xx_40xx.o)
                              0x10882 (size before relaxing)

.comment        0x00000000       0x7f
 .comment       0x00000000       0x7f ./freeRTOS/src/FreeRTOSCommonHooks.o
                                 0x80 (size before relaxing)
 .comment       0x0000007f       0x80 ./freeRTOS/src/heap_3.o
 .comment       0x0000007f       0x80 ./freeRTOS/src/list.o
 .comment       0x0000007f       0x80 ./freeRTOS/src/port.o
 .comment       0x0000007f       0x80 ./freeRTOS/src/queue.o
 .comment       0x0000007f       0x80 ./freeRTOS/src/tasks.o
 .comment       0x0000007f       0x80 ./Example/src/SD.o
 .comment       0x0000007f       0x80 ./Example/src/cr_startup_lpc175x_6x.o
 .comment       0x0000007f       0x80 ./Example/src/fat32.o
 .comment       0x0000007f       0x80 ./Example/src/gpio.o
 .comment       0x0000007f       0x80 ./Example/src/sdcard.o
 .comment       0x0000007f       0x80 ./Example/src/spi.o
 .comment       0x0000007f       0x80 ./Example/src/sysinit.o
 .comment       0x0000007f       0x80 D:\Facultad\Digitales II\Repositorio MCU\lpc_chip_175x_6x\Debug\liblpc_chip_175x_6x.a(chip_17xx_40xx.o)
 .comment       0x0000007f       0x80 D:\Facultad\Digitales II\Repositorio MCU\lpc_chip_175x_6x\Debug\liblpc_chip_175x_6x.a(clock_17xx_40xx.o)
 .comment       0x0000007f       0x80 D:\Facultad\Digitales II\Repositorio MCU\lpc_chip_175x_6x\Debug\liblpc_chip_175x_6x.a(iocon_17xx_40xx.o)
 .comment       0x0000007f       0x80 D:\Facultad\Digitales II\Repositorio MCU\lpc_chip_175x_6x\Debug\liblpc_chip_175x_6x.a(rtc_17xx_40xx.o)
 .comment       0x0000007f       0x80 D:\Facultad\Digitales II\Repositorio MCU\lpc_chip_175x_6x\Debug\liblpc_chip_175x_6x.a(sysinit_17xx_40xx.o)
 .comment       0x0000007f       0x80 c:/nxp/mcuxpressoide_10.1.1_606/ide/tools/bin/../lib/gcc/arm-none-eabi/6.3.1/../../../../arm-none-eabi/lib/thumb/v7-m\libcr_semihost.a(_cr__main.o)
 .comment       0x0000007f       0x80 c:/nxp/mcuxpressoide_10.1.1_606/ide/tools/bin/../lib/gcc/arm-none-eabi/6.3.1/../../../../arm-none-eabi/lib/thumb/v7-m\libcr_c.a(memcpy.o)
 .comment       0x0000007f       0x80 c:/nxp/mcuxpressoide_10.1.1_606/ide/tools/bin/../lib/gcc/arm-none-eabi/6.3.1/../../../../arm-none-eabi/lib/thumb/v7-m\libcr_c.a(memset.o)
 .comment       0x0000007f       0x80 c:/nxp/mcuxpressoide_10.1.1_606/ide/tools/bin/../lib/gcc/arm-none-eabi/6.3.1/../../../../arm-none-eabi/lib/thumb/v7-m\libcr_c.a(alloc.o)
 .comment       0x0000007f       0x80 c:/nxp/mcuxpressoide_10.1.1_606/ide/tools/bin/../lib/gcc/arm-none-eabi/6.3.1/../../../../arm-none-eabi/lib/thumb/v7-m\libcr_c.a(initio.o)
 .comment       0x0000007f       0x80 c:/nxp/mcuxpressoide_10.1.1_606/ide/tools/bin/../lib/gcc/arm-none-eabi/6.3.1/../../../../arm-none-eabi/lib/thumb/v7-m\libcr_c.a(itoa.o)
 .comment       0x0000007f       0x80 c:/nxp/mcuxpressoide_10.1.1_606/ide/tools/bin/../lib/gcc/arm-none-eabi/6.3.1/../../../../arm-none-eabi/lib/thumb/v7-m\libcr_c.a(setvbuf.o)
 .comment       0x0000007f       0x80 c:/nxp/mcuxpressoide_10.1.1_606/ide/tools/bin/../lib/gcc/arm-none-eabi/6.3.1/../../../../arm-none-eabi/lib/thumb/v7-m\libcr_c.a(strcat.o)
 .comment       0x0000007f       0x80 c:/nxp/mcuxpressoide_10.1.1_606/ide/tools/bin/../lib/gcc/arm-none-eabi/6.3.1/../../../../arm-none-eabi/lib/thumb/v7-m\libcr_c.a(strcpy.o)
 .comment       0x0000007f       0x80 c:/nxp/mcuxpressoide_10.1.1_606/ide/tools/bin/../lib/gcc/arm-none-eabi/6.3.1/../../../../arm-none-eabi/lib/thumb/v7-m\libcr_c.a(__init_alloc.o)
 .comment       0x0000007f       0x80 c:/nxp/mcuxpressoide_10.1.1_606/ide/tools/bin/../lib/gcc/arm-none-eabi/6.3.1/../../../../arm-none-eabi/lib/thumb/v7-m\libcr_c.a(_cr_sbrk.o)
 .comment       0x0000007f       0x80 c:/nxp/mcuxpressoide_10.1.1_606/ide/tools/bin/../lib/gcc/arm-none-eabi/6.3.1/../../../../arm-none-eabi/lib/thumb/v7-m\libcr_c.a(_fdopen.o)
 .comment       0x0000007f       0x80 c:/nxp/mcuxpressoide_10.1.1_606/ide/tools/bin/../lib/gcc/arm-none-eabi/6.3.1/../../../../arm-none-eabi/lib/thumb/v7-m\libcr_c.a(errno.o)
 .comment       0x0000007f       0x80 c:/nxp/mcuxpressoide_10.1.1_606/ide/tools/bin/../lib/gcc/arm-none-eabi/6.3.1/../../../../arm-none-eabi/lib/thumb/v7-m\libcr_c.a(fclose.o)
 .comment       0x0000007f       0x80 c:/nxp/mcuxpressoide_10.1.1_606/ide/tools/bin/../lib/gcc/arm-none-eabi/6.3.1/../../../../arm-none-eabi/lib/thumb/v7-m\libcr_c.a(fflush.o)
 .comment       0x0000007f       0x80 c:/nxp/mcuxpressoide_10.1.1_606/ide/tools/bin/../lib/gcc/arm-none-eabi/6.3.1/../../../../arm-none-eabi/lib/thumb/v7-m\libcr_c.a(fseek.o)
 .comment       0x0000007f       0x80 c:/nxp/mcuxpressoide_10.1.1_606/ide/tools/bin/../lib/gcc/arm-none-eabi/6.3.1/../../../../arm-none-eabi/lib/thumb/v7-m\libcr_c.a(ftell.o)
 .comment       0x0000007f       0x80 c:/nxp/mcuxpressoide_10.1.1_606/ide/tools/bin/../lib/gcc/arm-none-eabi/6.3.1/../../../../arm-none-eabi/lib/thumb/v7-m\libcr_c.a(remove.o)
 .comment       0x0000007f       0x80 c:/nxp/mcuxpressoide_10.1.1_606/ide/tools/bin/../lib/gcc/arm-none-eabi/6.3.1/../../../../arm-none-eabi/lib/thumb/v7-m\libcr_c.a(strlen.o)
 .comment       0x0000007f       0x80 c:/nxp/mcuxpressoide_10.1.1_606/ide/tools/bin/../lib/gcc/arm-none-eabi/6.3.1/../../../../arm-none-eabi/lib/thumb/v7-m\libcr_c.a(_cr_check_heap.o)
 .comment       0x0000007f       0x80 c:/nxp/mcuxpressoide_10.1.1_606/ide/tools/bin/../lib/gcc/arm-none-eabi/6.3.1/../../../../arm-none-eabi/lib/thumb/v7-m\libcr_c.a(_do_fflush.o)
 .comment       0x0000007f       0x80 c:/nxp/mcuxpressoide_10.1.1_606/ide/tools/bin/../lib/gcc/arm-none-eabi/6.3.1/../../../../arm-none-eabi/lib/thumb/v7-m\libcr_c.a(_fflush.o)
 .comment       0x0000007f       0x80 c:/nxp/mcuxpressoide_10.1.1_606/ide/tools/bin/../lib/gcc/arm-none-eabi/6.3.1/../../../../arm-none-eabi/lib/thumb/v7-m\libcr_c.a(_writebuf.o)
 .comment       0x0000007f       0x80 c:/nxp/mcuxpressoide_10.1.1_606/ide/tools/bin/../lib/gcc/arm-none-eabi/6.3.1/../../../../arm-none-eabi/lib/thumb/v7-m\libcr_c.a(_deferredlazyseek.o)
 .comment       0x0000007f       0x80 c:/nxp/mcuxpressoide_10.1.1_606/ide/tools/bin/../lib/gcc/arm-none-eabi/6.3.1/../../../../arm-none-eabi/lib/thumb/v7-m\libcr_semihost.a(__ciob.o)

.ARM.attributes
                0x00000000       0x31
 .ARM.attributes
                0x00000000       0x33 ./freeRTOS/src/FreeRTOSCommonHooks.o
 .ARM.attributes
                0x00000033       0x33 ./freeRTOS/src/heap_3.o
 .ARM.attributes
                0x00000066       0x33 ./freeRTOS/src/list.o
 .ARM.attributes
                0x00000099       0x33 ./freeRTOS/src/port.o
 .ARM.attributes
                0x000000cc       0x33 ./freeRTOS/src/queue.o
 .ARM.attributes
                0x000000ff       0x33 ./freeRTOS/src/tasks.o
 .ARM.attributes
                0x00000132       0x33 ./Example/src/SD.o
 .ARM.attributes
                0x00000165       0x33 ./Example/src/cr_startup_lpc175x_6x.o
 .ARM.attributes
                0x00000198       0x33 ./Example/src/fat32.o
 .ARM.attributes
                0x000001cb       0x33 ./Example/src/gpio.o
 .ARM.attributes
                0x000001fe       0x33 ./Example/src/sdcard.o
 .ARM.attributes
                0x00000231       0x33 ./Example/src/spi.o
 .ARM.attributes
                0x00000264       0x33 ./Example/src/sysinit.o
 .ARM.attributes
                0x00000297       0x33 D:\Facultad\Digitales II\Repositorio MCU\lpc_chip_175x_6x\Debug\liblpc_chip_175x_6x.a(chip_17xx_40xx.o)
 .ARM.attributes
                0x000002ca       0x33 D:\Facultad\Digitales II\Repositorio MCU\lpc_chip_175x_6x\Debug\liblpc_chip_175x_6x.a(clock_17xx_40xx.o)
 .ARM.attributes
                0x000002fd       0x33 D:\Facultad\Digitales II\Repositorio MCU\lpc_chip_175x_6x\Debug\liblpc_chip_175x_6x.a(iocon_17xx_40xx.o)
 .ARM.attributes
                0x00000330       0x33 D:\Facultad\Digitales II\Repositorio MCU\lpc_chip_175x_6x\Debug\liblpc_chip_175x_6x.a(rtc_17xx_40xx.o)
 .ARM.attributes
                0x00000363       0x33 D:\Facultad\Digitales II\Repositorio MCU\lpc_chip_175x_6x\Debug\liblpc_chip_175x_6x.a(sysinit_17xx_40xx.o)
 .ARM.attributes
                0x00000396       0x33 c:/nxp/mcuxpressoide_10.1.1_606/ide/tools/bin/../lib/gcc/arm-none-eabi/6.3.1/../../../../arm-none-eabi/lib/thumb/v7-m\libcr_semihost.a(_cr__main.o)
 .ARM.attributes
                0x000003c9       0x33 c:/nxp/mcuxpressoide_10.1.1_606/ide/tools/bin/../lib/gcc/arm-none-eabi/6.3.1/../../../../arm-none-eabi/lib/thumb/v7-m\libcr_c.a(memcpy.o)
 .ARM.attributes
                0x000003fc       0x33 c:/nxp/mcuxpressoide_10.1.1_606/ide/tools/bin/../lib/gcc/arm-none-eabi/6.3.1/../../../../arm-none-eabi/lib/thumb/v7-m\libcr_c.a(memset.o)
 .ARM.attributes
                0x0000042f       0x33 c:/nxp/mcuxpressoide_10.1.1_606/ide/tools/bin/../lib/gcc/arm-none-eabi/6.3.1/../../../../arm-none-eabi/lib/thumb/v7-m\libcr_c.a(alloc.o)
 .ARM.attributes
                0x00000462       0x33 c:/nxp/mcuxpressoide_10.1.1_606/ide/tools/bin/../lib/gcc/arm-none-eabi/6.3.1/../../../../arm-none-eabi/lib/thumb/v7-m\libcr_c.a(initio.o)
 .ARM.attributes
                0x00000495       0x33 c:/nxp/mcuxpressoide_10.1.1_606/ide/tools/bin/../lib/gcc/arm-none-eabi/6.3.1/../../../../arm-none-eabi/lib/thumb/v7-m\libcr_c.a(itoa.o)
 .ARM.attributes
                0x000004c8       0x33 c:/nxp/mcuxpressoide_10.1.1_606/ide/tools/bin/../lib/gcc/arm-none-eabi/6.3.1/../../../../arm-none-eabi/lib/thumb/v7-m\libcr_c.a(setvbuf.o)
 .ARM.attributes
                0x000004fb       0x33 c:/nxp/mcuxpressoide_10.1.1_606/ide/tools/bin/../lib/gcc/arm-none-eabi/6.3.1/../../../../arm-none-eabi/lib/thumb/v7-m\libcr_c.a(strcat.o)
 .ARM.attributes
                0x0000052e       0x33 c:/nxp/mcuxpressoide_10.1.1_606/ide/tools/bin/../lib/gcc/arm-none-eabi/6.3.1/../../../../arm-none-eabi/lib/thumb/v7-m\libcr_c.a(strcpy.o)
 .ARM.attributes
                0x00000561       0x33 c:/nxp/mcuxpressoide_10.1.1_606/ide/tools/bin/../lib/gcc/arm-none-eabi/6.3.1/../../../../arm-none-eabi/lib/thumb/v7-m\libcr_c.a(__init_alloc.o)
 .ARM.attributes
                0x00000594       0x33 c:/nxp/mcuxpressoide_10.1.1_606/ide/tools/bin/../lib/gcc/arm-none-eabi/6.3.1/../../../../arm-none-eabi/lib/thumb/v7-m\libcr_c.a(_cr_sbrk.o)
 .ARM.attributes
                0x000005c7       0x33 c:/nxp/mcuxpressoide_10.1.1_606/ide/tools/bin/../lib/gcc/arm-none-eabi/6.3.1/../../../../arm-none-eabi/lib/thumb/v7-m\libcr_c.a(_fdopen.o)
 .ARM.attributes
                0x000005fa       0x33 c:/nxp/mcuxpressoide_10.1.1_606/ide/tools/bin/../lib/gcc/arm-none-eabi/6.3.1/../../../../arm-none-eabi/lib/thumb/v7-m\libcr_c.a(errno.o)
 .ARM.attributes
                0x0000062d       0x33 c:/nxp/mcuxpressoide_10.1.1_606/ide/tools/bin/../lib/gcc/arm-none-eabi/6.3.1/../../../../arm-none-eabi/lib/thumb/v7-m\libcr_c.a(fclose.o)
 .ARM.attributes
                0x00000660       0x33 c:/nxp/mcuxpressoide_10.1.1_606/ide/tools/bin/../lib/gcc/arm-none-eabi/6.3.1/../../../../arm-none-eabi/lib/thumb/v7-m\libcr_c.a(fflush.o)
 .ARM.attributes
                0x00000693       0x33 c:/nxp/mcuxpressoide_10.1.1_606/ide/tools/bin/../lib/gcc/arm-none-eabi/6.3.1/../../../../arm-none-eabi/lib/thumb/v7-m\libcr_c.a(fseek.o)
 .ARM.attributes
                0x000006c6       0x33 c:/nxp/mcuxpressoide_10.1.1_606/ide/tools/bin/../lib/gcc/arm-none-eabi/6.3.1/../../../../arm-none-eabi/lib/thumb/v7-m\libcr_c.a(ftell.o)
 .ARM.attributes
                0x000006f9       0x33 c:/nxp/mcuxpressoide_10.1.1_606/ide/tools/bin/../lib/gcc/arm-none-eabi/6.3.1/../../../../arm-none-eabi/lib/thumb/v7-m\libcr_c.a(remove.o)
 .ARM.attributes
                0x0000072c       0x33 c:/nxp/mcuxpressoide_10.1.1_606/ide/tools/bin/../lib/gcc/arm-none-eabi/6.3.1/../../../../arm-none-eabi/lib/thumb/v7-m\libcr_c.a(strlen.o)
 .ARM.attributes
                0x0000075f       0x33 c:/nxp/mcuxpressoide_10.1.1_606/ide/tools/bin/../lib/gcc/arm-none-eabi/6.3.1/../../../../arm-none-eabi/lib/thumb/v7-m\libcr_c.a(_cr_check_heap.o)
 .ARM.attributes
                0x00000792       0x33 c:/nxp/mcuxpressoide_10.1.1_606/ide/tools/bin/../lib/gcc/arm-none-eabi/6.3.1/../../../../arm-none-eabi/lib/thumb/v7-m\libcr_c.a(_do_fflush.o)
 .ARM.attributes
                0x000007c5       0x33 c:/nxp/mcuxpressoide_10.1.1_606/ide/tools/bin/../lib/gcc/arm-none-eabi/6.3.1/../../../../arm-none-eabi/lib/thumb/v7-m\libcr_c.a(_fflush.o)
 .ARM.attributes
                0x000007f8       0x33 c:/nxp/mcuxpressoide_10.1.1_606/ide/tools/bin/../lib/gcc/arm-none-eabi/6.3.1/../../../../arm-none-eabi/lib/thumb/v7-m\libcr_c.a(_writebuf.o)
 .ARM.attributes
                0x0000082b       0x33 c:/nxp/mcuxpressoide_10.1.1_606/ide/tools/bin/../lib/gcc/arm-none-eabi/6.3.1/../../../../arm-none-eabi/lib/thumb/v7-m\libcr_c.a(_deferredlazyseek.o)
 .ARM.attributes
                0x0000085e       0x21 c:/nxp/mcuxpressoide_10.1.1_606/ide/tools/bin/../lib/gcc/arm-none-eabi/6.3.1/thumb/v7-m\libcr_eabihelpers.a(memcpy.o)
 .ARM.attributes
                0x0000087f       0x33 c:/nxp/mcuxpressoide_10.1.1_606/ide/tools/bin/../lib/gcc/arm-none-eabi/6.3.1/../../../../arm-none-eabi/lib/thumb/v7-m\libcr_semihost.a(__ciob.o)
 .ARM.attributes
                0x000008b2       0x21 c:/nxp/mcuxpressoide_10.1.1_606/ide/tools/bin/../lib/gcc/arm-none-eabi/6.3.1/../../../../arm-none-eabi/lib/thumb/v7-m\libcr_semihost.a(__sys_close.o)
 .ARM.attributes
                0x000008d3       0x21 c:/nxp/mcuxpressoide_10.1.1_606/ide/tools/bin/../lib/gcc/arm-none-eabi/6.3.1/../../../../arm-none-eabi/lib/thumb/v7-m\libcr_semihost.a(__sys_flen.o)
 .ARM.attributes
                0x000008f4       0x21 c:/nxp/mcuxpressoide_10.1.1_606/ide/tools/bin/../lib/gcc/arm-none-eabi/6.3.1/../../../../arm-none-eabi/lib/thumb/v7-m\libcr_semihost.a(__sys_istty.o)
 .ARM.attributes
                0x00000915       0x21 c:/nxp/mcuxpressoide_10.1.1_606/ide/tools/bin/../lib/gcc/arm-none-eabi/6.3.1/../../../../arm-none-eabi/lib/thumb/v7-m\libcr_semihost.a(__sys_remove.o)
 .ARM.attributes
                0x00000936       0x21 c:/nxp/mcuxpressoide_10.1.1_606/ide/tools/bin/../lib/gcc/arm-none-eabi/6.3.1/../../../../arm-none-eabi/lib/thumb/v7-m\libcr_semihost.a(__sys_seek.o)
 .ARM.attributes
                0x00000957       0x21 c:/nxp/mcuxpressoide_10.1.1_606/ide/tools/bin/../lib/gcc/arm-none-eabi/6.3.1/../../../../arm-none-eabi/lib/thumb/v7-m\libcr_semihost.a(__sys_tmpnam.o)
 .ARM.attributes
                0x00000978       0x21 c:/nxp/mcuxpressoide_10.1.1_606/ide/tools/bin/../lib/gcc/arm-none-eabi/6.3.1/../../../../arm-none-eabi/lib/thumb/v7-m\libcr_semihost.a(__sys_write.o)

.debug_frame    0x00000000     0x2254
 .debug_frame   0x00000000       0xb4 ./freeRTOS/src/FreeRTOSCommonHooks.o
 .debug_frame   0x000000b4       0x58 ./freeRTOS/src/heap_3.o
 .debug_frame   0x0000010c       0xd8 ./freeRTOS/src/list.o
 .debug_frame   0x000001e4      0x178 ./freeRTOS/src/port.o
 .debug_frame   0x0000035c      0x498 ./freeRTOS/src/queue.o
 .debug_frame   0x000007f4      0x864 ./freeRTOS/src/tasks.o
 .debug_frame   0x00001058      0x288 ./Example/src/SD.o
 .debug_frame   0x000012e0      0x170 ./Example/src/cr_startup_lpc175x_6x.o
 .debug_frame   0x00001450      0x2e0 ./Example/src/fat32.o
 .debug_frame   0x00001730       0xd8 ./Example/src/gpio.o
 .debug_frame   0x00001808       0xec ./Example/src/sdcard.o
 .debug_frame   0x000018f4       0xa8 ./Example/src/spi.o
 .debug_frame   0x0000199c       0x34 ./Example/src/sysinit.o
 .debug_frame   0x000019d0       0x88 D:\Facultad\Digitales II\Repositorio MCU\lpc_chip_175x_6x\Debug\liblpc_chip_175x_6x.a(chip_17xx_40xx.o)
 .debug_frame   0x00001a58      0x490 D:\Facultad\Digitales II\Repositorio MCU\lpc_chip_175x_6x\Debug\liblpc_chip_175x_6x.a(clock_17xx_40xx.o)
 .debug_frame   0x00001ee8       0x80 D:\Facultad\Digitales II\Repositorio MCU\lpc_chip_175x_6x\Debug\liblpc_chip_175x_6x.a(iocon_17xx_40xx.o)
 .debug_frame   0x00001f68      0x1c0 D:\Facultad\Digitales II\Repositorio MCU\lpc_chip_175x_6x\Debug\liblpc_chip_175x_6x.a(rtc_17xx_40xx.o)
 .debug_frame   0x00002128      0x12c D:\Facultad\Digitales II\Repositorio MCU\lpc_chip_175x_6x\Debug\liblpc_chip_175x_6x.a(sysinit_17xx_40xx.o)
