Archive member included to satisfy reference by file (symbol)

D:\Facultad\Digitales II\Repositorio MCU\lpc_chip_175x_6x\Debug\liblpc_chip_175x_6x.a(chip_17xx_40xx.o)
                              ./freeRTOS/src/port.o (SystemCoreClock)
D:\Facultad\Digitales II\Repositorio MCU\lpc_chip_175x_6x\Debug\liblpc_chip_175x_6x.a(clock_17xx_40xx.o)
                              D:\Facultad\Digitales II\Repositorio MCU\lpc_chip_175x_6x\Debug\liblpc_chip_175x_6x.a(chip_17xx_40xx.o) (Chip_Clock_EnablePLL)
D:\Facultad\Digitales II\Repositorio MCU\lpc_chip_175x_6x\Debug\liblpc_chip_175x_6x.a(iocon_17xx_40xx.o)
                              ./Example/src/SD.o (Chip_IOCON_PinMux)
D:\Facultad\Digitales II\Repositorio MCU\lpc_chip_175x_6x\Debug\liblpc_chip_175x_6x.a(sysinit_17xx_40xx.o)
                              ./Example/src/sysinit.o (Chip_SystemInit)
c:/nxp/mcuxpressoide_10.1.1_606/ide/tools/bin/../lib/gcc/arm-none-eabi/6.3.1/../../../../arm-none-eabi/lib/thumb/v7-m\libcr_semihost.a(_cr__main.o)
                              ./Example/src/cr_startup_lpc175x_6x.o (__main)
c:/nxp/mcuxpressoide_10.1.1_606/ide/tools/bin/../lib/gcc/arm-none-eabi/6.3.1/../../../../arm-none-eabi/lib/thumb/v7-m\libcr_c.a(memcpy.o)
                              ./freeRTOS/src/queue.o (memcpy)
c:/nxp/mcuxpressoide_10.1.1_606/ide/tools/bin/../lib/gcc/arm-none-eabi/6.3.1/../../../../arm-none-eabi/lib/thumb/v7-m\libcr_c.a(memset.o)
                              ./freeRTOS/src/tasks.o (memset)
c:/nxp/mcuxpressoide_10.1.1_606/ide/tools/bin/../lib/gcc/arm-none-eabi/6.3.1/../../../../arm-none-eabi/lib/thumb/v7-m\libcr_c.a(alloc.o)
                              ./freeRTOS/src/heap_3.o (malloc)
c:/nxp/mcuxpressoide_10.1.1_606/ide/tools/bin/../lib/gcc/arm-none-eabi/6.3.1/../../../../arm-none-eabi/lib/thumb/v7-m\libcr_c.a(fpprintf.o)
                              ./Example/src/SD.o (printf)
c:/nxp/mcuxpressoide_10.1.1_606/ide/tools/bin/../lib/gcc/arm-none-eabi/6.3.1/../../../../arm-none-eabi/lib/thumb/v7-m\libcr_c.a(initio.o)
                              c:/nxp/mcuxpressoide_10.1.1_606/ide/tools/bin/../lib/gcc/arm-none-eabi/6.3.1/../../../../arm-none-eabi/lib/thumb/v7-m\libcr_semihost.a(_cr__main.o) (_initio)
c:/nxp/mcuxpressoide_10.1.1_606/ide/tools/bin/../lib/gcc/arm-none-eabi/6.3.1/../../../../arm-none-eabi/lib/thumb/v7-m\libcr_c.a(printf.o)
                              c:/nxp/mcuxpressoide_10.1.1_606/ide/tools/bin/../lib/gcc/arm-none-eabi/6.3.1/../../../../arm-none-eabi/lib/thumb/v7-m\libcr_c.a(fpprintf.o) (__vfprintf)
c:/nxp/mcuxpressoide_10.1.1_606/ide/tools/bin/../lib/gcc/arm-none-eabi/6.3.1/../../../../arm-none-eabi/lib/thumb/v7-m\libcr_c.a(setvbuf.o)
                              c:/nxp/mcuxpressoide_10.1.1_606/ide/tools/bin/../lib/gcc/arm-none-eabi/6.3.1/../../../../arm-none-eabi/lib/thumb/v7-m\libcr_c.a(initio.o) (setvbuf)
c:/nxp/mcuxpressoide_10.1.1_606/ide/tools/bin/../lib/gcc/arm-none-eabi/6.3.1/../../../../arm-none-eabi/lib/thumb/v7-m\libcr_c.a(strcmp.o)
                              ./Example/src/fat32.o (strcmp)
c:/nxp/mcuxpressoide_10.1.1_606/ide/tools/bin/../lib/gcc/arm-none-eabi/6.3.1/../../../../arm-none-eabi/lib/thumb/v7-m\libcr_c.a(strcpy.o)
                              ./Example/src/fat32.o (strcpy)
c:/nxp/mcuxpressoide_10.1.1_606/ide/tools/bin/../lib/gcc/arm-none-eabi/6.3.1/../../../../arm-none-eabi/lib/thumb/v7-m\libcr_c.a(strlen.o)
                              c:/nxp/mcuxpressoide_10.1.1_606/ide/tools/bin/../lib/gcc/arm-none-eabi/6.3.1/../../../../arm-none-eabi/lib/thumb/v7-m\libcr_c.a(printf.o) (strlen)
c:/nxp/mcuxpressoide_10.1.1_606/ide/tools/bin/../lib/gcc/arm-none-eabi/6.3.1/../../../../arm-none-eabi/lib/thumb/v7-m\libcr_c.a(__init_alloc.o)
                              c:/nxp/mcuxpressoide_10.1.1_606/ide/tools/bin/../lib/gcc/arm-none-eabi/6.3.1/../../../../arm-none-eabi/lib/thumb/v7-m\libcr_c.a(alloc.o) (__heaps)
c:/nxp/mcuxpressoide_10.1.1_606/ide/tools/bin/../lib/gcc/arm-none-eabi/6.3.1/../../../../arm-none-eabi/lib/thumb/v7-m\libcr_c.a(_cr_sbrk.o)
                              c:/nxp/mcuxpressoide_10.1.1_606/ide/tools/bin/../lib/gcc/arm-none-eabi/6.3.1/../../../../arm-none-eabi/lib/thumb/v7-m\libcr_c.a(alloc.o) (_sbrk)
c:/nxp/mcuxpressoide_10.1.1_606/ide/tools/bin/../lib/gcc/arm-none-eabi/6.3.1/../../../../arm-none-eabi/lib/thumb/v7-m\libcr_c.a(_deferredlazyseek.o)
                              c:/nxp/mcuxpressoide_10.1.1_606/ide/tools/bin/../lib/gcc/arm-none-eabi/6.3.1/../../../../arm-none-eabi/lib/thumb/v7-m\libcr_c.a(fpprintf.o) (__flsbuf)
c:/nxp/mcuxpressoide_10.1.1_606/ide/tools/bin/../lib/gcc/arm-none-eabi/6.3.1/../../../../arm-none-eabi/lib/thumb/v7-m\libcr_c.a(_fdopen.o)
                              c:/nxp/mcuxpressoide_10.1.1_606/ide/tools/bin/../lib/gcc/arm-none-eabi/6.3.1/../../../../arm-none-eabi/lib/thumb/v7-m\libcr_c.a(initio.o) (_fdopen)
[...]
Memory Configuration

Name             Origin             Length             Attributes
MFlash512        0x00000000         0x00080000         xr
RamLoc32         0x10000000         0x00008000         xrw
RamAHB32         0x2007c000         0x00008000         xrw
*default*        0x00000000         0xffffffff

Linker script and memory map

LOAD ./freeRTOS/src/FreeRTOSCommonHooks.o
LOAD ./freeRTOS/src/croutine.o
LOAD ./freeRTOS/src/event_groups.o
LOAD ./freeRTOS/src/heap_3.o
LOAD ./freeRTOS/src/list.o
LOAD ./freeRTOS/src/port.o
LOAD ./freeRTOS/src/queue.o
LOAD ./freeRTOS/src/tasks.o
LOAD ./freeRTOS/src/timers.o
LOAD ./Example/src/SD.o
LOAD ./Example/src/cr_startup_lpc175x_6x.o
LOAD ./Example/src/crp.o
LOAD ./Example/src/delay.o
LOAD ./Example/src/fat32.o
LOAD ./Example/src/gpio.o
LOAD ./Example/src/sdcard.o
LOAD ./Example/src/spi.o
LOAD ./Example/src/sysinit.o
LOAD ./Example/src/uart.o
LOAD D:\Facultad\Digitales II\Repositorio MCU\lpc_chip_175x_6x\Debug\liblpc_chip_175x_6x.a
START GROUP
LOAD c:/nxp/mcuxpressoide_10.1.1_606/ide/tools/bin/../lib/gcc/arm-none-eabi/6.3.1/../../../../arm-none-eabi/lib/thumb/v7-m\libcr_semihost.a
LOAD c:/nxp/mcuxpressoide_10.1.1_606/ide/tools/bin/../lib/gcc/arm-none-eabi/6.3.1/../../../../arm-none-eabi/lib/thumb/v7-m\libcr_c.a
LOAD c:/nxp/mcuxpressoide_10.1.1_606/ide/tools/bin/../lib/gcc/arm-none-eabi/6.3.1/thumb/v7-m\libcr_eabihelpers.a
END GROUP
                0x00000000                __base_MFlash512 = 0x0
                0x00000000                __base_Flash = 0x0
                0x00080000                __top_MFlash512 = 0x80000
                0x00080000                __top_Flash = 0x80000
                0x10000000                __base_RamLoc32 = 0x10000000
                0x10000000                __base_RAM = 0x10000000
                0x10008000                __top_RamLoc32 = 0x10008000
                0x10008000                __top_RAM = 0x10008000
                0x2007c000                __base_RamAHB32 = 0x2007c000
                0x2007c000                __base_RAM2 = 0x2007c000
                0x20084000                __top_RamAHB32 = 0x20084000
                0x20084000                __top_RAM2 = 0x20084000

.text           0x00000000     0x64e4
 FILL mask 0xff
                0x00000000                __vectors_start__ = ABSOLUTE (.)
 *(.isr_vector)
 .isr_vector    0x00000000       0xcc ./Example/src/cr_startup_lpc175x_6x.o
                0x00000000                g_pfnVectors
                0x000000cc                . = ALIGN (0x4)
                0x000000cc                __section_table_start = .
                0x000000cc                __data_section_table = .
                0x000000cc        0x4 LONG 0x64e4 LOADADDR (.data)
                0x000000d0        0x4 LONG 0x10000000 ADDR (.data)
                0x000000d4        0x4 LONG 0x4 SIZEOF (.data)
                0x000000d8        0x4 LONG 0x64e4 LOADADDR (.data_RAM2)
                0x000000dc        0x4 LONG 0x2007c000 ADDR (.data_RAM2)
                0x000000e0        0x4 LONG 0x0 SIZEOF (.data_RAM2)
                0x000000e4                __data_section_table_end = .
                0x000000e4                __bss_section_table = .
                0x000000e4        0x4 LONG 0x10000004 ADDR (.bss)
                0x000000e8        0x4 LONG 0x9a4 SIZEOF (.bss)
                0x000000ec        0x4 LONG 0x2007c000 ADDR (.bss_RAM2)
                0x000000f0        0x4 LONG 0x0 SIZEOF (.bss_RAM2)
                0x000000f4                __bss_section_table_end = .
                0x000000f4                __section_table_end = .
 *(.after_vectors*)
 .after_vectors
                0x000000f4      0x12c ./Example/src/cr_startup_lpc175x_6x.o
                0x000000f4                data_init
                0x00000136                bss_init
                0x0000016c                ResetISR
                0x000001e4                NMI_Handler
                0x000001ea                HardFault_Handler
                0x000001f0                MemManage_Handler
                0x000001f6                BusFault_Handler
                0x000001fc                UsageFault_Handler
                0x00000208                DebugMon_Handler
                0x0000021a                UART1_IRQHandler
                0x0000021a                EINT3_IRQHandler
                0x0000021a                I2C1_IRQHandler
                0x0000021a                TIMER3_IRQHandler
                0x0000021a                UART0_IRQHandler
                0x0000021a                USBActivity_IRQHandler
                0x0000021a                CANActivity_IRQHandler
                0x0000021a                EINT2_IRQHandler
                0x0000021a                IntDefaultHandler
                0x0000021a                PLL0_IRQHandler
                0x0000021a                CAN_IRQHandler
                0x0000021a                I2C0_IRQHandler
                0x0000021a                SSP0_IRQHandler
                0x0000021a                I2S_IRQHandler
                0x0000021a                I2C2_IRQHandler
                0x0000021a                RTC_IRQHandler
                0x0000021a                TIMER0_IRQHandler
                0x0000021a                SPI_IRQHandler
                0x0000021a                RIT_IRQHandler
                0x0000021a                EINT1_IRQHandler
                0x0000021a                TIMER1_IRQHandler
                0x0000021a                UART2_IRQHandler
                0x0000021a                ADC_IRQHandler
                0x0000021a                SSP1_IRQHandler
                0x0000021a                USB_IRQHandler
                0x0000021a                BOD_IRQHandler
                0x0000021a                PWM1_IRQHandler
                0x0000021a                WDT_IRQHandler
                0x0000021a                QEI_IRQHandler
                0x0000021a                EINT0_IRQHandler
                0x0000021a                ETH_IRQHandler
                0x0000021a                PLL1_IRQHandler
                0x0000021a                DMA_IRQHandler
                0x0000021a                TIMER2_IRQHandler
                0x0000021a                UART3_IRQHandler
                0x0000021a                MCPWM_IRQHandler
 *(.text*)
 .text.vApplicationTickHook
                0x00000220        0xc ./freeRTOS/src/FreeRTOSCommonHooks.o
                0x00000220                vApplicationTickHook
 .text.pvPortMalloc
                0x0000022c       0x22 ./freeRTOS/src/heap_3.o
                0x0000022c                pvPortMalloc
 .text.vPortFree
                0x0000024e       0x24 ./freeRTOS/src/heap_3.o
                0x0000024e                vPortFree
 .text.vListInitialise
                0x00000272       0x3e ./freeRTOS/src/list.o
                0x00000272                vListInitialise
 .text.vListInitialiseItem
                0x000002b0       0x18 ./freeRTOS/src/list.o
                0x000002b0                vListInitialiseItem
 .text.vListInsertEnd
                0x000002c8       0x46 ./freeRTOS/src/list.o
                0x000002c8                vListInsertEnd
 .text.vListInsert
                0x0000030e       0x70 ./freeRTOS/src/list.o
                0x0000030e                vListInsert
 .text.uxListRemove
                0x0000037e       0x52 ./freeRTOS/src/list.o
                0x0000037e                uxListRemove
 .text.pxPortInitialiseStack
                0x000003d0       0x58 ./freeRTOS/src/port.o
                0x000003d0                pxPortInitialiseStack
 .text.prvTaskExitError
                0x00000428       0x1a ./freeRTOS/src/port.o
 *fill*         0x00000442        0xe ff
 .text.SVC_Handler
                0x00000450       0x28 ./freeRTOS/src/port.o
                0x00000450                SVC_Handler
 .text.prvPortStartFirstTask
                0x00000478       0x20 ./freeRTOS/src/port.o
 .text.xPortStartScheduler
                0x00000498       0x3c ./freeRTOS/src/port.o
                0x00000498                xPortStartScheduler
 .text.vPortEnterCritical
                0x000004d4       0x30 ./freeRTOS/src/port.o
                0x000004d4                vPortEnterCritical
 .text.vPortExitCritical
                0x00000504       0x30 ./freeRTOS/src/port.o
                0x00000504                vPortExitCritical
 *fill*         0x00000534        0xc ff
 .text.PendSV_Handler
                0x00000540       0x48 ./freeRTOS/src/port.o
                0x00000540                PendSV_Handler
 .text.SysTick_Handler
                0x00000588       0x40 ./freeRTOS/src/port.o
                0x00000588                SysTick_Handler
 .text.vPortSuppressTicksAndSleep
                0x000005c8      0x184 ./freeRTOS/src/port.o
                0x000005c8                vPortSuppressTicksAndSleep
 .text.vPortSetupTimerInterrupt
                0x0000074c       0x78 ./freeRTOS/src/port.o
                0x0000074c                vPortSetupTimerInterrupt
 .text.xQueueGenericReset
                0x000007c4       0xb4 ./freeRTOS/src/queue.o
                0x000007c4                xQueueGenericReset
 .text.xQueueGenericCreate
                0x00000878       0x58 ./freeRTOS/src/queue.o
                0x00000878                xQueueGenericCreate
 .text.prvInitialiseNewQueue
                0x000008d0       0x46 ./freeRTOS/src/queue.o
 *fill*         0x00000916        0x2 ff
 .text.xQueueGenericSend
                0x00000918      0x154 ./freeRTOS/src/queue.o
                0x00000918                xQueueGenericSend
 .text.xQueueGenericReceive
                0x00000a6c      0x1b0 ./freeRTOS/src/queue.o
                0x00000a6c                xQueueGenericReceive
 .text.prvCopyDataToQueue
                0x00000c1c       0xd4 ./freeRTOS/src/queue.o
 .text.prvCopyDataFromQueue
                0x00000cf0       0x4c ./freeRTOS/src/queue.o
 .text.prvUnlockQueue
                0x00000d3c       0xa4 ./freeRTOS/src/queue.o
 .text.prvIsQueueEmpty
                0x00000de0       0x2c ./freeRTOS/src/queue.o
 .text.prvIsQueueFull
                0x00000e0c       0x30 ./freeRTOS/src/queue.o
 .text.xTaskCreate
                0x00000e3c       0x82 ./freeRTOS/src/tasks.o
                0x00000e3c                xTaskCreate
 .text.prvInitialiseNewTask
                0x00000ebe       0xee ./freeRTOS/src/tasks.o
 .text.prvAddNewTaskToReadyList
                0x00000fac       0xdc ./freeRTOS/src/tasks.o
 .text.vTaskDelete
                0x00001088       0xfc ./freeRTOS/src/tasks.o
                0x00001088                vTaskDelete
 .text.vTaskDelay
                0x00001184       0x48 ./freeRTOS/src/tasks.o
                0x00001184                vTaskDelay
 .text.vTaskStartScheduler
                0x000011cc       0x6c ./freeRTOS/src/tasks.o
                0x000011cc                vTaskStartScheduler
 .text.vTaskSuspendAll
                0x00001238       0x1c ./freeRTOS/src/tasks.o
                0x00001238                vTaskSuspendAll
 .text.prvGetExpectedIdleTime
                0x00001254       0x74 ./freeRTOS/src/tasks.o
 .text.xTaskResumeAll
                0x000012c8      0x11c ./freeRTOS/src/tasks.o
                0x000012c8                xTaskResumeAll
 .text.vTaskStepTick
                0x000013e4       0x24 ./freeRTOS/src/tasks.o
                0x000013e4                vTaskStepTick
 .text.xTaskIncrementTick
                0x00001408      0x16c ./freeRTOS/src/tasks.o
                0x00001408                xTaskIncrementTick
 .text.vTaskSwitchContext
                0x00001574       0x8c ./freeRTOS/src/tasks.o
                0x00001574                vTaskSwitchContext
 .text.vTaskPlaceOnEventList
                0x00001600       0x2c ./freeRTOS/src/tasks.o
                0x00001600                vTaskPlaceOnEventList
 .text.xTaskRemoveFromEventList
                0x0000162c       0xac ./freeRTOS/src/tasks.o
                0x0000162c                xTaskRemoveFromEventList
 .text.vTaskSetTimeOutState
                0x000016d8       0x2c ./freeRTOS/src/tasks.o
                0x000016d8                vTaskSetTimeOutState
 .text.xTaskCheckForTimeOut
                0x00001704       0x88 ./freeRTOS/src/tasks.o
                0x00001704                xTaskCheckForTimeOut
 .text.vTaskMissedYield
                0x0000178c       0x18 ./freeRTOS/src/tasks.o
                0x0000178c                vTaskMissedYield
 .text.prvIdleTask
                0x000017a4       0x54 ./freeRTOS/src/tasks.o
 .text.eTaskConfirmSleepModeStatus
                0x000017f8       0x5c ./freeRTOS/src/tasks.o
                0x000017f8                eTaskConfirmSleepModeStatus
 .text.prvInitialiseTaskLists
                0x00001854       0x80 ./freeRTOS/src/tasks.o
 .text.prvCheckTasksWaitingTermination
                0x000018d4       0x78 ./freeRTOS/src/tasks.o
 .text.prvDeleteTCB
                0x0000194c       0x20 ./freeRTOS/src/tasks.o
 .text.prvResetNextTaskUnblockTime
                0x0000196c       0x48 ./freeRTOS/src/tasks.o
 .text.vTaskPriorityInherit
                0x000019b4       0xec ./freeRTOS/src/tasks.o
                0x000019b4                vTaskPriorityInherit
 .text.xTaskPriorityDisinherit
                0x00001aa0       0xc8 ./freeRTOS/src/tasks.o
                0x00001aa0                xTaskPriorityDisinherit
 .text.pvTaskIncrementMutexHeldCount
                0x00001b68       0x28 ./freeRTOS/src/tasks.o
                0x00001b68                pvTaskIncrementMutexHeldCount
 .text.prvAddCurrentTaskToDelayedList
                0x00001b90       0xcc ./freeRTOS/src/tasks.o
 .text.Chip_GPIO_Init
                0x00001c5c       0x16 ./Example/src/SD.o
 .text.Chip_GPIO_SetPinDIROutput
                0x00001c72       0x38 ./Example/src/SD.o
 .text.Chip_GPIO_SetPinDIRInput
                0x00001caa       0x3a ./Example/src/SD.o
 .text.Chip_GPIO_SetPinDIR
                0x00001ce4       0x42 ./Example/src/SD.o
 .text.Chip_GPIO_SetDir
                0x00001d26       0x34 ./Example/src/SD.o
 *fill*         0x00001d5a        0x2 ff
 .text.uC_StartUp
                0x00001d5c       0x38 ./Example/src/SD.o
                0x00001d5c                uC_StartUp
 .text.xTaskPruebaSD
                0x00001d94       0x70 ./Example/src/SD.o
 .text.vTaskInicSD
                0x00001e04       0x68 ./Example/src/SD.o
 .text.xTaskWriteSD
                0x00001e6c       0xb8 ./Example/src/SD.o
 .text.main     0x00001f24       0x88 ./Example/src/SD.o
                0x00001f24                main
 .text.FILE_Open
                0x00001fac      0x2f4 ./Example/src/fat32.o
                0x00001fac                FILE_Open
 .text.FILE_Close
                0x000022a0       0x20 ./Example/src/fat32.o
                0x000022a0                FILE_Close
 .text.FILE_PutCh
                0x000022c0      0x48c ./Example/src/fat32.o
                0x000022c0                FILE_PutCh
 .text.extract_DataBySize
                0x0000274c       0x4a ./Example/src/fat32.o
                0x0000274c                extract_DataBySize
 *fill*         0x00002796        0x2 ff
 .text.getBootSectorData
                0x00002798      0x180 ./Example/src/fat32.o
                0x00002798                getBootSectorData
 .text.getFirstSector
                0x00002918       0x2c ./Example/src/fat32.o
                0x00002918                getFirstSector
 .text.getSetNextCluster
                0x00002944       0xa0 ./Example/src/fat32.o
                0x00002944                getSetNextCluster
 .text.getSetFreeCluster
                0x000029e4       0xb0 ./Example/src/fat32.o
                0x000029e4                getSetFreeCluster
 .text.searchNextFreeCluster
                0x00002a94       0x9c ./Example/src/fat32.o
                0x00002a94                searchNextFreeCluster
 .text.convertFileName
                0x00002b30      0x142 ./Example/src/fat32.o
                0x00002b30                convertFileName
 *fill*         0x00002c72        0x2 ff
 .text.openFile
                0x00002c74      0x1a4 ./Example/src/fat32.o
                0x00002c74                openFile
 .text.freeMemoryUpdate
                0x00002e18       0x88 ./Example/src/fat32.o
                0x00002e18                freeMemoryUpdate
 .text.file_GetTime
                0x00002ea0       0x4a ./Example/src/fat32.o
                0x00002ea0                file_GetTime
 .text.file_GetDate
                0x00002eea       0x4a ./Example/src/fat32.o
                0x00002eea                file_GetDate
 .text.GPIO_PinFunction
                0x00002f34       0x86 ./Example/src/gpio.o
                0x00002f34                GPIO_PinFunction
 .text.GPIO_PinDirection
                0x00002fba       0x6a ./Example/src/gpio.o
                0x00002fba                GPIO_PinDirection
 .text.GPIO_PinWrite
                0x00003024       0x68 ./Example/src/gpio.o
                0x00003024                GPIO_PinWrite
 .text.SD_Init  0x0000308c       0x44 ./Example/src/sdcard.o
                0x0000308c                SD_Init
 .text.SD_sendCommand
                0x000030d0      0x10c ./Example/src/sdcard.o
                0x000030d0                SD_sendCommand
 .text.SD_readSingleBlock
                0x000031dc       0x96 ./Example/src/sdcard.o
                0x000031dc                SD_readSingleBlock
 .text.SD_writeSingleBlock
                0x00003272       0xf0 ./Example/src/sdcard.o
                0x00003272                SD_writeSingleBlock
 *fill*         0x00003362        0x2 ff
 .text.init_SdCard
                0x00003364      0x124 ./Example/src/sdcard.o
                0x00003364                init_SdCard
 .text.SPI_Init
                0x00003488       0x9c ./Example/src/spi.o
                0x00003488                SPI_Init
 .text.SPI_Write
                0x00003524       0x48 ./Example/src/spi.o
                0x00003524                SPI_Write
 .text.SPI_Read
                0x0000356c       0x40 ./Example/src/spi.o
                0x0000356c                SPI_Read
 .text.spi_GetPclk
                0x000035ac       0x6c ./Example/src/spi.o
 .text.SystemInit
                0x00003618       0x24 ./Example/src/sysinit.o
                0x00003618                SystemInit
 .text.SystemCoreClockUpdate
                0x0000363c       0x18 D:\Facultad\Digitales II\Repositorio MCU\lpc_chip_175x_6x\Debug\liblpc_chip_175x_6x.a(chip_17xx_40xx.o)
                0x0000363c                SystemCoreClockUpdate
 .text.Chip_Clock_IsMainPLLEnabled
                0x00003654       0x24 D:\Facultad\Digitales II\Repositorio MCU\lpc_chip_175x_6x\Debug\liblpc_chip_175x_6x.a(clock_17xx_40xx.o)
 .text.Chip_Clock_IsMainPLLConnected
                0x00003678       0x24 D:\Facultad\Digitales II\Repositorio MCU\lpc_chip_175x_6x\Debug\liblpc_chip_175x_6x.a(clock_17xx_40xx.o)
 .text.Chip_Clock_FeedPLL
                0x0000369c       0x34 D:\Facultad\Digitales II\Repositorio MCU\lpc_chip_175x_6x\Debug\liblpc_chip_175x_6x.a(clock_17xx_40xx.o)
 .text.Chip_Clock_GetMainPLLSource
                0x000036d0       0x20 D:\Facultad\Digitales II\Repositorio MCU\lpc_chip_175x_6x\Debug\liblpc_chip_175x_6x.a(clock_17xx_40xx.o)
 .text.Chip_Clock_GetMainOscRate
                0x000036f0       0x14 D:\Facultad\Digitales II\Repositorio MCU\lpc_chip_175x_6x\Debug\liblpc_chip_175x_6x.a(clock_17xx_40xx.o)
 .text.Chip_Clock_GetIntOscRate
                0x00003704       0x14 D:\Facultad\Digitales II\Repositorio MCU\lpc_chip_175x_6x\Debug\liblpc_chip_175x_6x.a(clock_17xx_40xx.o)
 .text.Chip_Clock_GetRTCOscRate
                0x00003718       0x14 D:\Facultad\Digitales II\Repositorio MCU\lpc_chip_175x_6x\Debug\liblpc_chip_175x_6x.a(clock_17xx_40xx.o)
 .text.Chip_Clock_GetMainPLLInClockRate
                0x0000372c        0xe D:\Facultad\Digitales II\Repositorio MCU\lpc_chip_175x_6x\Debug\liblpc_chip_175x_6x.a(clock_17xx_40xx.o)
 *fill*         0x0000373a        0x2 ff
 .text.Chip_Clock_EnablePLL
                0x0000373c       0x44 D:\Facultad\Digitales II\Repositorio MCU\lpc_chip_175x_6x\Debug\liblpc_chip_175x_6x.a(clock_17xx_40xx.o)
                0x0000373c                Chip_Clock_EnablePLL
 .text.Chip_Clock_DisablePLL
                0x00003780       0x48 D:\Facultad\Digitales II\Repositorio MCU\lpc_chip_175x_6x\Debug\liblpc_chip_175x_6x.a(clock_17xx_40xx.o)
                0x00003780                Chip_Clock_DisablePLL
 .text.Chip_Clock_SetupPLL
                0x000037c8       0x5c D:\Facultad\Digitales II\Repositorio MCU\lpc_chip_175x_6x\Debug\liblpc_chip_175x_6x.a(clock_17xx_40xx.o)
                0x000037c8                Chip_Clock_SetupPLL
 .text.Chip_Clock_EnablePeriphClock
                0x00003824       0x34 D:\Facultad\Digitales II\Repositorio MCU\lpc_chip_175x_6x\Debug\liblpc_chip_175x_6x.a(clock_17xx_40xx.o)
                0x00003824                Chip_Clock_EnablePeriphClock
 .text.Chip_Clock_GetCPUClockSource
                0x00003858       0x24 D:\Facultad\Digitales II\Repositorio MCU\lpc_chip_175x_6x\Debug\liblpc_chip_175x_6x.a(clock_17xx_40xx.o)
                0x00003858                Chip_Clock_GetCPUClockSource
 .text.Chip_Clock_SetCPUClockDiv
                0x0000387c       0x20 D:\Facultad\Digitales II\Repositorio MCU\lpc_chip_175x_6x\Debug\liblpc_chip_175x_6x.a(clock_17xx_40xx.o)
                0x0000387c                Chip_Clock_SetCPUClockDiv
 .text.Chip_Clock_GetCPUClockDiv
                0x0000389c       0x1c D:\Facultad\Digitales II\Repositorio MCU\lpc_chip_175x_6x\Debug\liblpc_chip_175x_6x.a(clock_17xx_40xx.o)
                0x0000389c                Chip_Clock_GetCPUClockDiv
 .text.Chip_Clock_GetSYSCLKRate
                0x000038b8       0x34 D:\Facultad\Digitales II\Repositorio MCU\lpc_chip_175x_6x\Debug\liblpc_chip_175x_6x.a(clock_17xx_40xx.o)
                0x000038b8                Chip_Clock_GetSYSCLKRate
 .text.Chip_Clock_GetMainPLLOutClockRate
                0x000038ec       0x54 D:\Facultad\Digitales II\Repositorio MCU\lpc_chip_175x_6x\Debug\liblpc_chip_175x_6x.a(clock_17xx_40xx.o)
                0x000038ec                Chip_Clock_GetMainPLLOutClockRate
 .text.Chip_Clock_GetMainClockRate
                0x00003940       0x28 D:\Facultad\Digitales II\Repositorio MCU\lpc_chip_175x_6x\Debug\liblpc_chip_175x_6x.a(clock_17xx_40xx.o)
                0x00003940                Chip_Clock_GetMainClockRate
 .text.Chip_Clock_GetSystemClockRate
                0x00003968       0x18 D:\Facultad\Digitales II\Repositorio MCU\lpc_chip_175x_6x\Debug\liblpc_chip_175x_6x.a(clock_17xx_40xx.o)
                0x00003968                Chip_Clock_GetSystemClockRate
 .text.Chip_IOCON_PinMux
                0x00003980       0x92 D:\Facultad\Digitales II\Repositorio MCU\lpc_chip_175x_6x\Debug\liblpc_chip_175x_6x.a(iocon_17xx_40xx.o)
                0x00003980                Chip_IOCON_PinMux
 *fill*         0x00003a12        0x2 ff
 .text.Chip_Clock_IsMainPLLEnabled
                0x00003a14       0x24 D:\Facultad\Digitales II\Repositorio MCU\lpc_chip_175x_6x\Debug\liblpc_chip_175x_6x.a(sysinit_17xx_40xx.o)
 .text.Chip_Clock_IsMainPLLLocked
                0x00003a38       0x24 D:\Facultad\Digitales II\Repositorio MCU\lpc_chip_175x_6x\Debug\liblpc_chip_175x_6x.a(sysinit_17xx_40xx.o)
 .text.Chip_Clock_IsMainPLLConnected
                0x00003a5c       0x24 D:\Facultad\Digitales II\Repositorio MCU\lpc_chip_175x_6x\Debug\liblpc_chip_175x_6x.a(sysinit_17xx_40xx.o)
 .text.Chip_Clock_EnableCrystal
                0x00003a80       0x20 D:\Facultad\Digitales II\Repositorio MCU\lpc_chip_175x_6x\Debug\liblpc_chip_175x_6x.a(sysinit_17xx_40xx.o)
 .text.Chip_Clock_IsCrystalEnabled
                0x00003aa0       0x24 D:\Facultad\Digitales II\Repositorio MCU\lpc_chip_175x_6x\Debug\liblpc_chip_175x_6x.a(sysinit_17xx_40xx.o)
 .text.Chip_Clock_SetMainPLLSource
                0x00003ac4       0x20 D:\Facultad\Digitales II\Repositorio MCU\lpc_chip_175x_6x\Debug\liblpc_chip_175x_6x.a(sysinit_17xx_40xx.o)
 .text.Chip_SetupXtalClocking
                0x00003ae4       0x90 D:\Facultad\Digitales II\Repositorio MCU\lpc_chip_175x_6x\Debug\liblpc_chip_175x_6x.a(sysinit_17xx_40xx.o)
                0x00003ae4                Chip_SetupXtalClocking
 .text.Chip_SystemInit
                0x00003b74        0xc D:\Facultad\Digitales II\Repositorio MCU\lpc_chip_175x_6x\Debug\liblpc_chip_175x_6x.a(sysinit_17xx_40xx.o)
                0x00003b74                Chip_SystemInit
 .text.__main   0x00003b80        0xe c:/nxp/mcuxpressoide_10.1.1_606/ide/tools/bin/../lib/gcc/arm-none-eabi/6.3.1/../../../../arm-none-eabi/lib/thumb/v7-m\libcr_semihost.a(_cr__main.o)
                0x00003b80                __CR_SEMIHOST
                0x00003b80                __main
 .text.memcpy   0x00003b8e        0x4 c:/nxp/mcuxpressoide_10.1.1_606/ide/tools/bin/../lib/gcc/arm-none-eabi/6.3.1/../../../../arm-none-eabi/lib/thumb/v7-m\libcr_c.a(memcpy.o)
                0x00003b8e                memcpy
 .text.memset   0x00003b92        0x4 c:/nxp/mcuxpressoide_10.1.1_606/ide/tools/bin/../lib/gcc/arm-none-eabi/6.3.1/../../../../arm-none-eabi/lib/thumb/v7-m\libcr_c.a(memset.o)
                0x00003b92                memset
 *fill*         0x00003b96        0x2 ff
 .text.malloc   0x00003b98       0xc4 c:/nxp/mcuxpressoide_10.1.1_606/ide/tools/bin/../lib/gcc/arm-none-eabi/6.3.1/../../../../arm-none-eabi/lib/thumb/v7-m\libcr_c.a(alloc.o)
                0x00003b98                malloc
 .text.free     0x00003c5c       0x30 c:/nxp/mcuxpressoide_10.1.1_606/ide/tools/bin/../lib/gcc/arm-none-eabi/6.3.1/../../../../arm-none-eabi/lib/thumb/v7-m\libcr_c.a(alloc.o)
                0x00003c5c                free
 .text._Csys_alloc
                0x00003c8c       0x20 c:/nxp/mcuxpressoide_10.1.1_606/ide/tools/bin/../lib/gcc/arm-none-eabi/6.3.1/../../../../arm-none-eabi/lib/thumb/v7-m\libcr_c.a(alloc.o)
                0x00003c8c                _Csys_alloc
 .text.fp_round
                0x00003cac       0x4c c:/nxp/mcuxpressoide_10.1.1_606/ide/tools/bin/../lib/gcc/arm-none-eabi/6.3.1/../../../../arm-none-eabi/lib/thumb/v7-m\libcr_c.a(fpprintf.o)
 .text.pr_dec.constprop.1
                0x00003cf8       0x26 c:/nxp/mcuxpressoide_10.1.1_606/ide/tools/bin/../lib/gcc/arm-none-eabi/6.3.1/../../../../arm-none-eabi/lib/thumb/v7-m\libcr_c.a(fpprintf.o)
 *fill*         0x00003d1e        0x2 ff
 .text.sprintf  0x00003d20       0x6c c:/nxp/mcuxpressoide_10.1.1_606/ide/tools/bin/../lib/gcc/arm-none-eabi/6.3.1/../../../../arm-none-eabi/lib/thumb/v7-m\libcr_c.a(fpprintf.o)
                0x00003d20                sprintf
 *fill*         0x00003d8c        0x4 ff
 .text.fp_display
                0x00003d90      0x95c c:/nxp/mcuxpressoide_10.1.1_606/ide/tools/bin/../lib/gcc/arm-none-eabi/6.3.1/../../../../arm-none-eabi/lib/thumb/v7-m\libcr_c.a(fpprintf.o)
 .text.vsnprintf
                0x000046ec       0x5c c:/nxp/mcuxpressoide_10.1.1_606/ide/tools/bin/../lib/gcc/arm-none-eabi/6.3.1/../../../../arm-none-eabi/lib/thumb/v7-m\libcr_c.a(fpprintf.o)
                0x000046ec                vsnprintf
 .text.printf   0x00004748       0x54 c:/nxp/mcuxpressoide_10.1.1_606/ide/tools/bin/../lib/gcc/arm-none-eabi/6.3.1/../../../../arm-none-eabi/lib/thumb/v7-m\libcr_c.a(fpprintf.o)
                0x00004748                printf
 .text._initio  0x0000479c       0x78 c:/nxp/mcuxpressoide_10.1.1_606/ide/tools/bin/../lib/gcc/arm-none-eabi/6.3.1/../../../../arm-none-eabi/lib/thumb/v7-m\libcr_c.a(initio.o)
                0x0000479c                _initio
 .text.__vfprintf
                0x00004814      0xb68 c:/nxp/mcuxpressoide_10.1.1_606/ide/tools/bin/../lib/gcc/arm-none-eabi/6.3.1/../../../../arm-none-eabi/lib/thumb/v7-m\libcr_c.a(printf.o)
                0x00004814                __vfprintf
 .text.setvbuf  0x0000537c       0x40 c:/nxp/mcuxpressoide_10.1.1_606/ide/tools/bin/../lib/gcc/arm-none-eabi/6.3.1/../../../../arm-none-eabi/lib/thumb/v7-m\libcr_c.a(setvbuf.o)
                0x0000537c                setvbuf
 .text.strcpy   0x000053bc       0x42 c:/nxp/mcuxpressoide_10.1.1_606/ide/tools/bin/../lib/gcc/arm-none-eabi/6.3.1/../../../../arm-none-eabi/lib/thumb/v7-m\libcr_c.a(strcpy.o)
                0x000053bc                strcpy
 .text.strlen   0x000053fe       0x4a c:/nxp/mcuxpressoide_10.1.1_606/ide/tools/bin/../lib/gcc/arm-none-eabi/6.3.1/../../../../arm-none-eabi/lib/thumb/v7-m\libcr_c.a(strlen.o)
                0x000053fe                strlen
 .text._sbrk    0x00005448       0x3c c:/nxp/mcuxpressoide_10.1.1_606/ide/tools/bin/../lib/gcc/arm-none-eabi/6.3.1/../../../../arm-none-eabi/lib/thumb/v7-m\libcr_c.a(_cr_sbrk.o)
                0x00005448                _sbrk
 .text._deferredlazyseek
                0x00005484       0x40 c:/nxp/mcuxpressoide_10.1.1_606/ide/tools/bin/../lib/gcc/arm-none-eabi/6.3.1/../../../../arm-none-eabi/lib/thumb/v7-m\libcr_c.a(_deferredlazyseek.o)
                0x00005484                _deferredlazyseek
 .text.__flsbuf
                0x000054c4      0x148 c:/nxp/mcuxpressoide_10.1.1_606/ide/tools/bin/../lib/gcc/arm-none-eabi/6.3.1/../../../../arm-none-eabi/lib/thumb/v7-m\libcr_c.a(_deferredlazyseek.o)
                0x000054c4                __flsbuf
 .text._fdopen  0x0000560c       0x68 c:/nxp/mcuxpressoide_10.1.1_606/ide/tools/bin/../lib/gcc/arm-none-eabi/6.3.1/../../../../arm-none-eabi/lib/thumb/v7-m\libcr_c.a(_fdopen.o)
                0x0000560c                _fdopen
 .text._fflush  0x00005674       0x54 c:/nxp/mcuxpressoide_10.1.1_606/ide/tools/bin/../lib/gcc/arm-none-eabi/6.3.1/../../../../arm-none-eabi/lib/thumb/v7-m\libcr_c.a(_fflush.o)
                0x00005674                _fflush
 .text._frexpl  0x000056c8       0x58 c:/nxp/mcuxpressoide_10.1.1_606/ide/tools/bin/../lib/gcc/arm-none-eabi/6.3.1/../../../../arm-none-eabi/lib/thumb/v7-m\libcr_c.a(_frexpl.o)
                0x000056c8                _frexpl
 .text._ldexpl  0x00005720       0x4c c:/nxp/mcuxpressoide_10.1.1_606/ide/tools/bin/../lib/gcc/arm-none-eabi/6.3.1/../../../../arm-none-eabi/lib/thumb/v7-m\libcr_c.a(_ldexpl.o)
                0x00005720                _ldexpl
 .text._Cwritebuf
                0x0000576c       0x6c c:/nxp/mcuxpressoide_10.1.1_606/ide/tools/bin/../lib/gcc/arm-none-eabi/6.3.1/../../../../arm-none-eabi/lib/thumb/v7-m\libcr_c.a(_writebuf.o)
                0x0000576c                _Cwritebuf
 .text.fclose   0x000057d8       0x58 c:/nxp/mcuxpressoide_10.1.1_606/ide/tools/bin/../lib/gcc/arm-none-eabi/6.3.1/../../../../arm-none-eabi/lib/thumb/v7-m\libcr_c.a(fclose.o)
                0x000057d8                fclose
 .text.fflush   0x00005830       0x44 c:/nxp/mcuxpressoide_10.1.1_606/ide/tools/bin/../lib/gcc/arm-none-eabi/6.3.1/../../../../arm-none-eabi/lib/thumb/v7-m\libcr_c.a(fflush.o)
                0x00005830                fflush
 .text.fseek    0x00005874      0x100 c:/nxp/mcuxpressoide_10.1.1_606/ide/tools/bin/../lib/gcc/arm-none-eabi/6.3.1/../../../../arm-none-eabi/lib/thumb/v7-m\libcr_c.a(fseek.o)
                0x00005874                fseek
 .text.ftell    0x00005974       0x48 c:/nxp/mcuxpressoide_10.1.1_606/ide/tools/bin/../lib/gcc/arm-none-eabi/6.3.1/../../../../arm-none-eabi/lib/thumb/v7-m\libcr_c.a(ftell.o)
                0x00005974                ftell
 .text.remove   0x000059bc       0x14 c:/nxp/mcuxpressoide_10.1.1_606/ide/tools/bin/../lib/gcc/arm-none-eabi/6.3.1/../../../../arm-none-eabi/lib/thumb/v7-m\libcr_c.a(remove.o)
                0x000059bc                remove
 .text.__check_heap_overflow
                0x000059d0       0x18 c:/nxp/mcuxpressoide_10.1.1_606/ide/tools/bin/../lib/gcc/arm-none-eabi/6.3.1/../../../../arm-none-eabi/lib/thumb/v7-m\libcr_c.a(_cr_check_heap.o)
                0x000059d0                __check_heap_overflow
 .text._do_fflush
                0x000059e8       0x40 c:/nxp/mcuxpressoide_10.1.1_606/ide/tools/bin/../lib/gcc/arm-none-eabi/6.3.1/../../../../arm-none-eabi/lib/thumb/v7-m\libcr_c.a(_do_fflush.o)
                0x000059e8                _do_fflush
 .text.__aeabi_dmul
                0x00005a28      0x10c c:/nxp/mcuxpressoide_10.1.1_606/ide/tools/bin/../lib/gcc/arm-none-eabi/6.3.1/thumb/v7-m\libcr_eabihelpers.a(double.o)
                0x00005a28                __aeabi_dmul
 .text.__aeabi_ddiv
                0x00005b34      0x134 c:/nxp/mcuxpressoide_10.1.1_606/ide/tools/bin/../lib/gcc/arm-none-eabi/6.3.1/thumb/v7-m\libcr_eabihelpers.a(double.o)
                0x00005b34                __aeabi_ddiv
 .text.__aeabi_dsub
                0x00005c68      0x1dc c:/nxp/mcuxpressoide_10.1.1_606/ide/tools/bin/../lib/gcc/arm-none-eabi/6.3.1/thumb/v7-m\libcr_eabihelpers.a(double.o)
                0x00005c68                __aeabi_dsub
 .text.__aeabi_dadd
                0x00005e44      0x10c c:/nxp/mcuxpressoide_10.1.1_606/ide/tools/bin/../lib/gcc/arm-none-eabi/6.3.1/thumb/v7-m\libcr_eabihelpers.a(double.o)
                0x00005e44                __aeabi_dadd
 .text.__aeabi_d2iz
                0x00005f50       0x40 c:/nxp/mcuxpressoide_10.1.1_606/ide/tools/bin/../lib/gcc/arm-none-eabi/6.3.1/thumb/v7-m\libcr_eabihelpers.a(double.o)
                0x00005f50                __aeabi_d2iz
 .text.__bhs_ui2d
                0x00005f90       0x46 c:/nxp/mcuxpressoide_10.1.1_606/ide/tools/bin/../lib/gcc/arm-none-eabi/6.3.1/thumb/v7-m\libcr_eabihelpers.a(double.o)
                0x00005f90                __bhs_ui2d
 .text.__aeabi_i2d
                0x00005fd6       0x12 c:/nxp/mcuxpressoide_10.1.1_606/ide/tools/bin/../lib/gcc/arm-none-eabi/6.3.1/thumb/v7-m\libcr_eabihelpers.a(double.o)
                0x00005fd6                __aeabi_i2d
 .text.__aeabi_dcmpeq
                0x00005fe8       0x2c c:/nxp/mcuxpressoide_10.1.1_606/ide/tools/bin/../lib/gcc/arm-none-eabi/6.3.1/thumb/v7-m\libcr_eabihelpers.a(double.o)
                0x00005fe8                __aeabi_dcmpeq
 .text.__aeabi_dcmplt
                0x00006014       0x54 c:/nxp/mcuxpressoide_10.1.1_606/ide/tools/bin/../lib/gcc/arm-none-eabi/6.3.1/thumb/v7-m\libcr_eabihelpers.a(double.o)
                0x00006014                __aeabi_dcmplt
 .text.__aeabi_dcmple
                0x00006068       0x54 c:/nxp/mcuxpressoide_10.1.1_606/ide/tools/bin/../lib/gcc/arm-none-eabi/6.3.1/thumb/v7-m\libcr_eabihelpers.a(double.o)
                0x00006068                __aeabi_dcmple
 .text.__aeabi_dcmpge
                0x000060bc       0x54 c:/nxp/mcuxpressoide_10.1.1_606/ide/tools/bin/../lib/gcc/arm-none-eabi/6.3.1/thumb/v7-m\libcr_eabihelpers.a(double.o)
                0x000060bc                __aeabi_dcmpge
 .text.__aeabi_memcpy
                0x00006110       0x34 c:/nxp/mcuxpressoide_10.1.1_606/ide/tools/bin/../lib/gcc/arm-none-eabi/6.3.1/thumb/v7-m\libcr_eabihelpers.a(memcpy.o)
                0x00006110                __aeabi_memcpy
                0x0000611a                __aeabi_memcpy8
                0x0000611a                __aeabi_memcpy4
 .text.__aeabi_memset_lowlevel
                0x00006144       0x32 c:/nxp/mcuxpressoide_10.1.1_606/ide/tools/bin/../lib/gcc/arm-none-eabi/6.3.1/thumb/v7-m\libcr_eabihelpers.a(memcpy.o)
                0x00006144                __aeabi_lowlevel_memset
 *fill*         0x00006176        0x2 ff
 .text.__sys_appexit
                0x00006178        0xc c:/nxp/mcuxpressoide_10.1.1_606/ide/tools/bin/../lib/gcc/arm-none-eabi/6.3.1/../../../../arm-none-eabi/lib/thumb/v7-m\libcr_semihost.a(__sys_appexit.o)
                0x00006178                __sys_appexit
                0x00006178                __exit
 .text.__sys_close
                0x00006184        0xc c:/nxp/mcuxpressoide_10.1.1_606/ide/tools/bin/../lib/gcc/arm-none-eabi/6.3.1/../../../../arm-none-eabi/lib/thumb/v7-m\libcr_semihost.a(__sys_close.o)
                0x00006184                __sys_close
 .text.__sys_flen
                0x00006190        0xc c:/nxp/mcuxpressoide_10.1.1_606/ide/tools/bin/../lib/gcc/arm-none-eabi/6.3.1/../../../../arm-none-eabi/lib/thumb/v7-m\libcr_semihost.a(__sys_flen.o)
                0x00006190                __sys_flen
 .text.__sys_istty
                0x0000619c        0xc c:/nxp/mcuxpressoide_10.1.1_606/ide/tools/bin/../lib/gcc/arm-none-eabi/6.3.1/../../../../arm-none-eabi/lib/thumb/v7-m\libcr_semihost.a(__sys_istty.o)
                0x0000619c                __sys_istty
 .text.__sys_remove
                0x000061a8        0xc c:/nxp/mcuxpressoide_10.1.1_606/ide/tools/bin/../lib/gcc/arm-none-eabi/6.3.1/../../../../arm-none-eabi/lib/thumb/v7-m\libcr_semihost.a(__sys_remove.o)
                0x000061a8                __sys_remove
 .text.__sys_seek
                0x000061b4        0xc c:/nxp/mcuxpressoide_10.1.1_606/ide/tools/bin/../lib/gcc/arm-none-eabi/6.3.1/../../../../arm-none-eabi/lib/thumb/v7-m\libcr_semihost.a(__sys_seek.o)
                0x000061b4                __sys_seek
 .text.__sys_tmpnam
                0x000061c0        0xc c:/nxp/mcuxpressoide_10.1.1_606/ide/tools/bin/../lib/gcc/arm-none-eabi/6.3.1/../../../../arm-none-eabi/lib/thumb/v7-m\libcr_semihost.a(__sys_tmpnam.o)
                0x000061c0                __sys_tmpnam
 .text.__sys_write
                0x000061cc        0xc c:/nxp/mcuxpressoide_10.1.1_606/ide/tools/bin/../lib/gcc/arm-none-eabi/6.3.1/../../../../arm-none-eabi/lib/thumb/v7-m\libcr_semihost.a(__sys_write.o)
                0x000061cc                __sys_write
 *(.rodata .rodata.* .constdata .constdata.*)
 .rodata        0x000061d8        0x5 ./freeRTOS/src/tasks.o
 *fill*         0x000061dd        0x3 ff
 .rodata        0x000061e0       0xd8 ./Example/src/SD.o
 .rodata        0x000062b8      0x192 ./Example/src/fat32.o
 *fill*         0x0000644a        0x2 ff
 .rodata.OscRateIn
                0x0000644c        0x4 ./Example/src/sysinit.o
                0x0000644c                OscRateIn
 .rodata.RTCOscRateIn
                0x00006450        0x4 ./Example/src/sysinit.o
                0x00006450                RTCOscRateIn
 .rodata._Csys_alloc.str1.1
                0x00006454       0x18 c:/nxp/mcuxpressoide_10.1.1_606/ide/tools/bin/../lib/gcc/arm-none-eabi/6.3.1/../../../../arm-none-eabi/lib/thumb/v7-m\libcr_c.a(alloc.o)
 .rodata.fp_display.str1.1
                0x0000646c       0x34 c:/nxp/mcuxpressoide_10.1.1_606/ide/tools/bin/../lib/gcc/arm-none-eabi/6.3.1/../../../../arm-none-eabi/lib/thumb/v7-m\libcr_c.a(fpprintf.o)
                                 0x35 (size before relaxing)
 .rodata._initio.str1.1
                0x000064a0        0x4 c:/nxp/mcuxpressoide_10.1.1_606/ide/tools/bin/../lib/gcc/arm-none-eabi/6.3.1/../../../../arm-none-eabi/lib/thumb/v7-m\libcr_c.a(initio.o)
 .rodata.__vfprintf.str1.1
                0x000064a4       0x31 c:/nxp/mcuxpressoide_10.1.1_606/ide/tools/bin/../lib/gcc/arm-none-eabi/6.3.1/../../../../arm-none-eabi/lib/thumb/v7-m\libcr_c.a(printf.o)
                                 0x38 (size before relaxing)
 *fill*         0x000064d5        0x3 ff
 .rodata.__huge_vall
                0x000064d8        0x8 c:/nxp/mcuxpressoide_10.1.1_606/ide/tools/bin/../lib/gcc/arm-none-eabi/6.3.1/../../../../arm-none-eabi/lib/thumb/v7-m\libcr_c.a(_hugeval.o)
                0x000064d8                __huge_vall
 .rodata.__num_Ciob_streams
                0x000064e0        0x4 c:/nxp/mcuxpressoide_10.1.1_606/ide/tools/bin/../lib/gcc/arm-none-eabi/6.3.1/../../../../arm-none-eabi/lib/thumb/v7-m\libcr_semihost.a(__ciob.o)
                0x000064e0                __num_Ciob_streams
                0x000064e4                . = ALIGN (0x4)

.glue_7         0x000064e4        0x0
 .glue_7        0x000064e4        0x0 linker stubs

.glue_7t        0x000064e4        0x0
 .glue_7t       0x000064e4        0x0 linker stubs

.vfp11_veneer   0x000064e4        0x0
 .vfp11_veneer  0x000064e4        0x0 linker stubs

.v4_bx          0x000064e4        0x0
 .v4_bx         0x000064e4        0x0 linker stubs

.iplt           0x000064e4        0x0
 .iplt          0x000064e4        0x0 ./freeRTOS/src/FreeRTOSCommonHooks.o

.rel.dyn        0x000064e4        0x0
 .rel.iplt      0x000064e4        0x0 ./freeRTOS/src/FreeRTOSCommonHooks.o

.ARM.extab
 *(.ARM.extab* .gnu.linkonce.armextab.*)
                0x000064e4                __exidx_start = .

.ARM.exidx
 *(.ARM.exidx* .gnu.linkonce.armexidx.*)
                0x000064e4                __exidx_end = .
                0x000064e4                _etext = .

.data_RAM2      0x2007c000        0x0 load address 0x000064e4
 FILL mask 0xff
                [!provide]                PROVIDE (__start_data_RAM2, .)
 *(.ramfunc.$RAM2)
 *(.ramfunc.$RamAHB32)
 *(.data.$RAM2*)
 *(.data.$RamAHB32*)
                0x2007c000                . = ALIGN (0x4)
                [!provide]                PROVIDE (__end_data_RAM2, .)

.uninit_RESERVED
                0x10000000        0x0
 *(.bss.$RESERVED*)
                0x10000000                . = ALIGN (0x4)
                0x10000000                _end_uninit_RESERVED = .

.data           0x10000000        0x4 load address 0x000064e4
 FILL mask 0xff
                0x10000000                _data = .
 *(vtable)
 *(.ramfunc*)
 *(.data*)
 .data.uxCriticalNesting
                0x10000000        0x4 ./freeRTOS/src/port.o
                0x10000004                . = ALIGN (0x4)
                0x10000004                _edata = .

.igot.plt       0x10000004        0x0 load address 0x000064e8
 .igot.plt      0x10000004        0x0 ./freeRTOS/src/FreeRTOSCommonHooks.o

.bss_RAM2       0x2007c000        0x0
                [!provide]                PROVIDE (__start_bss_RAM2, .)
 *(.bss.$RAM2*)
 *(.bss.$RamAHB32*)
                0x2007c000                . = ALIGN ((. != 0x0)?0x4:0x1)
                [!provide]                PROVIDE (__end_bss_RAM2, .)

.bss            0x10000004      0x9a4
                0x10000004                _bss = .
 *(.bss*)
 .bss.ulTimerCountsForOneTick
                0x10000004        0x4 ./freeRTOS/src/port.o
 .bss.xMaximumPossibleSuppressedTicks
                0x10000008        0x4 ./freeRTOS/src/port.o
 .bss.ulStoppedTimerCompensation
                0x1000000c        0x4 ./freeRTOS/src/port.o
 .bss.pxCurrentTCB
                0x10000010        0x4 ./freeRTOS/src/tasks.o
                0x10000010                pxCurrentTCB
 .bss.pxReadyTasksLists
                0x10000014       0x64 ./freeRTOS/src/tasks.o
 .bss.xDelayedTaskList1
                0x10000078       0x14 ./freeRTOS/src/tasks.o
 .bss.xDelayedTaskList2
                0x1000008c       0x14 ./freeRTOS/src/tasks.o
 .bss.pxDelayedTaskList
                0x100000a0        0x4 ./freeRTOS/src/tasks.o
 .bss.pxOverflowDelayedTaskList
                0x100000a4        0x4 ./freeRTOS/src/tasks.o
 .bss.xPendingReadyList
                0x100000a8       0x14 ./freeRTOS/src/tasks.o
 .bss.xTasksWaitingTermination
                0x100000bc       0x14 ./freeRTOS/src/tasks.o
 .bss.uxDeletedTasksWaitingCleanUp
                0x100000d0        0x4 ./freeRTOS/src/tasks.o
 .bss.xSuspendedTaskList
                0x100000d4       0x14 ./freeRTOS/src/tasks.o
 .bss.uxCurrentNumberOfTasks
                0x100000e8        0x4 ./freeRTOS/src/tasks.o
 .bss.xTickCount
                0x100000ec        0x4 ./freeRTOS/src/tasks.o
 .bss.uxTopReadyPriority
                0x100000f0        0x4 ./freeRTOS/src/tasks.o
 .bss.xSchedulerRunning
                0x100000f4        0x4 ./freeRTOS/src/tasks.o
 .bss.uxPendedTicks
                0x100000f8        0x4 ./freeRTOS/src/tasks.o
 .bss.xYieldPending
                0x100000fc        0x4 ./freeRTOS/src/tasks.o
 .bss.xNumOfOverflows
                0x10000100        0x4 ./freeRTOS/src/tasks.o
 .bss.uxTaskNumber
                0x10000104        0x4 ./freeRTOS/src/tasks.o
 .bss.xNextTaskUnblockTime
                0x10000108        0x4 ./freeRTOS/src/tasks.o
 .bss.xIdleTaskHandle
                0x1000010c        0x4 ./freeRTOS/src/tasks.o
 .bss.uxSchedulerSuspended
                0x10000110        0x4 ./freeRTOS/src/tasks.o
 .bss.Cola_SD   0x10000114        0x4 ./Example/src/SD.o
                0x10000114                Cola_SD
 .bss.firstDataSector
                0x10000118        0x4 ./Example/src/fat32.o
                0x10000118                firstDataSector
 .bss.rootCluster
                0x1000011c        0x4 ./Example/src/fat32.o
                0x1000011c                rootCluster
 .bss.totalClusters
                0x10000120        0x4 ./Example/src/fat32.o
                0x10000120                totalClusters
 .bss.bytesPerSector
                0x10000124        0x2 ./Example/src/fat32.o
                0x10000124                bytesPerSector
 .bss.sectorPerCluster
                0x10000126        0x2 ./Example/src/fat32.o
                0x10000126                sectorPerCluster
 .bss.reservedSectorCount
                0x10000128        0x2 ./Example/src/fat32.o
                0x10000128                reservedSectorCount
 *fill*         0x1000012a        0x2 
 .bss.unusedSectors
                0x1000012c        0x4 ./Example/src/fat32.o
                0x1000012c                unusedSectors
 .bss.freeClusterCountUpdated
                0x10000130        0x1 ./Example/src/fat32.o
                0x10000130                freeClusterCountUpdated
 *fill*         0x10000131        0x3 
 .bss.fatMappingTable
                0x10000134      0x480 ./Example/src/fat32.o
                0x10000134                fatMappingTable
 .bss.GlobalBuffer
                0x100005b4      0x200 ./Example/src/fat32.o
                0x100005b4                GlobalBuffer
 .bss.V_SdHighcapacityFlag_u8
                0x100007b4        0x1 ./Example/src/sdcard.o
                0x100007b4                V_SdHighcapacityFlag_u8
 .bss.dummy_u8  0x100007b5        0x1 ./Example/src/spi.o
                0x100007b5                dummy_u8
 *fill*         0x100007b6        0x2 
 .bss.__end_of_heap
                0x100007b8        0x4 c:/nxp/mcuxpressoide_10.1.1_606/ide/tools/bin/../lib/gcc/arm-none-eabi/6.3.1/../../../../arm-none-eabi/lib/thumb/v7-m\libcr_c.a(__init_alloc.o)
                0x100007b8                __end_of_heap
 .bss.__heaps   0x100007bc        0x4 c:/nxp/mcuxpressoide_10.1.1_606/ide/tools/bin/../lib/gcc/arm-none-eabi/6.3.1/../../../../arm-none-eabi/lib/thumb/v7-m\libcr_c.a(__init_alloc.o)
                0x100007bc                __heaps
 .bss.errno     0x100007c0        0x4 c:/nxp/mcuxpressoide_10.1.1_606/ide/tools/bin/../lib/gcc/arm-none-eabi/6.3.1/../../../../arm-none-eabi/lib/thumb/v7-m\libcr_c.a(errno.o)
                0x100007c0                errno
 .bss.__Ciob    0x100007c4      0x1e0 c:/nxp/mcuxpressoide_10.1.1_606/ide/tools/bin/../lib/gcc/arm-none-eabi/6.3.1/../../../../arm-none-eabi/lib/thumb/v7-m\libcr_semihost.a(__ciob.o)
                0x100007c4                __Ciob
 *(COMMON)
 COMMON         0x100009a4        0x4 D:\Facultad\Digitales II\Repositorio MCU\lpc_chip_175x_6x\Debug\liblpc_chip_175x_6x.a(chip_17xx_40xx.o)
                0x100009a4                SystemCoreClock
                0x100009a8                . = ALIGN (0x4)
                0x100009a8                _ebss = .
                [!provide]                PROVIDE (end, .)

.noinit_RAM2    0x2007c000        0x0
 *(.noinit.$RAM2*)
 *(.noinit.$RamAHB32*)
                0x2007c000                . = ALIGN (0x4)

.noinit         0x100009a8        0x0
                0x100009a8                _noinit = .
 *(.noinit*)
                0x100009a8                . = ALIGN (0x4)
                0x100009a8                _end_noinit = .
                0x100009a8                PROVIDE (_pvHeapStart, DEFINED (__user_heap_base)?__user_heap_base:.)
                0x10008000                PROVIDE (_vStackTop, DEFINED (__user_stack_top)?__user_stack_top:(__top_RamLoc32 - 0x0))
                0xefff74de                PROVIDE (__valid_user_code_checksum, (0x0 - ((((((_vStackTop + (ResetISR + 0x1)) + (NMI_Handler + 0x1)) + (HardFault_Handler + 0x1)) + (DEFINED (MemManage_Handler)?MemManage_Handler:0x0 + 0x1)) + (DEFINED (BusFault_Handler)?BusFault_Handler:0x0 + 0x1)) + (DEFINED (UsageFault_Handler)?UsageFault_Handler:0x0 + 0x1))))
                0x00000000                _image_start = LOADADDR (.text)
                0x000064e8                _image_end = (LOADADDR (.data) + SIZEOF (.data))
                0x000064e8                _image_size = (_image_end - _image_start)
OUTPUT(PruebaSD.axf elf32-littlearm)

.debug_info     0x00000000     0x8206
 .debug_info    0x00000000      0x25e ./freeRTOS/src/FreeRTOSCommonHooks.o
 .debug_info    0x0000025e      0x132 ./freeRTOS/src/heap_3.o
 .debug_info    0x00000390      0x2d6 ./freeRTOS/src/list.o
 .debug_info    0x00000666      0x3e7 ./freeRTOS/src/port.o
 .debug_info    0x00000a4d      0xf58 ./freeRTOS/src/queue.o
 .debug_info    0x000019a5     0x19ae ./freeRTOS/src/tasks.o
 .debug_info    0x00003353      0x826 ./Example/src/SD.o
 .debug_info    0x00003b79      0x25c ./Example/src/cr_startup_lpc175x_6x.o
 .debug_info    0x00003dd5     0x1002 ./Example/src/fat32.o
 .debug_info    0x00004dd7      0xa7e ./Example/src/gpio.o
 .debug_info    0x00005855      0x6f5 ./Example/src/sdcard.o
 .debug_info    0x00005f4a      0x822 ./Example/src/spi.o
 .debug_info    0x0000676c      0x200 ./Example/src/sysinit.o
 .debug_info    0x0000696c      0x55a D:\Facultad\Digitales II\Repositorio MCU\lpc_chip_175x_6x\Debug\liblpc_chip_175x_6x.a(chip_17xx_40xx.o)
 .debug_info    0x00006ec6      0xba2 D:\Facultad\Digitales II\Repositorio MCU\lpc_chip_175x_6x\Debug\liblpc_chip_175x_6x.a(clock_17xx_40xx.o)
 .debug_info    0x00007a68      0x325 D:\Facultad\Digitales II\Repositorio MCU\lpc_chip_175x_6x\Debug\liblpc_chip_175x_6x.a(iocon_17xx_40xx.o)
 .debug_info    0x00007d8d      0x479 D:\Facultad\Digitales II\Repositorio MCU\lpc_chip_175x_6x\Debug\liblpc_chip_175x_6x.a(sysinit_17xx_40xx.o)

.debug_abbrev   0x00000000     0x1c5d
 .debug_abbrev  0x00000000      0x17b ./freeRTOS/src/FreeRTOSCommonHooks.o
 .debug_abbrev  0x0000017b       0xe2 ./freeRTOS/src/heap_3.o
 .debug_abbrev  0x0000025d      0x112 ./freeRTOS/src/list.o
 .debug_abbrev  0x0000036f      0x231 ./freeRTOS/src/port.o
 .debug_abbrev  0x000005a0      0x242 ./freeRTOS/src/queue.o
 .debug_abbrev  0x000007e2      0x2fc ./freeRTOS/src/tasks.o
 .debug_abbrev  0x00000ade      0x215 ./Example/src/SD.o
 .debug_abbrev  0x00000cf3      0x114 ./Example/src/cr_startup_lpc175x_6x.o
 .debug_abbrev  0x00000e07      0x22f ./Example/src/fat32.o
 .debug_abbrev  0x00001036      0x13c ./Example/src/gpio.o
 .debug_abbrev  0x00001172      0x165 ./Example/src/sdcard.o
 .debug_abbrev  0x000012d7      0x189 ./Example/src/spi.o
 .debug_abbrev  0x00001460       0xdb ./Example/src/sysinit.o
 .debug_abbrev  0x0000153b      0x14d D:\Facultad\Digitales II\Repositorio MCU\lpc_chip_175x_6x\Debug\liblpc_chip_175x_6x.a(chip_17xx_40xx.o)
 .debug_abbrev  0x00001688      0x301 D:\Facultad\Digitales II\Repositorio MCU\lpc_chip_175x_6x\Debug\liblpc_chip_175x_6x.a(clock_17xx_40xx.o)
 .debug_abbrev  0x00001989      0x14a D:\Facultad\Digitales II\Repositorio MCU\lpc_chip_175x_6x\Debug\liblpc_chip_175x_6x.a(iocon_17xx_40xx.o)
 .debug_abbrev  0x00001ad3      0x18a D:\Facultad\Digitales II\Repositorio MCU\lpc_chip_175x_6x\Debug\liblpc_chip_175x_6x.a(sysinit_17xx_40xx.o)

.debug_aranges  0x00000000      0x878
 .debug_aranges
                0x00000000       0x40 ./freeRTOS/src/FreeRTOSCommonHooks.o
 .debug_aranges
                0x00000040       0x28 ./freeRTOS/src/heap_3.o
 .debug_aranges
                0x00000068       0x40 ./freeRTOS/src/list.o
 .debug_aranges
                0x000000a8       0x78 ./freeRTOS/src/port.o
 .debug_aranges
                0x00000120      0x110 ./freeRTOS/src/queue.o
 .debug_aranges
                0x00000230      0x1e8 ./freeRTOS/src/tasks.o
 .debug_aranges
                0x00000418       0x68 ./Example/src/SD.o
 .debug_aranges
                0x00000480       0x80 ./Example/src/cr_startup_lpc175x_6x.o
 .debug_aranges
                0x00000500       0xb0 ./Example/src/fat32.o
 .debug_aranges
                0x000005b0       0x40 ./Example/src/gpio.o
 .debug_aranges
                0x000005f0       0x48 ./Example/src/sdcard.o
 .debug_aranges
                0x00000638       0x38 ./Example/src/spi.o
 .debug_aranges
                0x00000670       0x20 ./Example/src/sysinit.o
 .debug_aranges
                0x00000690       0x38 D:\Facultad\Digitales II\Repositorio MCU\lpc_chip_175x_6x\Debug\liblpc_chip_175x_6x.a(chip_17xx_40xx.o)
 .debug_aranges
                0x000006c8      0x120 D:\Facultad\Digitales II\Repositorio MCU\lpc_chip_175x_6x\Debug\liblpc_chip_175x_6x.a(clock_17xx_40xx.o)
 .debug_aranges
                0x000007e8       0x30 D:\Facultad\Digitales II\Repositorio MCU\lpc_chip_175x_6x\Debug\liblpc_chip_175x_6x.a(iocon_17xx_40xx.o)
 .debug_aranges
                0x00000818       0x60 D:\Facultad\Digitales II\Repositorio MCU\lpc_chip_175x_6x\Debug\liblpc_chip_175x_6x.a(sysinit_17xx_40xx.o)

.debug_ranges   0x00000000      0x768
 .debug_ranges  0x00000000       0x30 ./freeRTOS/src/FreeRTOSCommonHooks.o
 .debug_ranges  0x00000030       0x18 ./freeRTOS/src/heap_3.o
 .debug_ranges  0x00000048       0x30 ./freeRTOS/src/list.o
 .debug_ranges  0x00000078       0x68 ./freeRTOS/src/port.o
 .debug_ranges  0x000000e0      0x100 ./freeRTOS/src/queue.o
 .debug_ranges  0x000001e0      0x1d8 ./freeRTOS/src/tasks.o
 .debug_ranges  0x000003b8       0x58 ./Example/src/SD.o
 .debug_ranges  0x00000410       0x70 ./Example/src/cr_startup_lpc175x_6x.o
 .debug_ranges  0x00000480       0xa0 ./Example/src/fat32.o
 .debug_ranges  0x00000520       0x30 ./Example/src/gpio.o
 .debug_ranges  0x00000550       0x38 ./Example/src/sdcard.o
 .debug_ranges  0x00000588       0x28 ./Example/src/spi.o
 .debug_ranges  0x000005b0       0x10 ./Example/src/sysinit.o
 .debug_ranges  0x000005c0       0x28 D:\Facultad\Digitales II\Repositorio MCU\lpc_chip_175x_6x\Debug\liblpc_chip_175x_6x.a(chip_17xx_40xx.o)
 .debug_ranges  0x000005e8      0x110 D:\Facultad\Digitales II\Repositorio MCU\lpc_chip_175x_6x\Debug\liblpc_chip_175x_6x.a(clock_17xx_40xx.o)
 .debug_ranges  0x000006f8       0x20 D:\Facultad\Digitales II\Repositorio MCU\lpc_chip_175x_6x\Debug\liblpc_chip_175x_6x.a(iocon_17xx_40xx.o)
 .debug_ranges  0x00000718       0x50 D:\Facultad\Digitales II\Repositorio MCU\lpc_chip_175x_6x\Debug\liblpc_chip_175x_6x.a(sysinit_17xx_40xx.o)

.debug_macro    0x00000000     0x7084
 .debug_macro   0x00000000      0x24f ./freeRTOS/src/FreeRTOSCommonHooks.o
 .debug_macro   0x0000024f      0x8d4 ./freeRTOS/src/FreeRTOSCommonHooks.o
 .debug_macro   0x00000b23       0x10 ./freeRTOS/src/FreeRTOSCommonHooks.o
 .debug_macro   0x00000b33      0x12d ./freeRTOS/src/FreeRTOSCommonHooks.o
 .debug_macro   0x00000c60       0x16 ./freeRTOS/src/FreeRTOSCommonHooks.o
 .debug_macro   0x00000c76      0x5b2 ./freeRTOS/src/FreeRTOSCommonHooks.o
 .debug_macro   0x00001228       0xe8 ./freeRTOS/src/FreeRTOSCommonHooks.o
 .debug_macro   0x00001310      0x168 ./freeRTOS/src/FreeRTOSCommonHooks.o
 .debug_macro   0x00001478       0xe4 ./freeRTOS/src/FreeRTOSCommonHooks.o
 .debug_macro   0x0000155c       0x10 ./freeRTOS/src/FreeRTOSCommonHooks.o
 .debug_macro   0x0000156c       0x1f ./freeRTOS/src/FreeRTOSCommonHooks.o
 .debug_macro   0x0000158b      0x3f3 ./freeRTOS/src/FreeRTOSCommonHooks.o
 .debug_macro   0x0000197e       0xc0 ./freeRTOS/src/FreeRTOSCommonHooks.o
 .debug_macro   0x00001a3e       0x8c ./freeRTOS/src/FreeRTOSCommonHooks.o
 .debug_macro   0x00001aca       0x22 ./freeRTOS/src/FreeRTOSCommonHooks.o
 .debug_macro   0x00001aec       0x74 ./freeRTOS/src/FreeRTOSCommonHooks.o
 .debug_macro   0x00001b60       0x10 ./freeRTOS/src/FreeRTOSCommonHooks.o
 .debug_macro   0x00001b70       0x2d ./freeRTOS/src/FreeRTOSCommonHooks.o
 .debug_macro   0x00001b9d       0x3a ./freeRTOS/src/FreeRTOSCommonHooks.o
 .debug_macro   0x00001bd7       0x2d ./freeRTOS/src/FreeRTOSCommonHooks.o
 .debug_macro   0x00001c04      0xbb1 ./freeRTOS/src/FreeRTOSCommonHooks.o
 .debug_macro   0x000027b5      0x22c ./freeRTOS/src/FreeRTOSCommonHooks.o
 .debug_macro   0x000029e1       0x42 ./freeRTOS/src/FreeRTOSCommonHooks.o
 .debug_macro   0x00002a23       0x52 ./freeRTOS/src/FreeRTOSCommonHooks.o
 .debug_macro   0x00002a75       0x78 ./freeRTOS/src/FreeRTOSCommonHooks.o
 .debug_macro   0x00002aed       0x82 ./freeRTOS/src/FreeRTOSCommonHooks.o
 .debug_macro   0x00002b6f      0x48c ./freeRTOS/src/FreeRTOSCommonHooks.o
 .debug_macro   0x00002ffb       0x34 ./freeRTOS/src/FreeRTOSCommonHooks.o
 .debug_macro   0x0000302f      0x4c5 ./freeRTOS/src/FreeRTOSCommonHooks.o
 .debug_macro   0x000034f4      0x1b7 ./freeRTOS/src/FreeRTOSCommonHooks.o
 .debug_macro   0x000036ab       0x10 ./freeRTOS/src/FreeRTOSCommonHooks.o
 .debug_macro   0x000036bb      0x21b ./freeRTOS/src/FreeRTOSCommonHooks.o
 .debug_macro   0x000038d6      0x1b9 ./freeRTOS/src/FreeRTOSCommonHooks.o
 .debug_macro   0x00003a8f       0x40 ./freeRTOS/src/FreeRTOSCommonHooks.o
 .debug_macro   0x00003acf       0x22 ./freeRTOS/src/FreeRTOSCommonHooks.o
 .debug_macro   0x00003af1      0x162 ./freeRTOS/src/FreeRTOSCommonHooks.o
 .debug_macro   0x00003c53       0x94 ./freeRTOS/src/FreeRTOSCommonHooks.o
 .debug_macro   0x00003ce7       0xb8 ./freeRTOS/src/FreeRTOSCommonHooks.o
 .debug_macro   0x00003d9f       0x4c ./freeRTOS/src/FreeRTOSCommonHooks.o
 .debug_macro   0x00003deb       0x16 ./freeRTOS/src/FreeRTOSCommonHooks.o
 .debug_macro   0x00003e01      0x328 ./freeRTOS/src/FreeRTOSCommonHooks.o
 .debug_macro   0x00004129       0x49 ./freeRTOS/src/FreeRTOSCommonHooks.o
 .debug_macro   0x00004172       0x16 ./freeRTOS/src/FreeRTOSCommonHooks.o
 .debug_macro   0x00004188       0xca ./freeRTOS/src/FreeRTOSCommonHooks.o
 .debug_macro   0x00004252       0x11 ./freeRTOS/src/FreeRTOSCommonHooks.o
 .debug_macro   0x00004263       0xd4 ./freeRTOS/src/heap_3.o
 .debug_macro   0x00004337       0xb9 ./freeRTOS/src/list.o
 .debug_macro   0x000043f0      0x159 ./freeRTOS/src/port.o
 .debug_macro   0x00004549      0x122 ./freeRTOS/src/queue.o
 .debug_macro   0x0000466b       0x94 ./freeRTOS/src/queue.o
 .debug_macro   0x000046ff      0x185 ./freeRTOS/src/tasks.o
 .debug_macro   0x00004884       0x11 ./freeRTOS/src/tasks.o
 .debug_macro   0x00004895      0x2de ./Example/src/SD.o
 .debug_macro   0x00004b73       0x7b ./Example/src/SD.o
 .debug_macro   0x00004bee       0x18 ./Example/src/SD.o
 .debug_macro   0x00004c06       0x10 ./Example/src/SD.o
 .debug_macro   0x00004c16       0xe8 ./Example/src/SD.o
 .debug_macro   0x00004cfe       0x78 ./Example/src/SD.o
 .debug_macro   0x00004d76       0x82 ./Example/src/SD.o
 .debug_macro   0x00004df8      0x21d ./Example/src/SD.o
 .debug_macro   0x00005015      0x12a ./Example/src/SD.o
 .debug_macro   0x0000513f       0x5e ./Example/src/SD.o
 .debug_macro   0x0000519d       0xb2 ./Example/src/SD.o
 .debug_macro   0x0000524f       0x1d ./Example/src/cr_startup_lpc175x_6x.o
 .debug_macro   0x0000526c       0xd4 ./Example/src/fat32.o
 .debug_macro   0x00005340      0x217 ./Example/src/fat32.o
 .debug_macro   0x00005557       0x22 ./Example/src/fat32.o
 .debug_macro   0x00005579      0x170 ./Example/src/fat32.o
 .debug_macro   0x000056e9       0x94 ./Example/src/gpio.o
 .debug_macro   0x0000577d      0x224 ./Example/src/gpio.o
 .debug_macro   0x000059a1       0x1c ./Example/src/gpio.o
 .debug_macro   0x000059bd       0xc5 ./Example/src/sdcard.o
 .debug_macro   0x00005a82      0x21e ./Example/src/sdcard.o
 .debug_macro   0x00005ca0       0x58 ./Example/src/sdcard.o
 .debug_macro   0x00005cf8      0x130 ./Example/src/sdcard.o
 .debug_macro   0x00005e28       0x99 ./Example/src/spi.o
 .debug_macro   0x00005ec1      0x1cd ./Example/src/sysinit.o
 .debug_macro   0x0000608e      0x1cd D:\Facultad\Digitales II\Repositorio MCU\lpc_chip_175x_6x\Debug\liblpc_chip_175x_6x.a(chip_17xx_40xx.o)
 .debug_macro   0x0000625b      0x8c2 D:\Facultad\Digitales II\Repositorio MCU\lpc_chip_175x_6x\Debug\liblpc_chip_175x_6x.a(chip_17xx_40xx.o)
 .debug_macro   0x00006b1d      0x1cd D:\Facultad\Digitales II\Repositorio MCU\lpc_chip_175x_6x\Debug\liblpc_chip_175x_6x.a(clock_17xx_40xx.o)
 .debug_macro   0x00006cea      0x1cd D:\Facultad\Digitales II\Repositorio MCU\lpc_chip_175x_6x\Debug\liblpc_chip_175x_6x.a(iocon_17xx_40xx.o)
 .debug_macro   0x00006eb7      0x1cd D:\Facultad\Digitales II\Repositorio MCU\lpc_chip_175x_6x\Debug\liblpc_chip_175x_6x.a(sysinit_17xx_40xx.o)

.debug_line     0x00000000     0x4ce9
 .debug_line    0x00000000      0x576 ./freeRTOS/src/FreeRTOSCommonHooks.o
 .debug_line    0x00000576      0x213 ./freeRTOS/src/heap_3.o
 .debug_line    0x00000789      0x261 ./freeRTOS/src/list.o
 .debug_line    0x000009ea      0x33a ./freeRTOS/src/port.o
 .debug_line    0x00000d24      0x659 ./freeRTOS/src/queue.o
 .debug_line    0x0000137d      0xba4 ./freeRTOS/src/tasks.o
 .debug_line    0x00001f21      0x683 ./Example/src/SD.o
 .debug_line    0x000025a4       0xdb ./Example/src/cr_startup_lpc175x_6x.o
 .debug_line    0x0000267f      0x6c4 ./Example/src/fat32.o
 .debug_line    0x00002d43      0x24d ./Example/src/gpio.o
 .debug_line    0x00002f90      0x334 ./Example/src/sdcard.o
 .debug_line    0x000032c4      0x23b ./Example/src/spi.o
 .debug_line    0x000034ff      0x3fc ./Example/src/sysinit.o
 .debug_line    0x000038fb      0x444 D:\Facultad\Digitales II\Repositorio MCU\lpc_chip_175x_6x\Debug\liblpc_chip_175x_6x.a(chip_17xx_40xx.o)
 .debug_line    0x00003d3f      0x6c0 D:\Facultad\Digitales II\Repositorio MCU\lpc_chip_175x_6x\Debug\liblpc_chip_175x_6x.a(clock_17xx_40xx.o)
 .debug_line    0x000043ff      0x430 D:\Facultad\Digitales II\Repositorio MCU\lpc_chip_175x_6x\Debug\liblpc_chip_175x_6x.a(iocon_17xx_40xx.o)
 .debug_line    0x0000482f      0x4ba D:\Facultad\Digitales II\Repositorio MCU\lpc_chip_175x_6x\Debug\liblpc_chip_175x_6x.a(sysinit_17xx_40xx.o)

.debug_str      0x00000000    0x1cb13
 .debug_str     0x00000000    0x13a8e ./freeRTOS/src/FreeRTOSCommonHooks.o
                              0x13b8d (size before relaxing)
 .debug_str     0x00013a8e      0x103 ./freeRTOS/src/heap_3.o
                               0x7287 (size before relaxing)
 .debug_str     0x00013b91      0x139 ./freeRTOS/src/list.o
                               0x6d97 (size before relaxing)
 .debug_str     0x00013cca      0x75a ./freeRTOS/src/port.o
                               0x796a (size before relaxing)
 .debug_str     0x00014424      0xf75 ./freeRTOS/src/queue.o
                               0x8313 (size before relaxing)
 .debug_str     0x00015399     0x1b51 ./freeRTOS/src/tasks.o
                               0x9071 (size before relaxing)
 .debug_str     0x00016eea     0x23ba ./Example/src/SD.o
                              0x1668b (size before relaxing)
 .debug_str     0x000192a4      0x1b3 ./Example/src/cr_startup_lpc175x_6x.o
                               0x275b (size before relaxing)
 .debug_str     0x00019457     0x220c ./Example/src/fat32.o
                               0xb79a (size before relaxing)
 .debug_str     0x0001b663      0x67c ./Example/src/gpio.o
                               0xa70c (size before relaxing)
 .debug_str     0x0001bcdf       0xd2 ./Example/src/sdcard.o
                               0xb573 (size before relaxing)
 .debug_str     0x0001bdb1      0x1b7 ./Example/src/spi.o
                               0xa6ed (size before relaxing)
 .debug_str     0x0001bf68       0x23 ./Example/src/sysinit.o
                              0x1077d (size before relaxing)
 .debug_str     0x0001bf8b      0x1c9 D:\Facultad\Digitales II\Repositorio MCU\lpc_chip_175x_6x\Debug\liblpc_chip_175x_6x.a(chip_17xx_40xx.o)
                              0x10b90 (size before relaxing)
 .debug_str     0x0001c154      0x857 D:\Facultad\Digitales II\Repositorio MCU\lpc_chip_175x_6x\Debug\liblpc_chip_175x_6x.a(clock_17xx_40xx.o)
                              0x1120e (size before relaxing)
 .debug_str     0x0001c9ab       0xa4 D:\Facultad\Digitales II\Repositorio MCU\lpc_chip_175x_6x\Debug\liblpc_chip_175x_6x.a(iocon_17xx_40xx.o)
                              0x1068b (size before relaxing)
 .debug_str     0x0001ca4f       0xc4 D:\Facultad\Digitales II\Repositorio MCU\lpc_chip_175x_6x\Debug\liblpc_chip_175x_6x.a(sysinit_17xx_40xx.o)
                              0x10873 (size before relaxing)

.comment        0x00000000       0x7f
 .comment       0x00000000       0x7f ./freeRTOS/src/FreeRTOSCommonHooks.o
                                 0x80 (size before relaxing)
 .comment       0x0000007f       0x80 ./freeRTOS/src/heap_3.o
 .comment       0x0000007f       0x80 ./freeRTOS/src/list.o
 .comment       0x0000007f       0x80 ./freeRTOS/src/port.o
 .comment       0x0000007f       0x80 ./freeRTOS/src/queue.o
 .comment       0x0000007f       0x80 ./freeRTOS/src/tasks.o
 .comment       0x0000007f       0x80 ./Example/src/SD.o
 .comment       0x0000007f       0x80 ./Example/src/cr_startup_lpc175x_6x.o
 .comment       0x0000007f       0x80 ./Example/src/fat32.o
 .comment       0x0000007f       0x80 ./Example/src/gpio.o
 .comment       0x0000007f       0x80 ./Example/src/sdcard.o
 .comment       0x0000007f       0x80 ./Example/src/spi.o
 .comment       0x0000007f       0x80 ./Example/src/sysinit.o
 .comment       0x0000007f       0x80 D:\Facultad\Digitales II\Repositorio MCU\lpc_chip_175x_6x\Debug\liblpc_chip_175x_6x.a(chip_17xx_40xx.o)
 .comment       0x0000007f       0x80 D:\Facultad\Digitales II\Repositorio MCU\lpc_chip_175x_6x\Debug\liblpc_chip_175x_6x.a(clock_17xx_40xx.o)
 .comment       0x0000007f       0x80 D:\Facultad\Digitales II\Repositorio MCU\lpc_chip_175x_6x\Debug\liblpc_chip_175x_6x.a(iocon_17xx_40xx.o)
 .comment       0x0000007f       0x80 D:\Facultad\Digitales II\Repositorio MCU\lpc_chip_175x_6x\Debug\liblpc_chip_175x_6x.a(sysinit_17xx_40xx.o)
 .comment       0x0000007f       0x80 c:/nxp/mcuxpressoide_10.1.1_606/ide/tools/bin/../lib/gcc/arm-none-eabi/6.3.1/../../../../arm-none-eabi/lib/thumb/v7-m\libcr_semihost.a(_cr__main.o)
 .comment       0x0000007f       0x80 c:/nxp/mcuxpressoide_10.1.1_606/ide/tools/bin/../lib/gcc/arm-none-eabi/6.3.1/../../../../arm-none-eabi/lib/thumb/v7-m\libcr_c.a(memcpy.o)
 .comment       0x0000007f       0x80 c:/nxp/mcuxpressoide_10.1.1_606/ide/tools/bin/../lib/gcc/arm-none-eabi/6.3.1/../../../../arm-none-eabi/lib/thumb/v7-m\libcr_c.a(memset.o)
 .comment       0x0000007f       0x80 c:/nxp/mcuxpressoide_10.1.1_606/ide/tools/bin/../lib/gcc/arm-none-eabi/6.3.1/../../../../arm-none-eabi/lib/thumb/v7-m\libcr_c.a(alloc.o)
 .comment       0x0000007f       0x80 c:/nxp/mcuxpressoide_10.1.1_606/ide/tools/bin/../lib/gcc/arm-none-eabi/6.3.1/../../../../arm-none-eabi/lib/thumb/v7-m\libcr_c.a(fpprintf.o)
 .comment       0x0000007f       0x80 c:/nxp/mcuxpressoide_10.1.1_606/ide/tools/bin/../lib/gcc/arm-none-eabi/6.3.1/../../../../arm-none-eabi/lib/thumb/v7-m\libcr_c.a(initio.o)
 .comment       0x0000007f       0x80 c:/nxp/mcuxpressoide_10.1.1_606/ide/tools/bin/../lib/gcc/arm-none-eabi/6.3.1/../../../../arm-none-eabi/lib/thumb/v7-m\libcr_c.a(printf.o)
 .comment       0x0000007f       0x80 c:/nxp/mcuxpressoide_10.1.1_606/ide/tools/bin/../lib/gcc/arm-none-eabi/6.3.1/../../../../arm-none-eabi/lib/thumb/v7-m\libcr_c.a(setvbuf.o)
 .comment       0x0000007f       0x80 c:/nxp/mcuxpressoide_10.1.1_606/ide/tools/bin/../lib/gcc/arm-none-eabi/6.3.1/../../../../arm-none-eabi/lib/thumb/v7-m\libcr_c.a(strcpy.o)
 .comment       0x0000007f       0x80 c:/nxp/mcuxpressoide_10.1.1_606/ide/tools/bin/../lib/gcc/arm-none-eabi/6.3.1/../../../../arm-none-eabi/lib/thumb/v7-m\libcr_c.a(strlen.o)
 .comment       0x0000007f       0x80 c:/nxp/mcuxpressoide_10.1.1_606/ide/tools/bin/../lib/gcc/arm-none-eabi/6.3.1/../../../../arm-none-eabi/lib/thumb/v7-m\libcr_c.a(__init_alloc.o)
 .comment       0x0000007f       0x80 c:/nxp/mcuxpressoide_10.1.1_606/ide/tools/bin/../lib/gcc/arm-none-eabi/6.3.1/../../../../arm-none-eabi/lib/thumb/v7-m\libcr_c.a(_cr_sbrk.o)
 .comment       0x0000007f       0x80 c:/nxp/mcuxpressoide_10.1.1_606/ide/tools/bin/../lib/gcc/arm-none-eabi/6.3.1/../../../../arm-none-eabi/lib/thumb/v7-m\libcr_c.a(_deferredlazyseek.o)
 .comment       0x0000007f       0x80 c:/nxp/mcuxpressoide_10.1.1_606/ide/tools/bin/../lib/gcc/arm-none-eabi/6.3.1/../../../../arm-none-eabi/lib/thumb/v7-m\libcr_c.a(_fdopen.o)
 .comment       0x0000007f       0x80 c:/nxp/mcuxpressoide_10.1.1_606/ide/tools/bin/../lib/gcc/arm-none-eabi/6.3.1/../../../../arm-none-eabi/lib/thumb/v7-m\libcr_c.a(_fflush.o)
 .comment       0x0000007f       0x80 c:/nxp/mcuxpressoide_10.1.1_606/ide/tools/bin/../lib/gcc/arm-none-eabi/6.3.1/../../../../arm-none-eabi/lib/thumb/v7-m\libcr_c.a(_frexpl.o)
 .comment       0x0000007f       0x80 c:/nxp/mcuxpressoide_10.1.1_606/ide/tools/bin/../lib/gcc/arm-none-eabi/6.3.1/../../../../arm-none-eabi/lib/thumb/v7-m\libcr_c.a(_ldexpl.o)
 .comment       0x0000007f       0x80 c:/nxp/mcuxpressoide_10.1.1_606/ide/tools/bin/../lib/gcc/arm-none-eabi/6.3.1/../../../../arm-none-eabi/lib/thumb/v7-m\libcr_c.a(_writebuf.o)
 .comment       0x0000007f       0x80 c:/nxp/mcuxpressoide_10.1.1_606/ide/tools/bin/../lib/gcc/arm-none-eabi/6.3.1/../../../../arm-none-eabi/lib/thumb/v7-m\libcr_c.a(errno.o)
 .comment       0x0000007f       0x80 c:/nxp/mcuxpressoide_10.1.1_606/ide/tools/bin/../lib/gcc/arm-none-eabi/6.3.1/../../../../arm-none-eabi/lib/thumb/v7-m\libcr_c.a(fclose.o)
 .comment       0x0000007f       0x80 c:/nxp/mcuxpressoide_10.1.1_606/ide/tools/bin/../lib/gcc/arm-none-eabi/6.3.1/../../../../arm-none-eabi/lib/thumb/v7-m\libcr_c.a(fflush.o)
 .comment       0x0000007f       0x80 c:/nxp/mcuxpressoide_10.1.1_606/ide/tools/bin/../lib/gcc/arm-none-eabi/6.3.1/../../../../arm-none-eabi/lib/thumb/v7-m\libcr_c.a(fseek.o)
 .comment       0x0000007f       0x80 c:/nxp/mcuxpressoide_10.1.1_606/ide/tools/bin/../lib/gcc/arm-none-eabi/6.3.1/../../../../arm-none-eabi/lib/thumb/v7-m\libcr_c.a(ftell.o)
 .comment       0x0000007f       0x80 c:/nxp/mcuxpressoide_10.1.1_606/ide/tools/bin/../lib/gcc/arm-none-eabi/6.3.1/../../../../arm-none-eabi/lib/thumb/v7-m\libcr_c.a(remove.o)
 .comment       0x0000007f       0x80 c:/nxp/mcuxpressoide_10.1.1_606/ide/tools/bin/../lib/gcc/arm-none-eabi/6.3.1/../../../../arm-none-eabi/lib/thumb/v7-m\libcr_c.a(_cr_check_heap.o)
 .comment       0x0000007f       0x80 c:/nxp/mcuxpressoide_10.1.1_606/ide/tools/bin/../lib/gcc/arm-none-eabi/6.3.1/../../../../arm-none-eabi/lib/thumb/v7-m\libcr_c.a(_do_fflush.o)
 .comment       0x0000007f       0x80 c:/nxp/mcuxpressoide_10.1.1_606/ide/tools/bin/../lib/gcc/arm-none-eabi/6.3.1/../../../../arm-none-eabi/lib/thumb/v7-m\libcr_c.a(_hugeval.o)
 .comment       0x0000007f       0x80 c:/nxp/mcuxpressoide_10.1.1_606/ide/tools/bin/../lib/gcc/arm-none-eabi/6.3.1/thumb/v7-m\libcr_eabihelpers.a(double.o)
 .comment       0x0000007f       0x80 c:/nxp/mcuxpressoide_10.1.1_606/ide/tools/bin/../lib/gcc/arm-none-eabi/6.3.1/../../../../arm-none-eabi/lib/thumb/v7-m\libcr_semihost.a(__ciob.o)

.ARM.attributes
                0x00000000       0x31
 .ARM.attributes
                0x00000000       0x33 ./freeRTOS/src/FreeRTOSCommonHooks.o
 .ARM.attributes
                0x00000033       0x33 ./freeRTOS/src/heap_3.o
 .ARM.attributes
                0x00000066       0x33 ./freeRTOS/src/list.o
 .ARM.attributes
                0x00000099       0x33 ./freeRTOS/src/port.o
 .ARM.attributes
                0x000000cc       0x33 ./freeRTOS/src/queue.o
 .ARM.attributes
                0x000000ff       0x33 ./freeRTOS/src/tasks.o
 .ARM.attributes
                0x00000132       0x33 ./Example/src/SD.o
 .ARM.attributes
                0x00000165       0x33 ./Example/src/cr_startup_lpc175x_6x.o
 .ARM.attributes
                0x00000198       0x33 ./Example/src/fat32.o
 .ARM.attributes
                0x000001cb       0x33 ./Example/src/gpio.o
 .ARM.attributes
                0x000001fe       0x33 ./Example/src/sdcard.o
 .ARM.attributes
                0x00000231       0x33 ./Example/src/spi.o
 .ARM.attributes
                0x00000264       0x33 ./Example/src/sysinit.o
 .ARM.attributes
                0x00000297       0x33 D:\Facultad\Digitales II\Repositorio MCU\lpc_chip_175x_6x\Debug\liblpc_chip_175x_6x.a(chip_17xx_40xx.o)
 .ARM.attributes
                0x000002ca       0x33 D:\Facultad\Digitales II\Repositorio MCU\lpc_chip_175x_6x\Debug\liblpc_chip_175x_6x.a(clock_17xx_40xx.o)
 .ARM.attributes
                0x000002fd       0x33 D:\Facultad\Digitales II\Repositorio MCU\lpc_chip_175x_6x\Debug\liblpc_chip_175x_6x.a(iocon_17xx_40xx.o)
 .ARM.attributes
                0x00000330       0x33 D:\Facultad\Digitales II\Repositorio MCU\lpc_chip_175x_6x\Debug\liblpc_chip_175x_6x.a(sysinit_17xx_40xx.o)
 .ARM.attributes
                0x00000363       0x33 c:/nxp/mcuxpressoide_10.1.1_606/ide/tools/bin/../lib/gcc/arm-none-eabi/6.3.1/../../../../arm-none-eabi/lib/thumb/v7-m\libcr_semihost.a(_cr__main.o)
 .ARM.attributes
                0x00000396       0x33 c:/nxp/mcuxpressoide_10.1.1_606/ide/tools/bin/../lib/gcc/arm-none-eabi/6.3.1/../../../../arm-none-eabi/lib/thumb/v7-m\libcr_c.a(memcpy.o)
 .ARM.attributes
                0x000003c9       0x33 c:/nxp/mcuxpressoide_10.1.1_606/ide/tools/bin/../lib/gcc/arm-none-eabi/6.3.1/../../../../arm-none-eabi/lib/thumb/v7-m\libcr_c.a(memset.o)
 .ARM.attributes
                0x000003fc       0x33 c:/nxp/mcuxpressoide_10.1.1_606/ide/tools/bin/../lib/gcc/arm-none-eabi/6.3.1/../../../../arm-none-eabi/lib/thumb/v7-m\libcr_c.a(alloc.o)
 .ARM.attributes
                0x0000042f       0x33 c:/nxp/mcuxpressoide_10.1.1_606/ide/tools/bin/../lib/gcc/arm-none-eabi/6.3.1/../../../../arm-none-eabi/lib/thumb/v7-m\libcr_c.a(fpprintf.o)
 .ARM.attributes
                0x00000462       0x33 c:/nxp/mcuxpressoide_10.1.1_606/ide/tools/bin/../lib/gcc/arm-none-eabi/6.3.1/../../../../arm-none-eabi/lib/thumb/v7-m\libcr_c.a(initio.o)
 .ARM.attributes
                0x00000495       0x33 c:/nxp/mcuxpressoide_10.1.1_606/ide/tools/bin/../lib/gcc/arm-none-eabi/6.3.1/../../../../arm-none-eabi/lib/thumb/v7-m\libcr_c.a(printf.o)
 .ARM.attributes
                0x000004c8       0x33 c:/nxp/mcuxpressoide_10.1.1_606/ide/tools/bin/../lib/gcc/arm-none-eabi/6.3.1/../../../../arm-none-eabi/lib/thumb/v7-m\libcr_c.a(setvbuf.o)
 .ARM.attributes
                0x000004fb       0x33 c:/nxp/mcuxpressoide_10.1.1_606/ide/tools/bin/../lib/gcc/arm-none-eabi/6.3.1/../../../../arm-none-eabi/lib/thumb/v7-m\libcr_c.a(strcpy.o)
 .ARM.attributes
                0x0000052e       0x33 c:/nxp/mcuxpressoide_10.1.1_606/ide/tools/bin/../lib/gcc/arm-none-eabi/6.3.1/../../../../arm-none-eabi/lib/thumb/v7-m\libcr_c.a(strlen.o)
 .ARM.attributes
                0x00000561       0x33 c:/nxp/mcuxpressoide_10.1.1_606/ide/tools/bin/../lib/gcc/arm-none-eabi/6.3.1/../../../../arm-none-eabi/lib/thumb/v7-m\libcr_c.a(__init_alloc.o)
 .ARM.attributes
                0x00000594       0x33 c:/nxp/mcuxpressoide_10.1.1_606/ide/tools/bin/../lib/gcc/arm-none-eabi/6.3.1/../../../../arm-none-eabi/lib/thumb/v7-m\libcr_c.a(_cr_sbrk.o)
 .ARM.attributes
                0x000005c7       0x33 c:/nxp/mcuxpressoide_10.1.1_606/ide/tools/bin/../lib/gcc/arm-none-eabi/6.3.1/../../../../arm-none-eabi/lib/thumb/v7-m\libcr_c.a(_deferredlazyseek.o)
 .ARM.attributes
                0x000005fa       0x33 c:/nxp/mcuxpressoide_10.1.1_606/ide/tools/bin/../lib/gcc/arm-none-eabi/6.3.1/../../../../arm-none-eabi/lib/thumb/v7-m\libcr_c.a(_fdopen.o)
 .ARM.attributes
                0x0000062d       0x33 c:/nxp/mcuxpressoide_10.1.1_606/ide/tools/bin/../lib/gcc/arm-none-eabi/6.3.1/../../../../arm-none-eabi/lib/thumb/v7-m\libcr_c.a(_fflush.o)
 .ARM.attributes
                0x00000660       0x33 c:/nxp/mcuxpressoide_10.1.1_606/ide/tools/bin/../lib/gcc/arm-none-eabi/6.3.1/../../../../arm-none-eabi/lib/thumb/v7-m\libcr_c.a(_frexpl.o)
 .ARM.attributes
                0x00000693       0x33 c:/nxp/mcuxpressoide_10.1.1_606/ide/tools/bin/../lib/gcc/arm-none-eabi/6.3.1/../../../../arm-none-eabi/lib/thumb/v7-m\libcr_c.a(_ldexpl.o)
 .ARM.attributes
                0x000006c6       0x33 c:/nxp/mcuxpressoide_10.1.1_606/ide/tools/bin/../lib/gcc/arm-none-eabi/6.3.1/../../../../arm-none-eabi/lib/thumb/v7-m\libcr_c.a(_writebuf.o)
 .ARM.attributes
                0x000006f9       0x33 c:/nxp/mcuxpressoide_10.1.1_606/ide/tools/bin/../lib/gcc/arm-none-eabi/6.3.1/../../../../arm-none-eabi/lib/thumb/v7-m\libcr_c.a(errno.o)
 .ARM.attributes
                0x0000072c       0x33 c:/nxp/mcuxpressoide_10.1.1_606/ide/tools/bin/../lib/gcc/arm-none-eabi/6.3.1/../../../../arm-none-eabi/lib/thumb/v7-m\libcr_c.a(fclose.o)
 .ARM.attributes
                0x0000075f       0x33 c:/nxp/mcuxpressoide_10.1.1_606/ide/tools/bin/../lib/gcc/arm-none-eabi/6.3.1/../../../../arm-none-eabi/lib/thumb/v7-m\libcr_c.a(fflush.o)
 .ARM.attributes
                0x00000792       0x33 c:/nxp/mcuxpressoide_10.1.1_606/ide/tools/bin/../lib/gcc/arm-none-eabi/6.3.1/../../../../arm-none-eabi/lib/thumb/v7-m\libcr_c.a(fseek.o)
 .ARM.attributes
                0x000007c5       0x33 c:/nxp/mcuxpressoide_10.1.1_606/ide/tools/bin/../lib/gcc/arm-none-eabi/6.3.1/../../../../arm-none-eabi/lib/thumb/v7-m\libcr_c.a(ftell.o)
 .ARM.attributes
                0x000007f8       0x33 c:/nxp/mcuxpressoide_10.1.1_606/ide/tools/bin/../lib/gcc/arm-none-eabi/6.3.1/../../../../arm-none-eabi/lib/thumb/v7-m\libcr_c.a(remove.o)
 .ARM.attributes
                0x0000082b       0x33 c:/nxp/mcuxpressoide_10.1.1_606/ide/tools/bin/../lib/gcc/arm-none-eabi/6.3.1/../../../../arm-none-eabi/lib/thumb/v7-m\libcr_c.a(_cr_check_heap.o)
 .ARM.attributes
                0x0000085e       0x33 c:/nxp/mcuxpressoide_10.1.1_606/ide/tools/bin/../lib/gcc/arm-none-eabi/6.3.1/../../../../arm-none-eabi/lib/thumb/v7-m\libcr_c.a(_do_fflush.o)
 .ARM.attributes
                0x00000891       0x33 c:/nxp/mcuxpressoide_10.1.1_606/ide/tools/bin/../lib/gcc/arm-none-eabi/6.3.1/../../../../arm-none-eabi/lib/thumb/v7-m\libcr_c.a(_hugeval.o)
 .ARM.attributes
                0x000008c4       0x33 c:/nxp/mcuxpressoide_10.1.1_606/ide/tools/bin/../lib/gcc/arm-none-eabi/6.3.1/thumb/v7-m\libcr_eabihelpers.a(double.o)
 .ARM.attributes
                0x000008f7       0x21 c:/nxp/mcuxpressoide_10.1.1_606/ide/tools/bin/../lib/gcc/arm-none-eabi/6.3.1/thumb/v7-m\libcr_eabihelpers.a(memcpy.o)
 .ARM.attributes
                0x00000918       0x33 c:/nxp/mcuxpressoide_10.1.1_606/ide/tools/bin/../lib/gcc/arm-none-eabi/6.3.1/../../../../arm-none-eabi/lib/thumb/v7-m\libcr_semihost.a(__ciob.o)
 .ARM.attributes
                0x0000094b       0x21 c:/nxp/mcuxpressoide_10.1.1_606/ide/tools/bin/../lib/gcc/arm-none-eabi/6.3.1/../../../../arm-none-eabi/lib/thumb/v7-m\libcr_semihost.a(__sys_appexit.o)
 .ARM.attributes
                0x0000096c       0x21 c:/nxp/mcuxpressoide_10.1.1_606/ide/tools/bin/../lib/gcc/arm-none-eabi/6.3.1/../../../../arm-none-eabi/lib/thumb/v7-m\libcr_semihost.a(__sys_close.o)
 .ARM.attributes
                0x0000098d       0x21 c:/nxp/mcuxpressoide_10.1.1_606/ide/tools/bin/../lib/gcc/arm-none-eabi/6.3.1/../../../../arm-none-eabi/lib/thumb/v7-m\libcr_semihost.a(__sys_flen.o)
 .ARM.attributes
                0x000009ae       0x21 c:/nxp/mcuxpressoide_10.1.1_606/ide/tools/bin/../lib/gcc/arm-none-eabi/6.3.1/../../../../arm-none-eabi/lib/thumb/v7-m\libcr_semihost.a(__sys_istty.o)
 .ARM.attributes
                0x000009cf       0x21 c:/nxp/mcuxpressoide_10.1.1_606/ide/tools/bin/../lib/gcc/arm-none-eabi/6.3.1/../../../../arm-none-eabi/lib/thumb/v7-m\libcr_semihost.a(__sys_remove.o)
 .ARM.attributes
                0x000009f0       0x21 c:/nxp/mcuxpressoide_10.1.1_606/ide/tools/bin/../lib/gcc/arm-none-eabi/6.3.1/../../../../arm-none-eabi/lib/thumb/v7-m\libcr_semihost.a(__sys_seek.o)
 .ARM.attributes
                0x00000a11       0x21 c:/nxp/mcuxpressoide_10.1.1_606/ide/tools/bin/../lib/gcc/arm-none-eabi/6.3.1/../../../../arm-none-eabi/lib/thumb/v7-m\libcr_semihost.a(__sys_tmpnam.o)
 .ARM.attributes
                0x00000a32       0x21 c:/nxp/mcuxpressoide_10.1.1_606/ide/tools/bin/../lib/gcc/arm-none-eabi/6.3.1/../../../../arm-none-eabi/lib/thumb/v7-m\libcr_semihost.a(__sys_write.o)

.debug_frame    0x00000000     0x1f8c
 .debug_frame   0x00000000       0xb4 ./freeRTOS/src/FreeRTOSCommonHooks.o
 .debug_frame   0x000000b4       0x58 ./freeRTOS/src/heap_3.o
 .debug_frame   0x0000010c       0xd8 ./freeRTOS/src/list.o
 .debug_frame   0x000001e4      0x178 ./freeRTOS/src/port.o
 .debug_frame   0x0000035c      0x498 ./freeRTOS/src/queue.o
 .debug_frame   0x000007f4      0x864 ./freeRTOS/src/tasks.o
 .debug_frame   0x00001058      0x180 ./Example/src/SD.o
 .debug_frame   0x000011d8      0x170 ./Example/src/cr_startup_lpc175x_6x.o
 .debug_frame   0x00001348      0x2e0 ./Example/src/fat32.o
 .debug_frame   0x00001628       0xd8 ./Example/src/gpio.o
 .debug_frame   0x00001700       0xec ./Example/src/sdcard.o
 .debug_frame   0x000017ec       0xa8 ./Example/src/spi.o
 .debug_frame   0x00001894       0x34 ./Example/src/sysinit.o
 .debug_frame   0x000018c8       0x88 D:\Facultad\Digitales II\Repositorio MCU\lpc_chip_175x_6x\Debug\liblpc_chip_175x_6x.a(chip_17xx_40xx.o)
 .debug_frame   0x00001950      0x490 D:\Facultad\Digitales II\Repositorio MCU\lpc_chip_175x_6x\Debug\liblpc_chip_175x_6x.a(clock_17xx_40xx.o)
 .debug_frame   0x00001de0       0x80 D:\Facultad\Digitales II\Repositorio MCU\lpc_chip_175x_6x\Debug\liblpc_chip_175x_6x.a(iocon_17xx_40xx.o)
 .debug_frame   0x00001e60      0x12c D:\Facultad\Digitales II\Repositorio MCU\lpc_chip_175x_6x\Debug\liblpc_chip_175x_6x.a(sysinit_17xx_40xx.o)
